Archive member included to satisfy reference by file (symbol)

/opt/gcc-arm/bin/../lib/gcc/arm-none-eabi/10.3.1/../../../../arm-none-eabi/lib/thumb/v7e-m+fp/hard/libc.a(lib_a-errno.o)
                              /home/vlab/FreeRTOS_Work/STM32F4_Firmware/STM32F4-FreeRTOS_LED/build/syscalls.o (__errno)
/opt/gcc-arm/bin/../lib/gcc/arm-none-eabi/10.3.1/../../../../arm-none-eabi/lib/thumb/v7e-m+fp/hard/libc.a(lib_a-exit.o)
                              /opt/gcc-arm/bin/../lib/gcc/arm-none-eabi/10.3.1/../../../../arm-none-eabi/lib/thumb/v7e-m+fp/hard/crt0.o (exit)
/opt/gcc-arm/bin/../lib/gcc/arm-none-eabi/10.3.1/../../../../arm-none-eabi/lib/thumb/v7e-m+fp/hard/libc.a(lib_a-impure.o)
                              /opt/gcc-arm/bin/../lib/gcc/arm-none-eabi/10.3.1/../../../../arm-none-eabi/lib/thumb/v7e-m+fp/hard/libc.a(lib_a-exit.o) (_global_impure_ptr)
/opt/gcc-arm/bin/../lib/gcc/arm-none-eabi/10.3.1/../../../../arm-none-eabi/lib/thumb/v7e-m+fp/hard/libc.a(lib_a-init.o)
                              /opt/gcc-arm/bin/../lib/gcc/arm-none-eabi/10.3.1/../../../../arm-none-eabi/lib/thumb/v7e-m+fp/hard/crt0.o (__libc_init_array)
/opt/gcc-arm/bin/../lib/gcc/arm-none-eabi/10.3.1/../../../../arm-none-eabi/lib/thumb/v7e-m+fp/hard/libc.a(lib_a-memcpy.o)
                              /home/vlab/FreeRTOS_Work/STM32F4_Firmware/STM32F4-FreeRTOS_LED/build/queue.o (memcpy)
/opt/gcc-arm/bin/../lib/gcc/arm-none-eabi/10.3.1/../../../../arm-none-eabi/lib/thumb/v7e-m+fp/hard/libc.a(lib_a-memset.o)
                              /opt/gcc-arm/bin/../lib/gcc/arm-none-eabi/10.3.1/../../../../arm-none-eabi/lib/thumb/v7e-m+fp/hard/crt0.o (memset)
/opt/gcc-arm/bin/../lib/gcc/arm-none-eabi/10.3.1/../../../../arm-none-eabi/lib/thumb/v7e-m+fp/hard/libc.a(lib_a-puts.o)
                              /home/vlab/FreeRTOS_Work/STM32F4_Firmware/STM32F4-FreeRTOS_LED/build/main.o (puts)
/opt/gcc-arm/bin/../lib/gcc/arm-none-eabi/10.3.1/../../../../arm-none-eabi/lib/thumb/v7e-m+fp/hard/libc.a(lib_a-strlen.o)
                              /opt/gcc-arm/bin/../lib/gcc/arm-none-eabi/10.3.1/../../../../arm-none-eabi/lib/thumb/v7e-m+fp/hard/libc.a(lib_a-puts.o) (strlen)
/opt/gcc-arm/bin/../lib/gcc/arm-none-eabi/10.3.1/../../../../arm-none-eabi/lib/thumb/v7e-m+fp/hard/libc.a(lib_a-__call_atexit.o)
                              /opt/gcc-arm/bin/../lib/gcc/arm-none-eabi/10.3.1/../../../../arm-none-eabi/lib/thumb/v7e-m+fp/hard/libc.a(lib_a-exit.o) (__call_exitprocs)
/opt/gcc-arm/bin/../lib/gcc/arm-none-eabi/10.3.1/../../../../arm-none-eabi/lib/thumb/v7e-m+fp/hard/libc.a(lib_a-atexit.o)
                              /opt/gcc-arm/bin/../lib/gcc/arm-none-eabi/10.3.1/../../../../arm-none-eabi/lib/thumb/v7e-m+fp/hard/libc.a(lib_a-__call_atexit.o) (atexit)
/opt/gcc-arm/bin/../lib/gcc/arm-none-eabi/10.3.1/../../../../arm-none-eabi/lib/thumb/v7e-m+fp/hard/libc.a(lib_a-findfp.o)
                              /opt/gcc-arm/bin/../lib/gcc/arm-none-eabi/10.3.1/../../../../arm-none-eabi/lib/thumb/v7e-m+fp/hard/libc.a(lib_a-puts.o) (__sinit)
/opt/gcc-arm/bin/../lib/gcc/arm-none-eabi/10.3.1/../../../../arm-none-eabi/lib/thumb/v7e-m+fp/hard/libc.a(lib_a-fini.o)
                              /opt/gcc-arm/bin/../lib/gcc/arm-none-eabi/10.3.1/../../../../arm-none-eabi/lib/thumb/v7e-m+fp/hard/libc.a(lib_a-__call_atexit.o) (__libc_fini_array)
/opt/gcc-arm/bin/../lib/gcc/arm-none-eabi/10.3.1/../../../../arm-none-eabi/lib/thumb/v7e-m+fp/hard/libc.a(lib_a-fvwrite.o)
                              /opt/gcc-arm/bin/../lib/gcc/arm-none-eabi/10.3.1/../../../../arm-none-eabi/lib/thumb/v7e-m+fp/hard/libc.a(lib_a-puts.o) (__sfvwrite_r)
/opt/gcc-arm/bin/../lib/gcc/arm-none-eabi/10.3.1/../../../../arm-none-eabi/lib/thumb/v7e-m+fp/hard/libc.a(lib_a-fwalk.o)
                              /opt/gcc-arm/bin/../lib/gcc/arm-none-eabi/10.3.1/../../../../arm-none-eabi/lib/thumb/v7e-m+fp/hard/libc.a(lib_a-findfp.o) (_fwalk)
/opt/gcc-arm/bin/../lib/gcc/arm-none-eabi/10.3.1/../../../../arm-none-eabi/lib/thumb/v7e-m+fp/hard/libc.a(lib_a-lock.o)
                              /opt/gcc-arm/bin/../lib/gcc/arm-none-eabi/10.3.1/../../../../arm-none-eabi/lib/thumb/v7e-m+fp/hard/libc.a(lib_a-findfp.o) (__retarget_lock_init_recursive)
/opt/gcc-arm/bin/../lib/gcc/arm-none-eabi/10.3.1/../../../../arm-none-eabi/lib/thumb/v7e-m+fp/hard/libc.a(lib_a-mallocr.o)
                              /opt/gcc-arm/bin/../lib/gcc/arm-none-eabi/10.3.1/../../../../arm-none-eabi/lib/thumb/v7e-m+fp/hard/libc.a(lib_a-findfp.o) (_malloc_r)
/opt/gcc-arm/bin/../lib/gcc/arm-none-eabi/10.3.1/../../../../arm-none-eabi/lib/thumb/v7e-m+fp/hard/libc.a(lib_a-memchr.o)
                              /opt/gcc-arm/bin/../lib/gcc/arm-none-eabi/10.3.1/../../../../arm-none-eabi/lib/thumb/v7e-m+fp/hard/libc.a(lib_a-fvwrite.o) (memchr)
/opt/gcc-arm/bin/../lib/gcc/arm-none-eabi/10.3.1/../../../../arm-none-eabi/lib/thumb/v7e-m+fp/hard/libc.a(lib_a-memmove.o)
[...]
Memory Configuration

Name             Origin             Length             Attributes
FLASH            0x0000000008000000 0x0000000000100000 xr
RAM              0x0000000020000000 0x0000000000020000 xrw
CCMRAM           0x0000000010000000 0x0000000000010000 rw
*default*        0x0000000000000000 0xffffffffffffffff

Linker script and memory map

LOAD /opt/gcc-arm/bin/../lib/gcc/arm-none-eabi/10.3.1/thumb/v7e-m+fp/hard/crti.o
LOAD /opt/gcc-arm/bin/../lib/gcc/arm-none-eabi/10.3.1/thumb/v7e-m+fp/hard/crtbegin.o
LOAD /opt/gcc-arm/bin/../lib/gcc/arm-none-eabi/10.3.1/../../../../arm-none-eabi/lib/thumb/v7e-m+fp/hard/crt0.o
LOAD /home/vlab/FreeRTOS_Work/STM32F4_Firmware/STM32F4-FreeRTOS_LED/build/stm32f4xx_it.o
LOAD /home/vlab/FreeRTOS_Work/STM32F4_Firmware/STM32F4-FreeRTOS_LED/build/system_stm32f4xx.o
LOAD /home/vlab/FreeRTOS_Work/STM32F4_Firmware/STM32F4-FreeRTOS_LED/build/main.o
LOAD /home/vlab/FreeRTOS_Work/STM32F4_Firmware/STM32F4-FreeRTOS_LED/build/syscalls.o
LOAD /home/vlab/FreeRTOS_Work/STM32F4_Firmware/STM32F4-FreeRTOS_LED/build/port.o
LOAD /home/vlab/FreeRTOS_Work/STM32F4_Firmware/STM32F4-FreeRTOS_LED/build/list.o
LOAD /home/vlab/FreeRTOS_Work/STM32F4_Firmware/STM32F4-FreeRTOS_LED/build/queue.o
LOAD /home/vlab/FreeRTOS_Work/STM32F4_Firmware/STM32F4-FreeRTOS_LED/build/tasks.o
LOAD /home/vlab/FreeRTOS_Work/STM32F4_Firmware/STM32F4-FreeRTOS_LED/build/event_groups.o
LOAD /home/vlab/FreeRTOS_Work/STM32F4_Firmware/STM32F4-FreeRTOS_LED/build/timers.o
LOAD /home/vlab/FreeRTOS_Work/STM32F4_Firmware/STM32F4-FreeRTOS_LED/build/heap_4.o
LOAD /home/vlab/FreeRTOS_Work/STM32F4_Firmware/STM32F4-FreeRTOS_LED/build/misc.o
LOAD /home/vlab/FreeRTOS_Work/STM32F4_Firmware/STM32F4-FreeRTOS_LED/build/stm32f4xx_dcmi.o
LOAD /home/vlab/FreeRTOS_Work/STM32F4_Firmware/STM32F4-FreeRTOS_LED/build/stm32f4xx_rtc.o
LOAD /home/vlab/FreeRTOS_Work/STM32F4_Firmware/STM32F4-FreeRTOS_LED/build/stm32f4xx_adc.o
LOAD /home/vlab/FreeRTOS_Work/STM32F4_Firmware/STM32F4-FreeRTOS_LED/build/stm32f4xx_dma.o
LOAD /home/vlab/FreeRTOS_Work/STM32F4_Firmware/STM32F4-FreeRTOS_LED/build/stm32f4xx_sai.o
LOAD /home/vlab/FreeRTOS_Work/STM32F4_Firmware/STM32F4-FreeRTOS_LED/build/stm32f4xx_can.o
LOAD /home/vlab/FreeRTOS_Work/STM32F4_Firmware/STM32F4-FreeRTOS_LED/build/stm32f4xx_dma2d.o
LOAD /home/vlab/FreeRTOS_Work/STM32F4_Firmware/STM32F4-FreeRTOS_LED/build/stm32f4xx_sdio.o
LOAD /home/vlab/FreeRTOS_Work/STM32F4_Firmware/STM32F4-FreeRTOS_LED/build/stm32f4xx_cec.o
LOAD /home/vlab/FreeRTOS_Work/STM32F4_Firmware/STM32F4-FreeRTOS_LED/build/stm32f4xx_dsi.o
LOAD /home/vlab/FreeRTOS_Work/STM32F4_Firmware/STM32F4-FreeRTOS_LED/build/stm32f4xx_i2c.o
LOAD /home/vlab/FreeRTOS_Work/STM32F4_Firmware/STM32F4-FreeRTOS_LED/build/stm32f4xx_spdifrx.o
LOAD /home/vlab/FreeRTOS_Work/STM32F4_Firmware/STM32F4-FreeRTOS_LED/build/stm32f4xx_crc.o
LOAD /home/vlab/FreeRTOS_Work/STM32F4_Firmware/STM32F4-FreeRTOS_LED/build/stm32f4xx_exti.o
LOAD /home/vlab/FreeRTOS_Work/STM32F4_Firmware/STM32F4-FreeRTOS_LED/build/stm32f4xx_iwdg.o
LOAD /home/vlab/FreeRTOS_Work/STM32F4_Firmware/STM32F4-FreeRTOS_LED/build/stm32f4xx_spi.o
LOAD /home/vlab/FreeRTOS_Work/STM32F4_Firmware/STM32F4-FreeRTOS_LED/build/stm32f4xx_flash.o
LOAD /home/vlab/FreeRTOS_Work/STM32F4_Firmware/STM32F4-FreeRTOS_LED/build/stm32f4xx_lptim.o
LOAD /home/vlab/FreeRTOS_Work/STM32F4_Firmware/STM32F4-FreeRTOS_LED/build/stm32f4xx_syscfg.o
LOAD /home/vlab/FreeRTOS_Work/STM32F4_Firmware/STM32F4-FreeRTOS_LED/build/stm32f4xx_flash_ramfunc.o
LOAD /home/vlab/FreeRTOS_Work/STM32F4_Firmware/STM32F4-FreeRTOS_LED/build/stm32f4xx_ltdc.o
LOAD /home/vlab/FreeRTOS_Work/STM32F4_Firmware/STM32F4-FreeRTOS_LED/build/stm32f4xx_tim.o
LOAD /home/vlab/FreeRTOS_Work/STM32F4_Firmware/STM32F4-FreeRTOS_LED/build/stm32f4xx_pwr.o
LOAD /home/vlab/FreeRTOS_Work/STM32F4_Firmware/STM32F4-FreeRTOS_LED/build/stm32f4xx_usart.o
LOAD /home/vlab/FreeRTOS_Work/STM32F4_Firmware/STM32F4-FreeRTOS_LED/build/stm32f4xx_fmpi2c.o
LOAD /home/vlab/FreeRTOS_Work/STM32F4_Firmware/STM32F4-FreeRTOS_LED/build/stm32f4xx_qspi.o
LOAD /home/vlab/FreeRTOS_Work/STM32F4_Firmware/STM32F4-FreeRTOS_LED/build/stm32f4xx_wwdg.o
LOAD /home/vlab/FreeRTOS_Work/STM32F4_Firmware/STM32F4-FreeRTOS_LED/build/stm32f4xx_dac.o
LOAD /home/vlab/FreeRTOS_Work/STM32F4_Firmware/STM32F4-FreeRTOS_LED/build/stm32f4xx_fsmc.o
LOAD /home/vlab/FreeRTOS_Work/STM32F4_Firmware/STM32F4-FreeRTOS_LED/build/stm32f4xx_rcc.o
LOAD /home/vlab/FreeRTOS_Work/STM32F4_Firmware/STM32F4-FreeRTOS_LED/build/stm32f4xx_dbgmcu.o
LOAD /home/vlab/FreeRTOS_Work/STM32F4_Firmware/STM32F4-FreeRTOS_LED/build/stm32f4xx_gpio.o
LOAD /home/vlab/FreeRTOS_Work/STM32F4_Firmware/STM32F4-FreeRTOS_LED/build/stm32f4xx_rng.o
LOAD /home/vlab/FreeRTOS_Work/STM32F4_Firmware/STM32F4-FreeRTOS_LED/build/startup_stm32f4xx.o
LOAD /opt/gcc-arm/bin/../lib/gcc/arm-none-eabi/10.3.1/../../../../arm-none-eabi/lib/thumb/v7e-m+fp/hard/libc.a
LOAD /opt/gcc-arm/bin/../lib/gcc/arm-none-eabi/10.3.1/thumb/v7e-m+fp/hard/libgcc.a
START GROUP
LOAD /opt/gcc-arm/bin/../lib/gcc/arm-none-eabi/10.3.1/thumb/v7e-m+fp/hard/libgcc.a
LOAD /opt/gcc-arm/bin/../lib/gcc/arm-none-eabi/10.3.1/../../../../arm-none-eabi/lib/thumb/v7e-m+fp/hard/libc.a
END GROUP
LOAD /opt/gcc-arm/bin/../lib/gcc/arm-none-eabi/10.3.1/thumb/v7e-m+fp/hard/crtend.o
LOAD /opt/gcc-arm/bin/../lib/gcc/arm-none-eabi/10.3.1/thumb/v7e-m+fp/hard/crtn.o
                0x000000002001ffff                _estack = 0x2001ffff
                0x0000000000000200                _Min_Heap_Size = 0x200
                0x0000000000000400                _Min_Stack_Size = 0x400

.isr_vector     0x0000000008000000      0x188
                0x0000000008000000                . = ALIGN (0x4)
 *(.isr_vector)
 .isr_vector    0x0000000008000000      0x188 /home/vlab/FreeRTOS_Work/STM32F4_Firmware/STM32F4-FreeRTOS_LED/build/startup_stm32f4xx.o
                0x0000000008000000                g_pfnVectors
                0x0000000008000188                . = ALIGN (0x4)

.text           0x00000000080001c0     0x3d74
                0x00000000080001c0                . = ALIGN (0x4)
 *(.text)
 .text          0x00000000080001c0       0x40 /opt/gcc-arm/bin/../lib/gcc/arm-none-eabi/10.3.1/thumb/v7e-m+fp/hard/crtbegin.o
 .text          0x0000000008000200      0x134 /opt/gcc-arm/bin/../lib/gcc/arm-none-eabi/10.3.1/../../../../arm-none-eabi/lib/thumb/v7e-m+fp/hard/libc.a(lib_a-memcpy.o)
                0x0000000008000200                memcpy
 *fill*         0x0000000008000334        0xc 
 .text          0x0000000008000340       0xdc /opt/gcc-arm/bin/../lib/gcc/arm-none-eabi/10.3.1/../../../../arm-none-eabi/lib/thumb/v7e-m+fp/hard/libc.a(lib_a-strlen.o)
                0x0000000008000340                strlen
 *fill*         0x000000000800041c        0x4 
 .text          0x0000000008000420       0xa0 /opt/gcc-arm/bin/../lib/gcc/arm-none-eabi/10.3.1/../../../../arm-none-eabi/lib/thumb/v7e-m+fp/hard/libc.a(lib_a-memchr.o)
                0x0000000008000420                memchr
 *(.text*)
 .text.NMI_Handler
                0x00000000080004c0        0x4 /home/vlab/FreeRTOS_Work/STM32F4_Firmware/STM32F4-FreeRTOS_LED/build/stm32f4xx_it.o
                0x00000000080004c0                NMI_Handler
 .text.prvGetRegistersFromStack
                0x00000000080004c4       0x30 /home/vlab/FreeRTOS_Work/STM32F4_Firmware/STM32F4-FreeRTOS_LED/build/stm32f4xx_it.o
                0x00000000080004c4                prvGetRegistersFromStack
 .text.HardFault_Handler
                0x00000000080004f4       0x18 /home/vlab/FreeRTOS_Work/STM32F4_Firmware/STM32F4-FreeRTOS_LED/build/stm32f4xx_it.o
                0x00000000080004f4                HardFault_Handler
 .text.MemManage_Handler
                0x000000000800050c        0x4 /home/vlab/FreeRTOS_Work/STM32F4_Firmware/STM32F4-FreeRTOS_LED/build/stm32f4xx_it.o
                0x000000000800050c                MemManage_Handler
 .text.BusFault_Handler
                0x0000000008000510        0x4 /home/vlab/FreeRTOS_Work/STM32F4_Firmware/STM32F4-FreeRTOS_LED/build/stm32f4xx_it.o
                0x0000000008000510                BusFault_Handler
 .text.UsageFault_Handler
                0x0000000008000514        0x4 /home/vlab/FreeRTOS_Work/STM32F4_Firmware/STM32F4-FreeRTOS_LED/build/stm32f4xx_it.o
                0x0000000008000514                UsageFault_Handler
 .text.DebugMon_Handler
                0x0000000008000518        0x4 /home/vlab/FreeRTOS_Work/STM32F4_Firmware/STM32F4-FreeRTOS_LED/build/stm32f4xx_it.o
                0x0000000008000518                DebugMon_Handler
 .text.SystemInit
                0x000000000800051c       0x50 /home/vlab/FreeRTOS_Work/STM32F4_Firmware/STM32F4-FreeRTOS_LED/build/system_stm32f4xx.o
                0x000000000800051c                SystemInit
 .text.vTask1_Red
                0x000000000800056c       0x28 /home/vlab/FreeRTOS_Work/STM32F4_Firmware/STM32F4-FreeRTOS_LED/build/main.o
                0x000000000800056c                vTask1_Red
 .text.vTask2_Green
                0x0000000008000594       0x28 /home/vlab/FreeRTOS_Work/STM32F4_Firmware/STM32F4-FreeRTOS_LED/build/main.o
                0x0000000008000594                vTask2_Green
 .text.startup.main
                0x00000000080005bc       0x78 /home/vlab/FreeRTOS_Work/STM32F4_Firmware/STM32F4-FreeRTOS_LED/build/main.o
                0x00000000080005bc                main
 .text.vApplicationTickHook
                0x0000000008000634        0x4 /home/vlab/FreeRTOS_Work/STM32F4_Firmware/STM32F4-FreeRTOS_LED/build/main.o
                0x0000000008000634                vApplicationTickHook
 .text.vApplicationIdleHook
                0x0000000008000638        0x4 /home/vlab/FreeRTOS_Work/STM32F4_Firmware/STM32F4-FreeRTOS_LED/build/main.o
                0x0000000008000638                vApplicationIdleHook
 .text.vApplicationStackOverflowHook
                0x000000000800063c       0x14 /home/vlab/FreeRTOS_Work/STM32F4_Firmware/STM32F4-FreeRTOS_LED/build/main.o
                0x000000000800063c                vApplicationStackOverflowHook
 .text.vApplicationGetIdleTaskMemory
                0x0000000008000650       0x20 /home/vlab/FreeRTOS_Work/STM32F4_Firmware/STM32F4-FreeRTOS_LED/build/main.o
                0x0000000008000650                vApplicationGetIdleTaskMemory
 .text.vApplicationGetTimerTaskMemory
                0x0000000008000670       0x20 /home/vlab/FreeRTOS_Work/STM32F4_Firmware/STM32F4-FreeRTOS_LED/build/main.o
                0x0000000008000670                vApplicationGetTimerTaskMemory
 .text._read    0x0000000008000690       0x10 /home/vlab/FreeRTOS_Work/STM32F4_Firmware/STM32F4-FreeRTOS_LED/build/syscalls.o
                0x0000000008000690                _read
 .text._lseek   0x00000000080006a0        0x4 /home/vlab/FreeRTOS_Work/STM32F4_Firmware/STM32F4-FreeRTOS_LED/build/syscalls.o
                0x00000000080006a0                _lseek
 .text._write   0x00000000080006a4       0x34 /home/vlab/FreeRTOS_Work/STM32F4_Firmware/STM32F4-FreeRTOS_LED/build/syscalls.o
                0x00000000080006a4                _write
 .text._close   0x00000000080006d8        0x4 /home/vlab/FreeRTOS_Work/STM32F4_Firmware/STM32F4-FreeRTOS_LED/build/syscalls.o
                0x00000000080006d8                _close
 .text._sbrk    0x00000000080006dc       0x38 /home/vlab/FreeRTOS_Work/STM32F4_Firmware/STM32F4-FreeRTOS_LED/build/syscalls.o
                0x00000000080006dc                _sbrk
 .text._fstat   0x0000000008000714       0x18 /home/vlab/FreeRTOS_Work/STM32F4_Firmware/STM32F4-FreeRTOS_LED/build/syscalls.o
                0x0000000008000714                _fstat
 .text._isatty  0x000000000800072c        0x4 /home/vlab/FreeRTOS_Work/STM32F4_Firmware/STM32F4-FreeRTOS_LED/build/syscalls.o
                0x000000000800072c                _isatty
 .text.prvTaskExitError
                0x0000000008000730       0x30 /home/vlab/FreeRTOS_Work/STM32F4_Firmware/STM32F4-FreeRTOS_LED/build/port.o
 .text.prvPortStartFirstTask
                0x0000000008000760       0x20 /home/vlab/FreeRTOS_Work/STM32F4_Firmware/STM32F4-FreeRTOS_LED/build/port.o
 .text.vPortEnableVFP
                0x0000000008000780       0x14 /home/vlab/FreeRTOS_Work/STM32F4_Firmware/STM32F4-FreeRTOS_LED/build/port.o
 .text.pxPortInitialiseStack
                0x0000000008000794       0x28 /home/vlab/FreeRTOS_Work/STM32F4_Firmware/STM32F4-FreeRTOS_LED/build/port.o
                0x0000000008000794                pxPortInitialiseStack
 *fill*         0x00000000080007bc        0x4 
 .text.SVC_Handler
                0x00000000080007c0       0x24 /home/vlab/FreeRTOS_Work/STM32F4_Firmware/STM32F4-FreeRTOS_LED/build/port.o
                0x00000000080007c0                SVC_Handler
 .text.vPortEnterCritical
                0x00000000080007e4       0x44 /home/vlab/FreeRTOS_Work/STM32F4_Firmware/STM32F4-FreeRTOS_LED/build/port.o
                0x00000000080007e4                vPortEnterCritical
 .text.vPortExitCritical
                0x0000000008000828       0x28 /home/vlab/FreeRTOS_Work/STM32F4_Firmware/STM32F4-FreeRTOS_LED/build/port.o
                0x0000000008000828                vPortExitCritical
 .text.PendSV_Handler
                0x0000000008000850       0x64 /home/vlab/FreeRTOS_Work/STM32F4_Firmware/STM32F4-FreeRTOS_LED/build/port.o
                0x0000000008000850                PendSV_Handler
 .text.SysTick_Handler
                0x00000000080008b4       0x2c /home/vlab/FreeRTOS_Work/STM32F4_Firmware/STM32F4-FreeRTOS_LED/build/port.o
                0x00000000080008b4                SysTick_Handler
 .text.vPortSetupTimerInterrupt
                0x00000000080008e0       0x24 /home/vlab/FreeRTOS_Work/STM32F4_Firmware/STM32F4-FreeRTOS_LED/build/port.o
                0x00000000080008e0                vPortSetupTimerInterrupt
 .text.xPortStartScheduler
                0x0000000008000904       0xf4 /home/vlab/FreeRTOS_Work/STM32F4_Firmware/STM32F4-FreeRTOS_LED/build/port.o
                0x0000000008000904                xPortStartScheduler
 .text.vListInitialise
                0x00000000080009f8       0x18 /home/vlab/FreeRTOS_Work/STM32F4_Firmware/STM32F4-FreeRTOS_LED/build/list.o
                0x00000000080009f8                vListInitialise
 .text.vListInitialiseItem
                0x0000000008000a10        0x8 /home/vlab/FreeRTOS_Work/STM32F4_Firmware/STM32F4-FreeRTOS_LED/build/list.o
                0x0000000008000a10                vListInitialiseItem
 .text.vListInsertEnd
                0x0000000008000a18       0x20 /home/vlab/FreeRTOS_Work/STM32F4_Firmware/STM32F4-FreeRTOS_LED/build/list.o
                0x0000000008000a18                vListInsertEnd
 .text.vListInsert
                0x0000000008000a38       0x30 /home/vlab/FreeRTOS_Work/STM32F4_Firmware/STM32F4-FreeRTOS_LED/build/list.o
                0x0000000008000a38                vListInsert
 .text.uxListRemove
                0x0000000008000a68       0x28 /home/vlab/FreeRTOS_Work/STM32F4_Firmware/STM32F4-FreeRTOS_LED/build/list.o
                0x0000000008000a68                uxListRemove
 .text.prvCopyDataToQueue
                0x0000000008000a90       0x78 /home/vlab/FreeRTOS_Work/STM32F4_Firmware/STM32F4-FreeRTOS_LED/build/queue.o
 .text.xQueueGenericCreateStatic
                0x0000000008000b08       0xe0 /home/vlab/FreeRTOS_Work/STM32F4_Firmware/STM32F4-FreeRTOS_LED/build/queue.o
                0x0000000008000b08                xQueueGenericCreateStatic
 .text.xQueueGenericSend
                0x0000000008000be8      0x2fc /home/vlab/FreeRTOS_Work/STM32F4_Firmware/STM32F4-FreeRTOS_LED/build/queue.o
                0x0000000008000be8                xQueueGenericSend
 .text.xQueueGenericReceive
                0x0000000008000ee4      0x354 /home/vlab/FreeRTOS_Work/STM32F4_Firmware/STM32F4-FreeRTOS_LED/build/queue.o
                0x0000000008000ee4                xQueueGenericReceive
 .text.vQueueAddToRegistry
                0x0000000008001238       0x50 /home/vlab/FreeRTOS_Work/STM32F4_Firmware/STM32F4-FreeRTOS_LED/build/queue.o
                0x0000000008001238                vQueueAddToRegistry
 .text.vQueueWaitForMessageRestricted
                0x0000000008001288       0xc8 /home/vlab/FreeRTOS_Work/STM32F4_Firmware/STM32F4-FreeRTOS_LED/build/queue.o
                0x0000000008001288                vQueueWaitForMessageRestricted
 .text.prvAddNewTaskToReadyList
                0x0000000008001350      0x114 /home/vlab/FreeRTOS_Work/STM32F4_Firmware/STM32F4-FreeRTOS_LED/build/tasks.o
 .text.prvAddCurrentTaskToDelayedList
                0x0000000008001464       0x8c /home/vlab/FreeRTOS_Work/STM32F4_Firmware/STM32F4-FreeRTOS_LED/build/tasks.o
 .text.xTaskCreateStatic
                0x00000000080014f0      0x108 /home/vlab/FreeRTOS_Work/STM32F4_Firmware/STM32F4-FreeRTOS_LED/build/tasks.o
                0x00000000080014f0                xTaskCreateStatic
 .text.vTaskStartScheduler
                0x00000000080015f8      0x104 /home/vlab/FreeRTOS_Work/STM32F4_Firmware/STM32F4-FreeRTOS_LED/build/tasks.o
                0x00000000080015f8                vTaskStartScheduler
 .text.vTaskSuspendAll
                0x00000000080016fc       0x10 /home/vlab/FreeRTOS_Work/STM32F4_Firmware/STM32F4-FreeRTOS_LED/build/tasks.o
                0x00000000080016fc                vTaskSuspendAll
 .text.xTaskGetTickCount
                0x000000000800170c        0xc /home/vlab/FreeRTOS_Work/STM32F4_Firmware/STM32F4-FreeRTOS_LED/build/tasks.o
                0x000000000800170c                xTaskGetTickCount
 .text.xTaskIncrementTick
                0x0000000008001718      0x17c /home/vlab/FreeRTOS_Work/STM32F4_Firmware/STM32F4-FreeRTOS_LED/build/tasks.o
                0x0000000008001718                xTaskIncrementTick
 .text.xTaskResumeAll.part.0
                0x0000000008001894      0x124 /home/vlab/FreeRTOS_Work/STM32F4_Firmware/STM32F4-FreeRTOS_LED/build/tasks.o
 .text.xTaskResumeAll
                0x00000000080019b8       0x20 /home/vlab/FreeRTOS_Work/STM32F4_Firmware/STM32F4-FreeRTOS_LED/build/tasks.o
                0x00000000080019b8                xTaskResumeAll
 .text.prvIdleTask
                0x00000000080019d8       0xd8 /home/vlab/FreeRTOS_Work/STM32F4_Firmware/STM32F4-FreeRTOS_LED/build/tasks.o
 .text.vTaskDelay
                0x0000000008001ab0       0x60 /home/vlab/FreeRTOS_Work/STM32F4_Firmware/STM32F4-FreeRTOS_LED/build/tasks.o
                0x0000000008001ab0                vTaskDelay
 .text.vTaskSwitchContext
                0x0000000008001b10       0xa4 /home/vlab/FreeRTOS_Work/STM32F4_Firmware/STM32F4-FreeRTOS_LED/build/tasks.o
                0x0000000008001b10                vTaskSwitchContext
 .text.vTaskPlaceOnEventList
                0x0000000008001bb4       0xa0 /home/vlab/FreeRTOS_Work/STM32F4_Firmware/STM32F4-FreeRTOS_LED/build/tasks.o
                0x0000000008001bb4                vTaskPlaceOnEventList
 .text.vTaskPlaceOnEventListRestricted
                0x0000000008001c54       0xc0 /home/vlab/FreeRTOS_Work/STM32F4_Firmware/STM32F4-FreeRTOS_LED/build/tasks.o
                0x0000000008001c54                vTaskPlaceOnEventListRestricted
 .text.xTaskRemoveFromEventList
                0x0000000008001d14       0x90 /home/vlab/FreeRTOS_Work/STM32F4_Firmware/STM32F4-FreeRTOS_LED/build/tasks.o
                0x0000000008001d14                xTaskRemoveFromEventList
 .text.vTaskSetTimeOutState
                0x0000000008001da4       0x2c /home/vlab/FreeRTOS_Work/STM32F4_Firmware/STM32F4-FreeRTOS_LED/build/tasks.o
                0x0000000008001da4                vTaskSetTimeOutState
 .text.xTaskCheckForTimeOut
                0x0000000008001dd0       0x84 /home/vlab/FreeRTOS_Work/STM32F4_Firmware/STM32F4-FreeRTOS_LED/build/tasks.o
                0x0000000008001dd0                xTaskCheckForTimeOut
 .text.vTaskMissedYield
                0x0000000008001e54        0xc /home/vlab/FreeRTOS_Work/STM32F4_Firmware/STM32F4-FreeRTOS_LED/build/tasks.o
                0x0000000008001e54                vTaskMissedYield
 .text.xTaskGetSchedulerState
                0x0000000008001e60       0x20 /home/vlab/FreeRTOS_Work/STM32F4_Firmware/STM32F4-FreeRTOS_LED/build/tasks.o
                0x0000000008001e60                xTaskGetSchedulerState
 .text.vTaskPriorityInherit
                0x0000000008001e80       0x9c /home/vlab/FreeRTOS_Work/STM32F4_Firmware/STM32F4-FreeRTOS_LED/build/tasks.o
                0x0000000008001e80                vTaskPriorityInherit
 .text.xTaskPriorityDisinherit
                0x0000000008001f1c       0xb8 /home/vlab/FreeRTOS_Work/STM32F4_Firmware/STM32F4-FreeRTOS_LED/build/tasks.o
                0x0000000008001f1c                xTaskPriorityDisinherit
 .text.pvTaskIncrementMutexHeldCount
                0x0000000008001fd4       0x18 /home/vlab/FreeRTOS_Work/STM32F4_Firmware/STM32F4-FreeRTOS_LED/build/tasks.o
                0x0000000008001fd4                pvTaskIncrementMutexHeldCount
 .text.prvSwitchTimerLists
                0x0000000008001fec       0x98 /home/vlab/FreeRTOS_Work/STM32F4_Firmware/STM32F4-FreeRTOS_LED/build/timers.o
 .text.prvTimerTask
                0x0000000008002084      0x26c /home/vlab/FreeRTOS_Work/STM32F4_Firmware/STM32F4-FreeRTOS_LED/build/timers.o
 .text.xTimerCreateTimerTask
                0x00000000080022f0       0xbc /home/vlab/FreeRTOS_Work/STM32F4_Firmware/STM32F4-FreeRTOS_LED/build/timers.o
                0x00000000080022f0                xTimerCreateTimerTask
 .text.vPortFree
                0x00000000080023ac       0xb8 /home/vlab/FreeRTOS_Work/STM32F4_Firmware/STM32F4-FreeRTOS_LED/build/heap_4.o
                0x00000000080023ac                vPortFree
 .text.NVIC_PriorityGroupConfig
                0x0000000008002464       0x14 /home/vlab/FreeRTOS_Work/STM32F4_Firmware/STM32F4-FreeRTOS_LED/build/misc.o
                0x0000000008002464                NVIC_PriorityGroupConfig
 .text.USART_SendData
                0x0000000008002478        0x8 /home/vlab/FreeRTOS_Work/STM32F4_Firmware/STM32F4-FreeRTOS_LED/build/stm32f4xx_usart.o
                0x0000000008002478                USART_SendData
 .text.GPIO_Init
                0x0000000008002480       0x94 /home/vlab/FreeRTOS_Work/STM32F4_Firmware/STM32F4-FreeRTOS_LED/build/stm32f4xx_gpio.o
                0x0000000008002480                GPIO_Init
 .text.GPIO_ToggleBits
                0x0000000008002514        0x8 /home/vlab/FreeRTOS_Work/STM32F4_Firmware/STM32F4-FreeRTOS_LED/build/stm32f4xx_gpio.o
                0x0000000008002514                GPIO_ToggleBits
 .text.Reset_Handler
                0x000000000800251c       0x60 /home/vlab/FreeRTOS_Work/STM32F4_Firmware/STM32F4-FreeRTOS_LED/build/startup_stm32f4xx.o
                0x000000000800251c                Reset_Handler
 .text.Default_Handler
                0x000000000800257c        0x2 /home/vlab/FreeRTOS_Work/STM32F4_Firmware/STM32F4-FreeRTOS_LED/build/startup_stm32f4xx.o
                0x000000000800257c                RTC_Alarm_IRQHandler
                0x000000000800257c                HASH_RNG_IRQHandler
                0x000000000800257c                EXTI2_IRQHandler
                0x000000000800257c                TIM8_CC_IRQHandler
                0x000000000800257c                TIM1_CC_IRQHandler
                0x000000000800257c                DMA2_Stream5_IRQHandler
                0x000000000800257c                DMA1_Stream5_IRQHandler
                0x000000000800257c                PVD_IRQHandler
                0x000000000800257c                SDIO_IRQHandler
                0x000000000800257c                TAMP_STAMP_IRQHandler
                0x000000000800257c                CAN2_RX1_IRQHandler
                0x000000000800257c                EXTI3_IRQHandler
                0x000000000800257c                TIM8_TRG_COM_TIM14_IRQHandler
                0x000000000800257c                TIM1_UP_TIM10_IRQHandler
                0x000000000800257c                TIM8_UP_TIM13_IRQHandler
                0x000000000800257c                I2C3_ER_IRQHandler
                0x000000000800257c                EXTI0_IRQHandler
                0x000000000800257c                I2C2_EV_IRQHandler
                0x000000000800257c                DMA1_Stream2_IRQHandler
                0x000000000800257c                CAN1_RX0_IRQHandler
                0x000000000800257c                FPU_IRQHandler
                0x000000000800257c                OTG_HS_WKUP_IRQHandler
                0x000000000800257c                CAN2_SCE_IRQHandler
                0x000000000800257c                DMA2_Stream2_IRQHandler
                0x000000000800257c                SPI1_IRQHandler
                0x000000000800257c                TIM6_DAC_IRQHandler
                0x000000000800257c                TIM1_BRK_TIM9_IRQHandler
                0x000000000800257c                DCMI_IRQHandler
                0x000000000800257c                CAN2_RX0_IRQHandler
                0x000000000800257c                DMA2_Stream3_IRQHandler
                0x000000000800257c                USART6_IRQHandler
                0x000000000800257c                USART3_IRQHandler
                0x000000000800257c                CRYP_IRQHandler
                0x000000000800257c                CAN1_RX1_IRQHandler
                0x000000000800257c                UART5_IRQHandler
                0x000000000800257c                DMA2_Stream0_IRQHandler
                0x000000000800257c                TIM4_IRQHandler
                0x000000000800257c                I2C1_EV_IRQHandler
                0x000000000800257c                DMA1_Stream6_IRQHandler
                0x000000000800257c                DMA1_Stream1_IRQHandler
                0x000000000800257c                UART4_IRQHandler
                0x000000000800257c                TIM3_IRQHandler
                0x000000000800257c                RCC_IRQHandler
                0x000000000800257c                TIM8_BRK_TIM12_IRQHandler
                0x000000000800257c                Default_Handler
                0x000000000800257c                EXTI15_10_IRQHandler
                0x000000000800257c                ADC_IRQHandler
                0x000000000800257c                DMA1_Stream7_IRQHandler
                0x000000000800257c                TIM7_IRQHandler
                0x000000000800257c                CAN2_TX_IRQHandler
                0x000000000800257c                TIM5_IRQHandler
                0x000000000800257c                DMA2_Stream7_IRQHandler
                0x000000000800257c                I2C3_EV_IRQHandler
                0x000000000800257c                EXTI9_5_IRQHandler
                0x000000000800257c                RTC_WKUP_IRQHandler
                0x000000000800257c                ETH_WKUP_IRQHandler
                0x000000000800257c                SPI2_IRQHandler
                0x000000000800257c                OTG_HS_EP1_IN_IRQHandler
                0x000000000800257c                DMA1_Stream0_IRQHandler
                0x000000000800257c                CAN1_TX_IRQHandler
                0x000000000800257c                EXTI4_IRQHandler
                0x000000000800257c                FSMC_IRQHandler
                0x000000000800257c                ETH_IRQHandler
                0x000000000800257c                OTG_HS_EP1_OUT_IRQHandler
                0x000000000800257c                WWDG_IRQHandler
                0x000000000800257c                TIM2_IRQHandler
                0x000000000800257c                OTG_FS_WKUP_IRQHandler
                0x000000000800257c                TIM1_TRG_COM_TIM11_IRQHandler
                0x000000000800257c                OTG_HS_IRQHandler
                0x000000000800257c                EXTI1_IRQHandler
                0x000000000800257c                USART2_IRQHandler
                0x000000000800257c                I2C2_ER_IRQHandler
                0x000000000800257c                DMA2_Stream1_IRQHandler
                0x000000000800257c                CAN1_SCE_IRQHandler
                0x000000000800257c                FLASH_IRQHandler
                0x000000000800257c                DMA2_Stream4_IRQHandler
                0x000000000800257c                USART1_IRQHandler
                0x000000000800257c                OTG_FS_IRQHandler
                0x000000000800257c                SPI3_IRQHandler
                0x000000000800257c                DMA1_Stream4_IRQHandler
                0x000000000800257c                I2C1_ER_IRQHandler
                0x000000000800257c                DMA2_Stream6_IRQHandler
                0x000000000800257c                DMA1_Stream3_IRQHandler
 *fill*         0x000000000800257e        0x2 
 .text.__errno  0x0000000008002580        0xc /opt/gcc-arm/bin/../lib/gcc/arm-none-eabi/10.3.1/../../../../arm-none-eabi/lib/thumb/v7e-m+fp/hard/libc.a(lib_a-errno.o)
                0x0000000008002580                __errno
 .text.__libc_init_array
                0x000000000800258c       0x48 /opt/gcc-arm/bin/../lib/gcc/arm-none-eabi/10.3.1/../../../../arm-none-eabi/lib/thumb/v7e-m+fp/hard/libc.a(lib_a-init.o)
                0x000000000800258c                __libc_init_array
 .text.memset   0x00000000080025d4       0xa4 /opt/gcc-arm/bin/../lib/gcc/arm-none-eabi/10.3.1/../../../../arm-none-eabi/lib/thumb/v7e-m+fp/hard/libc.a(lib_a-memset.o)
                0x00000000080025d4                memset
 .text._puts_r  0x0000000008002678       0x9c /opt/gcc-arm/bin/../lib/gcc/arm-none-eabi/10.3.1/../../../../arm-none-eabi/lib/thumb/v7e-m+fp/hard/libc.a(lib_a-puts.o)
                0x0000000008002678                _puts_r
 .text.puts     0x0000000008002714       0x10 /opt/gcc-arm/bin/../lib/gcc/arm-none-eabi/10.3.1/../../../../arm-none-eabi/lib/thumb/v7e-m+fp/hard/libc.a(lib_a-puts.o)
                0x0000000008002714                puts
 .text.startup.register_fini
                0x0000000008002724       0x14 /opt/gcc-arm/bin/../lib/gcc/arm-none-eabi/10.3.1/../../../../arm-none-eabi/lib/thumb/v7e-m+fp/hard/libc.a(lib_a-__call_atexit.o)
 .text.atexit   0x0000000008002738        0xc /opt/gcc-arm/bin/../lib/gcc/arm-none-eabi/10.3.1/../../../../arm-none-eabi/lib/thumb/v7e-m+fp/hard/libc.a(lib_a-atexit.o)
                0x0000000008002738                atexit
 .text._cleanup_r
                0x0000000008002744        0xc /opt/gcc-arm/bin/../lib/gcc/arm-none-eabi/10.3.1/../../../../arm-none-eabi/lib/thumb/v7e-m+fp/hard/libc.a(lib_a-findfp.o)
                0x0000000008002744                _cleanup_r
 .text.__sinit  0x0000000008002750      0x10c /opt/gcc-arm/bin/../lib/gcc/arm-none-eabi/10.3.1/../../../../arm-none-eabi/lib/thumb/v7e-m+fp/hard/libc.a(lib_a-findfp.o)
                0x0000000008002750                __sinit
 .text.__sfp_lock_acquire
                0x000000000800285c        0xc /opt/gcc-arm/bin/../lib/gcc/arm-none-eabi/10.3.1/../../../../arm-none-eabi/lib/thumb/v7e-m+fp/hard/libc.a(lib_a-findfp.o)
                0x000000000800285c                __sfp_lock_acquire
 .text.__sfp_lock_release
                0x0000000008002868        0xc /opt/gcc-arm/bin/../lib/gcc/arm-none-eabi/10.3.1/../../../../arm-none-eabi/lib/thumb/v7e-m+fp/hard/libc.a(lib_a-findfp.o)
                0x0000000008002868                __sfp_lock_release
 .text.__libc_fini_array
                0x0000000008002874       0x2c /opt/gcc-arm/bin/../lib/gcc/arm-none-eabi/10.3.1/../../../../arm-none-eabi/lib/thumb/v7e-m+fp/hard/libc.a(lib_a-fini.o)
                0x0000000008002874                __libc_fini_array
 .text.__sfvwrite_r
                0x00000000080028a0      0x2f0 /opt/gcc-arm/bin/../lib/gcc/arm-none-eabi/10.3.1/../../../../arm-none-eabi/lib/thumb/v7e-m+fp/hard/libc.a(lib_a-fvwrite.o)
                0x00000000080028a0                __sfvwrite_r
 .text._fwalk_reent
                0x0000000008002b90       0x48 /opt/gcc-arm/bin/../lib/gcc/arm-none-eabi/10.3.1/../../../../arm-none-eabi/lib/thumb/v7e-m+fp/hard/libc.a(lib_a-fwalk.o)
                0x0000000008002b90                _fwalk_reent
 .text.__retarget_lock_init_recursive
                0x0000000008002bd8        0x4 /opt/gcc-arm/bin/../lib/gcc/arm-none-eabi/10.3.1/../../../../arm-none-eabi/lib/thumb/v7e-m+fp/hard/libc.a(lib_a-lock.o)
                0x0000000008002bd8                __retarget_lock_init_recursive
 .text.__retarget_lock_close_recursive
                0x0000000008002bdc        0x4 /opt/gcc-arm/bin/../lib/gcc/arm-none-eabi/10.3.1/../../../../arm-none-eabi/lib/thumb/v7e-m+fp/hard/libc.a(lib_a-lock.o)
                0x0000000008002bdc                __retarget_lock_close_recursive
 .text.__retarget_lock_acquire_recursive
                0x0000000008002be0        0x4 /opt/gcc-arm/bin/../lib/gcc/arm-none-eabi/10.3.1/../../../../arm-none-eabi/lib/thumb/v7e-m+fp/hard/libc.a(lib_a-lock.o)
                0x0000000008002be0                __retarget_lock_acquire_recursive
 .text.__retarget_lock_release_recursive
                0x0000000008002be4        0x4 /opt/gcc-arm/bin/../lib/gcc/arm-none-eabi/10.3.1/../../../../arm-none-eabi/lib/thumb/v7e-m+fp/hard/libc.a(lib_a-lock.o)
                0x0000000008002be4                __retarget_lock_release_recursive
 .text._malloc_r
                0x0000000008002be8      0x560 /opt/gcc-arm/bin/../lib/gcc/arm-none-eabi/10.3.1/../../../../arm-none-eabi/lib/thumb/v7e-m+fp/hard/libc.a(lib_a-mallocr.o)
                0x0000000008002be8                _malloc_r
 .text.memmove  0x0000000008003148       0xf8 /opt/gcc-arm/bin/../lib/gcc/arm-none-eabi/10.3.1/../../../../arm-none-eabi/lib/thumb/v7e-m+fp/hard/libc.a(lib_a-memmove.o)
                0x0000000008003148                memmove
 .text.__malloc_lock
                0x0000000008003240        0xc /opt/gcc-arm/bin/../lib/gcc/arm-none-eabi/10.3.1/../../../../arm-none-eabi/lib/thumb/v7e-m+fp/hard/libc.a(lib_a-mlock.o)
                0x0000000008003240                __malloc_lock
 .text.__malloc_unlock
                0x000000000800324c        0xc /opt/gcc-arm/bin/../lib/gcc/arm-none-eabi/10.3.1/../../../../arm-none-eabi/lib/thumb/v7e-m+fp/hard/libc.a(lib_a-mlock.o)
                0x000000000800324c                __malloc_unlock
 .text._realloc_r
                0x0000000008003258      0x3d8 /opt/gcc-arm/bin/../lib/gcc/arm-none-eabi/10.3.1/../../../../arm-none-eabi/lib/thumb/v7e-m+fp/hard/libc.a(lib_a-reallocr.o)
                0x0000000008003258                _realloc_r
 .text._sbrk_r  0x0000000008003630       0x24 /opt/gcc-arm/bin/../lib/gcc/arm-none-eabi/10.3.1/../../../../arm-none-eabi/lib/thumb/v7e-m+fp/hard/libc.a(lib_a-sbrkr.o)
                0x0000000008003630                _sbrk_r
 .text.__sread  0x0000000008003654       0x24 /opt/gcc-arm/bin/../lib/gcc/arm-none-eabi/10.3.1/../../../../arm-none-eabi/lib/thumb/v7e-m+fp/hard/libc.a(lib_a-stdio.o)
                0x0000000008003654                __sread
 .text.__swrite
                0x0000000008003678       0x40 /opt/gcc-arm/bin/../lib/gcc/arm-none-eabi/10.3.1/../../../../arm-none-eabi/lib/thumb/v7e-m+fp/hard/libc.a(lib_a-stdio.o)
                0x0000000008003678                __swrite
 .text.__sseek  0x00000000080036b8       0x20 /opt/gcc-arm/bin/../lib/gcc/arm-none-eabi/10.3.1/../../../../arm-none-eabi/lib/thumb/v7e-m+fp/hard/libc.a(lib_a-stdio.o)
                0x00000000080036b8                __sseek
 .text.__sclose
                0x00000000080036d8        0x8 /opt/gcc-arm/bin/../lib/gcc/arm-none-eabi/10.3.1/../../../../arm-none-eabi/lib/thumb/v7e-m+fp/hard/libc.a(lib_a-stdio.o)
                0x00000000080036d8                __sclose
 .text._write_r
                0x00000000080036e0       0x2c /opt/gcc-arm/bin/../lib/gcc/arm-none-eabi/10.3.1/../../../../arm-none-eabi/lib/thumb/v7e-m+fp/hard/libc.a(lib_a-writer.o)
                0x00000000080036e0                _write_r
 .text.__swsetup_r
                0x000000000800370c       0xd4 /opt/gcc-arm/bin/../lib/gcc/arm-none-eabi/10.3.1/../../../../arm-none-eabi/lib/thumb/v7e-m+fp/hard/libc.a(lib_a-wsetup.o)
                0x000000000800370c                __swsetup_r
 .text.__register_exitproc
                0x00000000080037e0       0x8c /opt/gcc-arm/bin/../lib/gcc/arm-none-eabi/10.3.1/../../../../arm-none-eabi/lib/thumb/v7e-m+fp/hard/libc.a(lib_a-__atexit.o)
                0x00000000080037e0                __register_exitproc
 .text._close_r
                0x000000000800386c       0x24 /opt/gcc-arm/bin/../lib/gcc/arm-none-eabi/10.3.1/../../../../arm-none-eabi/lib/thumb/v7e-m+fp/hard/libc.a(lib_a-closer.o)
                0x000000000800386c                _close_r
 .text._fclose_r
                0x0000000008003890       0xcc /opt/gcc-arm/bin/../lib/gcc/arm-none-eabi/10.3.1/../../../../arm-none-eabi/lib/thumb/v7e-m+fp/hard/libc.a(lib_a-fclose.o)
                0x0000000008003890                _fclose_r
 .text.__sflush_r
                0x000000000800395c      0x130 /opt/gcc-arm/bin/../lib/gcc/arm-none-eabi/10.3.1/../../../../arm-none-eabi/lib/thumb/v7e-m+fp/hard/libc.a(lib_a-fflush.o)
                0x000000000800395c                __sflush_r
 .text._fflush_r
                0x0000000008003a8c       0x5c /opt/gcc-arm/bin/../lib/gcc/arm-none-eabi/10.3.1/../../../../arm-none-eabi/lib/thumb/v7e-m+fp/hard/libc.a(lib_a-fflush.o)
                0x0000000008003a8c                _fflush_r
 .text._malloc_trim_r
                0x0000000008003ae8       0xa0 /opt/gcc-arm/bin/../lib/gcc/arm-none-eabi/10.3.1/../../../../arm-none-eabi/lib/thumb/v7e-m+fp/hard/libc.a(lib_a-freer.o)
                0x0000000008003ae8                _malloc_trim_r
 .text._free_r  0x0000000008003b88      0x20c /opt/gcc-arm/bin/../lib/gcc/arm-none-eabi/10.3.1/../../../../arm-none-eabi/lib/thumb/v7e-m+fp/hard/libc.a(lib_a-freer.o)
                0x0000000008003b88                _free_r
 .text._lseek_r
                0x0000000008003d94       0x2c /opt/gcc-arm/bin/../lib/gcc/arm-none-eabi/10.3.1/../../../../arm-none-eabi/lib/thumb/v7e-m+fp/hard/libc.a(lib_a-lseekr.o)
                0x0000000008003d94                _lseek_r
 .text.__smakebuf_r
                0x0000000008003dc0       0xe0 /opt/gcc-arm/bin/../lib/gcc/arm-none-eabi/10.3.1/../../../../arm-none-eabi/lib/thumb/v7e-m+fp/hard/libc.a(lib_a-makebuf.o)
                0x0000000008003dc0                __smakebuf_r
 .text._read_r  0x0000000008003ea0       0x2c /opt/gcc-arm/bin/../lib/gcc/arm-none-eabi/10.3.1/../../../../arm-none-eabi/lib/thumb/v7e-m+fp/hard/libc.a(lib_a-readr.o)
                0x0000000008003ea0                _read_r
 .text._fstat_r
                0x0000000008003ecc       0x2c /opt/gcc-arm/bin/../lib/gcc/arm-none-eabi/10.3.1/../../../../arm-none-eabi/lib/thumb/v7e-m+fp/hard/libc.a(lib_a-fstatr.o)
                0x0000000008003ecc                _fstat_r
 .text._isatty_r
                0x0000000008003ef8       0x24 /opt/gcc-arm/bin/../lib/gcc/arm-none-eabi/10.3.1/../../../../arm-none-eabi/lib/thumb/v7e-m+fp/hard/libc.a(lib_a-isattyr.o)
                0x0000000008003ef8                _isatty_r
 *(.glue_7)
 .glue_7        0x0000000008003f1c        0x0 linker stubs
 *(.glue_7t)
 .glue_7t       0x0000000008003f1c        0x0 linker stubs
 *(.eh_frame)
 .eh_frame      0x0000000008003f1c        0x0 /opt/gcc-arm/bin/../lib/gcc/arm-none-eabi/10.3.1/thumb/v7e-m+fp/hard/crtbegin.o
 *(.init)
 .init          0x0000000008003f1c        0x4 /opt/gcc-arm/bin/../lib/gcc/arm-none-eabi/10.3.1/thumb/v7e-m+fp/hard/crti.o
                0x0000000008003f1c                _init
 .init          0x0000000008003f20        0x8 /opt/gcc-arm/bin/../lib/gcc/arm-none-eabi/10.3.1/thumb/v7e-m+fp/hard/crtn.o
 *(.fini)
 .fini          0x0000000008003f28        0x4 /opt/gcc-arm/bin/../lib/gcc/arm-none-eabi/10.3.1/thumb/v7e-m+fp/hard/crti.o
                0x0000000008003f28                _fini
 .fini          0x0000000008003f2c        0x8 /opt/gcc-arm/bin/../lib/gcc/arm-none-eabi/10.3.1/thumb/v7e-m+fp/hard/crtn.o
                0x0000000008003f34                . = ALIGN (0x4)
                0x0000000008003f34                _etext = .

.vfp11_veneer   0x0000000008003f34        0x0
 .vfp11_veneer  0x0000000008003f34        0x0 linker stubs

.v4_bx          0x0000000008003f34        0x0
 .v4_bx         0x0000000008003f34        0x0 linker stubs

.iplt           0x0000000008003f34        0x0
 .iplt          0x0000000008003f34        0x0 /opt/gcc-arm/bin/../lib/gcc/arm-none-eabi/10.3.1/thumb/v7e-m+fp/hard/crtbegin.o

.rodata         0x0000000008003f34       0x34
                0x0000000008003f34                . = ALIGN (0x4)
 *(.rodata)
 *(.rodata*)
 .rodata.vTask1_Red.str1.4
                0x0000000008003f34        0x8 /home/vlab/FreeRTOS_Work/STM32F4_Firmware/STM32F4-FreeRTOS_LED/build/main.o
 .rodata.vTask2_Green.str1.4
                0x0000000008003f3c        0xa /home/vlab/FreeRTOS_Work/STM32F4_Firmware/STM32F4-FreeRTOS_LED/build/main.o
 *fill*         0x0000000008003f46        0x2 
 .rodata.main.str1.4
                0x0000000008003f48        0x8 /home/vlab/FreeRTOS_Work/STM32F4_Firmware/STM32F4-FreeRTOS_LED/build/main.o
 .rodata.xTimerCreateTimerTask.str1.4
                0x0000000008003f50       0x10 /home/vlab/FreeRTOS_Work/STM32F4_Firmware/STM32F4-FreeRTOS_LED/build/timers.o
 .rodata._global_impure_ptr
                0x0000000008003f60        0x4 /opt/gcc-arm/bin/../lib/gcc/arm-none-eabi/10.3.1/../../../../arm-none-eabi/lib/thumb/v7e-m+fp/hard/libc.a(lib_a-impure.o)
                0x0000000008003f60                _global_impure_ptr
 .rodata._puts_r.str1.4
                0x0000000008003f64        0x2 /opt/gcc-arm/bin/../lib/gcc/arm-none-eabi/10.3.1/../../../../arm-none-eabi/lib/thumb/v7e-m+fp/hard/libc.a(lib_a-puts.o)
                0x0000000008003f68                . = ALIGN (0x4)
 *fill*         0x0000000008003f66        0x2 

.rel.dyn        0x0000000008003f68        0x0
 .rel.iplt      0x0000000008003f68        0x0 /opt/gcc-arm/bin/../lib/gcc/arm-none-eabi/10.3.1/thumb/v7e-m+fp/hard/crtbegin.o

.ARM.extab
 *(.ARM.extab* .gnu.linkonce.armextab.*)

.ARM            0x0000000008003f68        0x0
                0x0000000008003f68                __exidx_start = .
 *(.ARM.exidx*)
                0x0000000008003f68                __exidx_end = .

.preinit_array  0x0000000008003f68        0x0
                0x0000000008003f68                PROVIDE (__preinit_array_start = .)
 *(.preinit_array*)
                0x0000000008003f68                PROVIDE (__preinit_array_end = .)

.init_array     0x0000000008003f68        0x8
                0x0000000008003f68                PROVIDE (__init_array_start = .)
 *(SORT_BY_NAME(.init_array.*))
 .init_array.00000
                0x0000000008003f68        0x4 /opt/gcc-arm/bin/../lib/gcc/arm-none-eabi/10.3.1/../../../../arm-none-eabi/lib/thumb/v7e-m+fp/hard/libc.a(lib_a-__call_atexit.o)
 *(.init_array*)
 .init_array    0x0000000008003f6c        0x4 /opt/gcc-arm/bin/../lib/gcc/arm-none-eabi/10.3.1/thumb/v7e-m+fp/hard/crtbegin.o
                0x0000000008003f70                PROVIDE (__init_array_end = .)

.fini_array     0x0000000008003f70        0x4
                0x0000000008003f70                PROVIDE (__fini_array_start = .)
 *(SORT_BY_NAME(.fini_array.*))
 *(.fini_array*)
 .fini_array    0x0000000008003f70        0x4 /opt/gcc-arm/bin/../lib/gcc/arm-none-eabi/10.3.1/thumb/v7e-m+fp/hard/crtbegin.o
                0x0000000008003f74                PROVIDE (__fini_array_end = .)
                0x0000000008003f74                _sidata = LOADADDR (.data)

.data           0x0000000020000000      0x84c load address 0x0000000008003f74
                0x0000000020000000                . = ALIGN (0x4)
                0x0000000020000000                _sdata = .
 *(.data)
 *(.data*)
 .data.SystemCoreClock
                0x0000000020000000        0x4 /home/vlab/FreeRTOS_Work/STM32F4_Firmware/STM32F4-FreeRTOS_LED/build/system_stm32f4xx.o
                0x0000000020000000                SystemCoreClock
 .data.uxCriticalNesting
                0x0000000020000004        0x4 /home/vlab/FreeRTOS_Work/STM32F4_Firmware/STM32F4-FreeRTOS_LED/build/port.o
 .data._impure_ptr
                0x0000000020000008        0x4 /opt/gcc-arm/bin/../lib/gcc/arm-none-eabi/10.3.1/../../../../arm-none-eabi/lib/thumb/v7e-m+fp/hard/libc.a(lib_a-impure.o)
                0x0000000020000008                _impure_ptr
 *fill*         0x000000002000000c        0x4 
 .data.impure_data
                0x0000000020000010      0x428 /opt/gcc-arm/bin/../lib/gcc/arm-none-eabi/10.3.1/../../../../arm-none-eabi/lib/thumb/v7e-m+fp/hard/libc.a(lib_a-impure.o)
 .data.__atexit_recursive_mutex
                0x0000000020000438        0x4 /opt/gcc-arm/bin/../lib/gcc/arm-none-eabi/10.3.1/../../../../arm-none-eabi/lib/thumb/v7e-m+fp/hard/libc.a(lib_a-__call_atexit.o)
                0x0000000020000438                __atexit_recursive_mutex
 .data.__malloc_av_
                0x000000002000043c      0x408 /opt/gcc-arm/bin/../lib/gcc/arm-none-eabi/10.3.1/../../../../arm-none-eabi/lib/thumb/v7e-m+fp/hard/libc.a(lib_a-mallocr.o)
                0x000000002000043c                __malloc_av_
 .data.__malloc_sbrk_base
                0x0000000020000844        0x4 /opt/gcc-arm/bin/../lib/gcc/arm-none-eabi/10.3.1/../../../../arm-none-eabi/lib/thumb/v7e-m+fp/hard/libc.a(lib_a-mallocr.o)
                0x0000000020000844                __malloc_sbrk_base
 .data.__malloc_trim_threshold
                0x0000000020000848        0x4 /opt/gcc-arm/bin/../lib/gcc/arm-none-eabi/10.3.1/../../../../arm-none-eabi/lib/thumb/v7e-m+fp/hard/libc.a(lib_a-mallocr.o)
                0x0000000020000848                __malloc_trim_threshold
                0x000000002000084c                . = ALIGN (0x4)
                0x000000002000084c                _edata = .
                0x00000000080047c0                _siccmram = LOADADDR (.ccmram)

.igot.plt       0x000000002000084c        0x0 load address 0x00000000080047c0
 .igot.plt      0x000000002000084c        0x0 /opt/gcc-arm/bin/../lib/gcc/arm-none-eabi/10.3.1/thumb/v7e-m+fp/hard/crtbegin.o

.ccmram         0x0000000010000000      0xf78 load address 0x00000000080047c0
                0x0000000010000000                . = ALIGN (0x4)
                0x0000000010000000                _sccmram = .
 *(.ccmram)
 .ccmram        0x0000000010000000      0xf78 /home/vlab/FreeRTOS_Work/STM32F4_Firmware/STM32F4-FreeRTOS_LED/build/main.o
                0x0000000010000000                Task1Buffer
                0x0000000010000058                Task1Stack
                0x0000000010000458                Task2Buffer
                0x00000000100004b0                Task2Stack
                0x00000000100008b0                xIdleTaskTCB
                0x0000000010000908                uxIdleTaskStack
 *(.ccmram*)
                0x0000000010000f78                . = ALIGN (0x4)
                0x0000000010000f78                _eccmram = .
                0x0000000010000f78                . = ALIGN (0x4)

.bss            0x0000000020000850      0x2c8
                0x0000000020000850                _sbss = .
                0x0000000020000850                __bss_start__ = _sbss
 *(.bss)
 .bss           0x0000000020000850       0x1c /opt/gcc-arm/bin/../lib/gcc/arm-none-eabi/10.3.1/thumb/v7e-m+fp/hard/crtbegin.o
 *(.bss*)
 .bss.heap_end.0
                0x000000002000086c        0x4 /home/vlab/FreeRTOS_Work/STM32F4_Firmware/STM32F4-FreeRTOS_LED/build/syscalls.o
 .bss.ucMaxSysCallPriority
                0x0000000020000870        0x1 /home/vlab/FreeRTOS_Work/STM32F4_Firmware/STM32F4-FreeRTOS_LED/build/port.o
 *fill*         0x0000000020000871        0x3 
 .bss.ulMaxPRIGROUPValue
                0x0000000020000874        0x4 /home/vlab/FreeRTOS_Work/STM32F4_Firmware/STM32F4-FreeRTOS_LED/build/port.o
 .bss.xQueueRegistry
                0x0000000020000878       0x40 /home/vlab/FreeRTOS_Work/STM32F4_Firmware/STM32F4-FreeRTOS_LED/build/queue.o
                0x0000000020000878                xQueueRegistry
 .bss.pxCurrentTCB
                0x00000000200008b8        0x4 /home/vlab/FreeRTOS_Work/STM32F4_Firmware/STM32F4-FreeRTOS_LED/build/tasks.o
                0x00000000200008b8                pxCurrentTCB
 .bss.pxDelayedTaskList
                0x00000000200008bc        0x4 /home/vlab/FreeRTOS_Work/STM32F4_Firmware/STM32F4-FreeRTOS_LED/build/tasks.o
 .bss.pxOverflowDelayedTaskList
                0x00000000200008c0        0x4 /home/vlab/FreeRTOS_Work/STM32F4_Firmware/STM32F4-FreeRTOS_LED/build/tasks.o
 .bss.pxReadyTasksLists
                0x00000000200008c4       0x64 /home/vlab/FreeRTOS_Work/STM32F4_Firmware/STM32F4-FreeRTOS_LED/build/tasks.o
 .bss.uxCurrentNumberOfTasks
                0x0000000020000928        0x4 /home/vlab/FreeRTOS_Work/STM32F4_Firmware/STM32F4-FreeRTOS_LED/build/tasks.o
 .bss.uxDeletedTasksWaitingCleanUp
                0x000000002000092c        0x4 /home/vlab/FreeRTOS_Work/STM32F4_Firmware/STM32F4-FreeRTOS_LED/build/tasks.o
 .bss.uxPendedTicks
                0x0000000020000930        0x4 /home/vlab/FreeRTOS_Work/STM32F4_Firmware/STM32F4-FreeRTOS_LED/build/tasks.o
 .bss.uxSchedulerSuspended
                0x0000000020000934        0x4 /home/vlab/FreeRTOS_Work/STM32F4_Firmware/STM32F4-FreeRTOS_LED/build/tasks.o
 .bss.uxTaskNumber
                0x0000000020000938        0x4 /home/vlab/FreeRTOS_Work/STM32F4_Firmware/STM32F4-FreeRTOS_LED/build/tasks.o
 .bss.uxTopReadyPriority
                0x000000002000093c        0x4 /home/vlab/FreeRTOS_Work/STM32F4_Firmware/STM32F4-FreeRTOS_LED/build/tasks.o
 .bss.xDelayedTaskList1
                0x0000000020000940       0x14 /home/vlab/FreeRTOS_Work/STM32F4_Firmware/STM32F4-FreeRTOS_LED/build/tasks.o
 .bss.xDelayedTaskList2
                0x0000000020000954       0x14 /home/vlab/FreeRTOS_Work/STM32F4_Firmware/STM32F4-FreeRTOS_LED/build/tasks.o
 .bss.xNextTaskUnblockTime
                0x0000000020000968        0x4 /home/vlab/FreeRTOS_Work/STM32F4_Firmware/STM32F4-FreeRTOS_LED/build/tasks.o
 .bss.xNumOfOverflows
                0x000000002000096c        0x4 /home/vlab/FreeRTOS_Work/STM32F4_Firmware/STM32F4-FreeRTOS_LED/build/tasks.o
 .bss.xPendingReadyList
                0x0000000020000970       0x14 /home/vlab/FreeRTOS_Work/STM32F4_Firmware/STM32F4-FreeRTOS_LED/build/tasks.o
 .bss.xSchedulerRunning
                0x0000000020000984        0x4 /home/vlab/FreeRTOS_Work/STM32F4_Firmware/STM32F4-FreeRTOS_LED/build/tasks.o
 .bss.xSuspendedTaskList
                0x0000000020000988       0x14 /home/vlab/FreeRTOS_Work/STM32F4_Firmware/STM32F4-FreeRTOS_LED/build/tasks.o
 .bss.xTasksWaitingTermination
                0x000000002000099c       0x14 /home/vlab/FreeRTOS_Work/STM32F4_Firmware/STM32F4-FreeRTOS_LED/build/tasks.o
 .bss.xTickCount
                0x00000000200009b0        0x4 /home/vlab/FreeRTOS_Work/STM32F4_Firmware/STM32F4-FreeRTOS_LED/build/tasks.o
 .bss.xYieldPending
                0x00000000200009b4        0x4 /home/vlab/FreeRTOS_Work/STM32F4_Firmware/STM32F4-FreeRTOS_LED/build/tasks.o
 .bss.pxCurrentTimerList
                0x00000000200009b8        0x4 /home/vlab/FreeRTOS_Work/STM32F4_Firmware/STM32F4-FreeRTOS_LED/build/timers.o
 .bss.pxOverflowTimerList
                0x00000000200009bc        0x4 /home/vlab/FreeRTOS_Work/STM32F4_Firmware/STM32F4-FreeRTOS_LED/build/timers.o
 .bss.ucStaticTimerQueueStorage.1
                0x00000000200009c0       0x78 /home/vlab/FreeRTOS_Work/STM32F4_Firmware/STM32F4-FreeRTOS_LED/build/timers.o
 .bss.xActiveTimerList1
                0x0000000020000a38       0x14 /home/vlab/FreeRTOS_Work/STM32F4_Firmware/STM32F4-FreeRTOS_LED/build/timers.o
 .bss.xActiveTimerList2
                0x0000000020000a4c       0x14 /home/vlab/FreeRTOS_Work/STM32F4_Firmware/STM32F4-FreeRTOS_LED/build/timers.o
 .bss.xLastTime.2
                0x0000000020000a60        0x4 /home/vlab/FreeRTOS_Work/STM32F4_Firmware/STM32F4-FreeRTOS_LED/build/timers.o
 .bss.xStaticTimerQueue.0
                0x0000000020000a64       0x50 /home/vlab/FreeRTOS_Work/STM32F4_Firmware/STM32F4-FreeRTOS_LED/build/timers.o
 .bss.xTimerQueue
                0x0000000020000ab4        0x4 /home/vlab/FreeRTOS_Work/STM32F4_Firmware/STM32F4-FreeRTOS_LED/build/timers.o
 .bss.xTimerTaskHandle
                0x0000000020000ab8        0x4 /home/vlab/FreeRTOS_Work/STM32F4_Firmware/STM32F4-FreeRTOS_LED/build/timers.o
 .bss.pxEnd     0x0000000020000abc        0x4 /home/vlab/FreeRTOS_Work/STM32F4_Firmware/STM32F4-FreeRTOS_LED/build/heap_4.o
 .bss.xBlockAllocatedBit
                0x0000000020000ac0        0x4 /home/vlab/FreeRTOS_Work/STM32F4_Firmware/STM32F4-FreeRTOS_LED/build/heap_4.o
 .bss.xFreeBytesRemaining
                0x0000000020000ac4        0x4 /home/vlab/FreeRTOS_Work/STM32F4_Firmware/STM32F4-FreeRTOS_LED/build/heap_4.o
 .bss.xStart    0x0000000020000ac8        0x8 /home/vlab/FreeRTOS_Work/STM32F4_Firmware/STM32F4-FreeRTOS_LED/build/heap_4.o
 .bss.__lock___atexit_recursive_mutex
                0x0000000020000ad0        0x1 /opt/gcc-arm/bin/../lib/gcc/arm-none-eabi/10.3.1/../../../../arm-none-eabi/lib/thumb/v7e-m+fp/hard/libc.a(lib_a-lock.o)
                0x0000000020000ad0                __lock___atexit_recursive_mutex
 *fill*         0x0000000020000ad1        0x3 
 .bss.__lock___malloc_recursive_mutex
                0x0000000020000ad4        0x1 /opt/gcc-arm/bin/../lib/gcc/arm-none-eabi/10.3.1/../../../../arm-none-eabi/lib/thumb/v7e-m+fp/hard/libc.a(lib_a-lock.o)
                0x0000000020000ad4                __lock___malloc_recursive_mutex
 *fill*         0x0000000020000ad5        0x3 
 .bss.__lock___sfp_recursive_mutex
                0x0000000020000ad8        0x1 /opt/gcc-arm/bin/../lib/gcc/arm-none-eabi/10.3.1/../../../../arm-none-eabi/lib/thumb/v7e-m+fp/hard/libc.a(lib_a-lock.o)
                0x0000000020000ad8                __lock___sfp_recursive_mutex
 *fill*         0x0000000020000ad9        0x3 
 .bss.__lock___sinit_recursive_mutex
                0x0000000020000adc        0x1 /opt/gcc-arm/bin/../lib/gcc/arm-none-eabi/10.3.1/../../../../arm-none-eabi/lib/thumb/v7e-m+fp/hard/libc.a(lib_a-lock.o)
                0x0000000020000adc                __lock___sinit_recursive_mutex
 *fill*         0x0000000020000add        0x3 
 .bss.__malloc_current_mallinfo
                0x0000000020000ae0       0x28 /opt/gcc-arm/bin/../lib/gcc/arm-none-eabi/10.3.1/../../../../arm-none-eabi/lib/thumb/v7e-m+fp/hard/libc.a(lib_a-mallocr.o)
                0x0000000020000ae0                __malloc_current_mallinfo
 .bss.__malloc_max_sbrked_mem
                0x0000000020000b08        0x4 /opt/gcc-arm/bin/../lib/gcc/arm-none-eabi/10.3.1/../../../../arm-none-eabi/lib/thumb/v7e-m+fp/hard/libc.a(lib_a-mallocr.o)
                0x0000000020000b08                __malloc_max_sbrked_mem
 .bss.__malloc_max_total_mem
                0x0000000020000b0c        0x4 /opt/gcc-arm/bin/../lib/gcc/arm-none-eabi/10.3.1/../../../../arm-none-eabi/lib/thumb/v7e-m+fp/hard/libc.a(lib_a-mallocr.o)
                0x0000000020000b0c                __malloc_max_total_mem
 .bss.__malloc_top_pad
                0x0000000020000b10        0x4 /opt/gcc-arm/bin/../lib/gcc/arm-none-eabi/10.3.1/../../../../arm-none-eabi/lib/thumb/v7e-m+fp/hard/libc.a(lib_a-mallocr.o)
                0x0000000020000b10                __malloc_top_pad
 .bss.errno     0x0000000020000b14        0x4 /opt/gcc-arm/bin/../lib/gcc/arm-none-eabi/10.3.1/../../../../arm-none-eabi/lib/thumb/v7e-m+fp/hard/libc.a(lib_a-reent.o)
                0x0000000020000b14                errno
 *(COMMON)
                0x0000000020000b18                . = ALIGN (0x4)
                0x0000000020000b18                _ebss = .
                0x0000000020000b18                __bss_end__ = _ebss

._user_heap_stack
                0x0000000020000b18      0x600
                0x0000000020000b18                . = ALIGN (0x4)
                0x0000000020000b18                PROVIDE (end = .)
                [!provide]                        PROVIDE (_end = .)
                0x0000000020000d18                . = (. + _Min_Heap_Size)
 *fill*         0x0000000020000b18      0x200 
                0x0000000020001118                . = (. + _Min_Stack_Size)
 *fill*         0x0000000020000d18      0x400 
                0x0000000020001118                . = ALIGN (0x4)

/DISCARD/
 libc.a(*)
 libm.a(*)
 libgcc.a(*)

.ARM.attributes
                0x0000000000000000       0x30
 *(.ARM.attributes)
 .ARM.attributes
                0x0000000000000000       0x1e /opt/gcc-arm/bin/../lib/gcc/arm-none-eabi/10.3.1/thumb/v7e-m+fp/hard/crti.o
 .ARM.attributes
                0x000000000000001e       0x34 /opt/gcc-arm/bin/../lib/gcc/arm-none-eabi/10.3.1/thumb/v7e-m+fp/hard/crtbegin.o
 .ARM.attributes
                0x0000000000000052       0x34 /home/vlab/FreeRTOS_Work/STM32F4_Firmware/STM32F4-FreeRTOS_LED/build/stm32f4xx_it.o
 .ARM.attributes
                0x0000000000000086       0x34 /home/vlab/FreeRTOS_Work/STM32F4_Firmware/STM32F4-FreeRTOS_LED/build/system_stm32f4xx.o
 .ARM.attributes
                0x00000000000000ba       0x34 /home/vlab/FreeRTOS_Work/STM32F4_Firmware/STM32F4-FreeRTOS_LED/build/main.o
 .ARM.attributes
                0x00000000000000ee       0x34 /home/vlab/FreeRTOS_Work/STM32F4_Firmware/STM32F4-FreeRTOS_LED/build/syscalls.o
 .ARM.attributes
                0x0000000000000122       0x34 /home/vlab/FreeRTOS_Work/STM32F4_Firmware/STM32F4-FreeRTOS_LED/build/port.o
 .ARM.attributes
                0x0000000000000156       0x34 /home/vlab/FreeRTOS_Work/STM32F4_Firmware/STM32F4-FreeRTOS_LED/build/list.o
 .ARM.attributes
                0x000000000000018a       0x34 /home/vlab/FreeRTOS_Work/STM32F4_Firmware/STM32F4-FreeRTOS_LED/build/queue.o
 .ARM.attributes
                0x00000000000001be       0x34 /home/vlab/FreeRTOS_Work/STM32F4_Firmware/STM32F4-FreeRTOS_LED/build/tasks.o
 .ARM.attributes
                0x00000000000001f2       0x34 /home/vlab/FreeRTOS_Work/STM32F4_Firmware/STM32F4-FreeRTOS_LED/build/timers.o
 .ARM.attributes
                0x0000000000000226       0x34 /home/vlab/FreeRTOS_Work/STM32F4_Firmware/STM32F4-FreeRTOS_LED/build/heap_4.o
 .ARM.attributes
                0x000000000000025a       0x34 /home/vlab/FreeRTOS_Work/STM32F4_Firmware/STM32F4-FreeRTOS_LED/build/misc.o
 .ARM.attributes
                0x000000000000028e       0x34 /home/vlab/FreeRTOS_Work/STM32F4_Firmware/STM32F4-FreeRTOS_LED/build/stm32f4xx_usart.o
 .ARM.attributes
                0x00000000000002c2       0x34 /home/vlab/FreeRTOS_Work/STM32F4_Firmware/STM32F4-FreeRTOS_LED/build/stm32f4xx_gpio.o
 .ARM.attributes
                0x00000000000002f6       0x21 /home/vlab/FreeRTOS_Work/STM32F4_Firmware/STM32F4-FreeRTOS_LED/build/startup_stm32f4xx.o
 .ARM.attributes
                0x0000000000000317       0x34 /opt/gcc-arm/bin/../lib/gcc/arm-none-eabi/10.3.1/../../../../arm-none-eabi/lib/thumb/v7e-m+fp/hard/libc.a(lib_a-errno.o)
 .ARM.attributes
                0x000000000000034b       0x34 /opt/gcc-arm/bin/../lib/gcc/arm-none-eabi/10.3.1/../../../../arm-none-eabi/lib/thumb/v7e-m+fp/hard/libc.a(lib_a-impure.o)
 .ARM.attributes
                0x000000000000037f       0x34 /opt/gcc-arm/bin/../lib/gcc/arm-none-eabi/10.3.1/../../../../arm-none-eabi/lib/thumb/v7e-m+fp/hard/libc.a(lib_a-init.o)
 .ARM.attributes
                0x00000000000003b3       0x1c /opt/gcc-arm/bin/../lib/gcc/arm-none-eabi/10.3.1/../../../../arm-none-eabi/lib/thumb/v7e-m+fp/hard/libc.a(lib_a-memcpy.o)
 .ARM.attributes
                0x00000000000003cf       0x34 /opt/gcc-arm/bin/../lib/gcc/arm-none-eabi/10.3.1/../../../../arm-none-eabi/lib/thumb/v7e-m+fp/hard/libc.a(lib_a-memset.o)
 .ARM.attributes
                0x0000000000000403       0x34 /opt/gcc-arm/bin/../lib/gcc/arm-none-eabi/10.3.1/../../../../arm-none-eabi/lib/thumb/v7e-m+fp/hard/libc.a(lib_a-puts.o)
 .ARM.attributes
                0x0000000000000437       0x1c /opt/gcc-arm/bin/../lib/gcc/arm-none-eabi/10.3.1/../../../../arm-none-eabi/lib/thumb/v7e-m+fp/hard/libc.a(lib_a-strlen.o)
 .ARM.attributes
                0x0000000000000453       0x34 /opt/gcc-arm/bin/../lib/gcc/arm-none-eabi/10.3.1/../../../../arm-none-eabi/lib/thumb/v7e-m+fp/hard/libc.a(lib_a-__call_atexit.o)
 .ARM.attributes
                0x0000000000000487       0x34 /opt/gcc-arm/bin/../lib/gcc/arm-none-eabi/10.3.1/../../../../arm-none-eabi/lib/thumb/v7e-m+fp/hard/libc.a(lib_a-atexit.o)
 .ARM.attributes
                0x00000000000004bb       0x34 /opt/gcc-arm/bin/../lib/gcc/arm-none-eabi/10.3.1/../../../../arm-none-eabi/lib/thumb/v7e-m+fp/hard/libc.a(lib_a-findfp.o)
 .ARM.attributes
                0x00000000000004ef       0x34 /opt/gcc-arm/bin/../lib/gcc/arm-none-eabi/10.3.1/../../../../arm-none-eabi/lib/thumb/v7e-m+fp/hard/libc.a(lib_a-fini.o)
 .ARM.attributes
                0x0000000000000523       0x34 /opt/gcc-arm/bin/../lib/gcc/arm-none-eabi/10.3.1/../../../../arm-none-eabi/lib/thumb/v7e-m+fp/hard/libc.a(lib_a-fvwrite.o)
 .ARM.attributes
                0x0000000000000557       0x34 /opt/gcc-arm/bin/../lib/gcc/arm-none-eabi/10.3.1/../../../../arm-none-eabi/lib/thumb/v7e-m+fp/hard/libc.a(lib_a-fwalk.o)
 .ARM.attributes
                0x000000000000058b       0x34 /opt/gcc-arm/bin/../lib/gcc/arm-none-eabi/10.3.1/../../../../arm-none-eabi/lib/thumb/v7e-m+fp/hard/libc.a(lib_a-lock.o)
 .ARM.attributes
                0x00000000000005bf       0x34 /opt/gcc-arm/bin/../lib/gcc/arm-none-eabi/10.3.1/../../../../arm-none-eabi/lib/thumb/v7e-m+fp/hard/libc.a(lib_a-mallocr.o)
 .ARM.attributes
                0x00000000000005f3       0x1c /opt/gcc-arm/bin/../lib/gcc/arm-none-eabi/10.3.1/../../../../arm-none-eabi/lib/thumb/v7e-m+fp/hard/libc.a(lib_a-memchr.o)
 .ARM.attributes
                0x000000000000060f       0x34 /opt/gcc-arm/bin/../lib/gcc/arm-none-eabi/10.3.1/../../../../arm-none-eabi/lib/thumb/v7e-m+fp/hard/libc.a(lib_a-memmove.o)
 .ARM.attributes
                0x0000000000000643       0x34 /opt/gcc-arm/bin/../lib/gcc/arm-none-eabi/10.3.1/../../../../arm-none-eabi/lib/thumb/v7e-m+fp/hard/libc.a(lib_a-mlock.o)
 .ARM.attributes
                0x0000000000000677       0x34 /opt/gcc-arm/bin/../lib/gcc/arm-none-eabi/10.3.1/../../../../arm-none-eabi/lib/thumb/v7e-m+fp/hard/libc.a(lib_a-reallocr.o)
 .ARM.attributes
                0x00000000000006ab       0x34 /opt/gcc-arm/bin/../lib/gcc/arm-none-eabi/10.3.1/../../../../arm-none-eabi/lib/thumb/v7e-m+fp/hard/libc.a(lib_a-sbrkr.o)
 .ARM.attributes
                0x00000000000006df       0x34 /opt/gcc-arm/bin/../lib/gcc/arm-none-eabi/10.3.1/../../../../arm-none-eabi/lib/thumb/v7e-m+fp/hard/libc.a(lib_a-stdio.o)
 .ARM.attributes
                0x0000000000000713       0x34 /opt/gcc-arm/bin/../lib/gcc/arm-none-eabi/10.3.1/../../../../arm-none-eabi/lib/thumb/v7e-m+fp/hard/libc.a(lib_a-writer.o)
 .ARM.attributes
                0x0000000000000747       0x34 /opt/gcc-arm/bin/../lib/gcc/arm-none-eabi/10.3.1/../../../../arm-none-eabi/lib/thumb/v7e-m+fp/hard/libc.a(lib_a-wsetup.o)
 .ARM.attributes
                0x000000000000077b       0x34 /opt/gcc-arm/bin/../lib/gcc/arm-none-eabi/10.3.1/../../../../arm-none-eabi/lib/thumb/v7e-m+fp/hard/libc.a(lib_a-__atexit.o)
 .ARM.attributes
                0x00000000000007af       0x34 /opt/gcc-arm/bin/../lib/gcc/arm-none-eabi/10.3.1/../../../../arm-none-eabi/lib/thumb/v7e-m+fp/hard/libc.a(lib_a-closer.o)
 .ARM.attributes
                0x00000000000007e3       0x34 /opt/gcc-arm/bin/../lib/gcc/arm-none-eabi/10.3.1/../../../../arm-none-eabi/lib/thumb/v7e-m+fp/hard/libc.a(lib_a-fclose.o)
 .ARM.attributes
                0x0000000000000817       0x34 /opt/gcc-arm/bin/../lib/gcc/arm-none-eabi/10.3.1/../../../../arm-none-eabi/lib/thumb/v7e-m+fp/hard/libc.a(lib_a-fflush.o)
 .ARM.attributes
                0x000000000000084b       0x34 /opt/gcc-arm/bin/../lib/gcc/arm-none-eabi/10.3.1/../../../../arm-none-eabi/lib/thumb/v7e-m+fp/hard/libc.a(lib_a-freer.o)
 .ARM.attributes
                0x000000000000087f       0x34 /opt/gcc-arm/bin/../lib/gcc/arm-none-eabi/10.3.1/../../../../arm-none-eabi/lib/thumb/v7e-m+fp/hard/libc.a(lib_a-lseekr.o)
 .ARM.attributes
                0x00000000000008b3       0x34 /opt/gcc-arm/bin/../lib/gcc/arm-none-eabi/10.3.1/../../../../arm-none-eabi/lib/thumb/v7e-m+fp/hard/libc.a(lib_a-makebuf.o)
 .ARM.attributes
                0x00000000000008e7       0x34 /opt/gcc-arm/bin/../lib/gcc/arm-none-eabi/10.3.1/../../../../arm-none-eabi/lib/thumb/v7e-m+fp/hard/libc.a(lib_a-readr.o)
 .ARM.attributes
                0x000000000000091b       0x34 /opt/gcc-arm/bin/../lib/gcc/arm-none-eabi/10.3.1/../../../../arm-none-eabi/lib/thumb/v7e-m+fp/hard/libc.a(lib_a-reent.o)
 .ARM.attributes
                0x000000000000094f       0x34 /opt/gcc-arm/bin/../lib/gcc/arm-none-eabi/10.3.1/../../../../arm-none-eabi/lib/thumb/v7e-m+fp/hard/libc.a(lib_a-fstatr.o)
 .ARM.attributes
                0x0000000000000983       0x34 /opt/gcc-arm/bin/../lib/gcc/arm-none-eabi/10.3.1/../../../../arm-none-eabi/lib/thumb/v7e-m+fp/hard/libc.a(lib_a-isattyr.o)
 .ARM.attributes
                0x00000000000009b7       0x1e /opt/gcc-arm/bin/../lib/gcc/arm-none-eabi/10.3.1/thumb/v7e-m+fp/hard/crtn.o
OUTPUT(/home/vlab/FreeRTOS_Work/STM32F4_Firmware/STM32F4-FreeRTOS_LED/binary/FreeRTOS.elf elf32-littlearm)
LOAD linker stubs
LOAD /opt/gcc-arm/bin/../lib/gcc/arm-none-eabi/10.3.1/../../../../arm-none-eabi/lib/thumb/v7e-m+fp/hard/libc.a
LOAD /opt/gcc-arm/bin/../lib/gcc/arm-none-eabi/10.3.1/../../../../arm-none-eabi/lib/thumb/v7e-m+fp/hard/libm.a
LOAD /opt/gcc-arm/bin/../lib/gcc/arm-none-eabi/10.3.1/thumb/v7e-m+fp/hard/libgcc.a

.debug_info     0x0000000000000000     0xc90c
 .debug_info    0x0000000000000000      0x18e /home/vlab/FreeRTOS_Work/STM32F4_Firmware/STM32F4-FreeRTOS_LED/build/stm32f4xx_it.o
 .debug_info    0x000000000000018e      0x559 /home/vlab/FreeRTOS_Work/STM32F4_Firmware/STM32F4-FreeRTOS_LED/build/system_stm32f4xx.o
 .debug_info    0x00000000000006e7      0x8a0 /home/vlab/FreeRTOS_Work/STM32F4_Firmware/STM32F4-FreeRTOS_LED/build/main.o
 .debug_info    0x0000000000000f87      0x6c9 /home/vlab/FreeRTOS_Work/STM32F4_Firmware/STM32F4-FreeRTOS_LED/build/syscalls.o
 .debug_info    0x0000000000001650      0x547 /home/vlab/FreeRTOS_Work/STM32F4_Firmware/STM32F4-FreeRTOS_LED/build/port.o
 .debug_info    0x0000000000001b97      0x2ce /home/vlab/FreeRTOS_Work/STM32F4_Firmware/STM32F4-FreeRTOS_LED/build/list.o
 .debug_info    0x0000000000001e65     0x3063 /home/vlab/FreeRTOS_Work/STM32F4_Firmware/STM32F4-FreeRTOS_LED/build/queue.o
 .debug_info    0x0000000000004ec8     0x3d30 /home/vlab/FreeRTOS_Work/STM32F4_Firmware/STM32F4-FreeRTOS_LED/build/tasks.o
 .debug_info    0x0000000000008bf8     0x1d46 /home/vlab/FreeRTOS_Work/STM32F4_Firmware/STM32F4-FreeRTOS_LED/build/timers.o
 .debug_info    0x000000000000a93e      0x4f9 /home/vlab/FreeRTOS_Work/STM32F4_Firmware/STM32F4-FreeRTOS_LED/build/heap_4.o
 .debug_info    0x000000000000ae37      0x582 /home/vlab/FreeRTOS_Work/STM32F4_Firmware/STM32F4-FreeRTOS_LED/build/misc.o
 .debug_info    0x000000000000b3b9      0xc9c /home/vlab/FreeRTOS_Work/STM32F4_Firmware/STM32F4-FreeRTOS_LED/build/stm32f4xx_usart.o
 .debug_info    0x000000000000c055      0x8b7 /home/vlab/FreeRTOS_Work/STM32F4_Firmware/STM32F4-FreeRTOS_LED/build/stm32f4xx_gpio.o

.debug_abbrev   0x0000000000000000     0x1e37
 .debug_abbrev  0x0000000000000000       0xd5 /home/vlab/FreeRTOS_Work/STM32F4_Firmware/STM32F4-FreeRTOS_LED/build/stm32f4xx_it.o
 .debug_abbrev  0x00000000000000d5      0x12c /home/vlab/FreeRTOS_Work/STM32F4_Firmware/STM32F4-FreeRTOS_LED/build/system_stm32f4xx.o
 .debug_abbrev  0x0000000000000201      0x2a1 /home/vlab/FreeRTOS_Work/STM32F4_Firmware/STM32F4-FreeRTOS_LED/build/main.o
 .debug_abbrev  0x00000000000004a2      0x1ec /home/vlab/FreeRTOS_Work/STM32F4_Firmware/STM32F4-FreeRTOS_LED/build/syscalls.o
 .debug_abbrev  0x000000000000068e      0x253 /home/vlab/FreeRTOS_Work/STM32F4_Firmware/STM32F4-FreeRTOS_LED/build/port.o
 .debug_abbrev  0x00000000000008e1       0xff /home/vlab/FreeRTOS_Work/STM32F4_Firmware/STM32F4-FreeRTOS_LED/build/list.o
 .debug_abbrev  0x00000000000009e0      0x401 /home/vlab/FreeRTOS_Work/STM32F4_Firmware/STM32F4-FreeRTOS_LED/build/queue.o
 .debug_abbrev  0x0000000000000de1      0x49e /home/vlab/FreeRTOS_Work/STM32F4_Firmware/STM32F4-FreeRTOS_LED/build/tasks.o
 .debug_abbrev  0x000000000000127f      0x37d /home/vlab/FreeRTOS_Work/STM32F4_Firmware/STM32F4-FreeRTOS_LED/build/timers.o
 .debug_abbrev  0x00000000000015fc      0x2a8 /home/vlab/FreeRTOS_Work/STM32F4_Firmware/STM32F4-FreeRTOS_LED/build/heap_4.o
 .debug_abbrev  0x00000000000018a4      0x187 /home/vlab/FreeRTOS_Work/STM32F4_Firmware/STM32F4-FreeRTOS_LED/build/misc.o
 .debug_abbrev  0x0000000000001a2b      0x1eb /home/vlab/FreeRTOS_Work/STM32F4_Firmware/STM32F4-FreeRTOS_LED/build/stm32f4xx_usart.o
 .debug_abbrev  0x0000000000001c16      0x221 /home/vlab/FreeRTOS_Work/STM32F4_Firmware/STM32F4-FreeRTOS_LED/build/stm32f4xx_gpio.o

.debug_aranges  0x0000000000000000      0x730
 .debug_aranges
                0x0000000000000000       0x48 /home/vlab/FreeRTOS_Work/STM32F4_Firmware/STM32F4-FreeRTOS_LED/build/stm32f4xx_it.o
 .debug_aranges
                0x0000000000000048       0x28 /home/vlab/FreeRTOS_Work/STM32F4_Firmware/STM32F4-FreeRTOS_LED/build/system_stm32f4xx.o
 .debug_aranges
                0x0000000000000070       0x60 /home/vlab/FreeRTOS_Work/STM32F4_Firmware/STM32F4-FreeRTOS_LED/build/main.o
 .debug_aranges
                0x00000000000000d0       0x68 /home/vlab/FreeRTOS_Work/STM32F4_Firmware/STM32F4-FreeRTOS_LED/build/syscalls.o
 .debug_aranges
                0x0000000000000138       0x80 /home/vlab/FreeRTOS_Work/STM32F4_Firmware/STM32F4-FreeRTOS_LED/build/port.o
 .debug_aranges
                0x00000000000001b8       0x40 /home/vlab/FreeRTOS_Work/STM32F4_Firmware/STM32F4-FreeRTOS_LED/build/list.o
 .debug_aranges
                0x00000000000001f8      0x100 /home/vlab/FreeRTOS_Work/STM32F4_Firmware/STM32F4-FreeRTOS_LED/build/queue.o
 .debug_aranges
                0x00000000000002f8      0x1b0 /home/vlab/FreeRTOS_Work/STM32F4_Firmware/STM32F4-FreeRTOS_LED/build/tasks.o
 .debug_aranges
                0x00000000000004a8       0x80 /home/vlab/FreeRTOS_Work/STM32F4_Firmware/STM32F4-FreeRTOS_LED/build/timers.o
 .debug_aranges
                0x0000000000000528       0x40 /home/vlab/FreeRTOS_Work/STM32F4_Firmware/STM32F4-FreeRTOS_LED/build/heap_4.o
 .debug_aranges
                0x0000000000000568       0x40 /home/vlab/FreeRTOS_Work/STM32F4_Firmware/STM32F4-FreeRTOS_LED/build/misc.o
 .debug_aranges
                0x00000000000005a8      0x100 /home/vlab/FreeRTOS_Work/STM32F4_Firmware/STM32F4-FreeRTOS_LED/build/stm32f4xx_usart.o
 .debug_aranges
                0x00000000000006a8       0x88 /home/vlab/FreeRTOS_Work/STM32F4_Firmware/STM32F4-FreeRTOS_LED/build/stm32f4xx_gpio.o

.debug_ranges   0x0000000000000000     0x1448
 .debug_ranges  0x0000000000000000       0x38 /home/vlab/FreeRTOS_Work/STM32F4_Firmware/STM32F4-FreeRTOS_LED/build/stm32f4xx_it.o
 .debug_ranges  0x0000000000000038       0x18 /home/vlab/FreeRTOS_Work/STM32F4_Firmware/STM32F4-FreeRTOS_LED/build/system_stm32f4xx.o
 .debug_ranges  0x0000000000000050       0x80 /home/vlab/FreeRTOS_Work/STM32F4_Firmware/STM32F4-FreeRTOS_LED/build/main.o
 .debug_ranges  0x00000000000000d0       0x58 /home/vlab/FreeRTOS_Work/STM32F4_Firmware/STM32F4-FreeRTOS_LED/build/syscalls.o
 .debug_ranges  0x0000000000000128       0xb0 /home/vlab/FreeRTOS_Work/STM32F4_Firmware/STM32F4-FreeRTOS_LED/build/port.o
 .debug_ranges  0x00000000000001d8       0x30 /home/vlab/FreeRTOS_Work/STM32F4_Firmware/STM32F4-FreeRTOS_LED/build/list.o
 .debug_ranges  0x0000000000000208      0x560 /home/vlab/FreeRTOS_Work/STM32F4_Firmware/STM32F4-FreeRTOS_LED/build/queue.o
 .debug_ranges  0x0000000000000768      0x798 /home/vlab/FreeRTOS_Work/STM32F4_Firmware/STM32F4-FreeRTOS_LED/build/tasks.o
 .debug_ranges  0x0000000000000f00      0x340 /home/vlab/FreeRTOS_Work/STM32F4_Firmware/STM32F4-FreeRTOS_LED/build/timers.o
 .debug_ranges  0x0000000000001240       0x70 /home/vlab/FreeRTOS_Work/STM32F4_Firmware/STM32F4-FreeRTOS_LED/build/heap_4.o
 .debug_ranges  0x00000000000012b0       0x30 /home/vlab/FreeRTOS_Work/STM32F4_Firmware/STM32F4-FreeRTOS_LED/build/misc.o
 .debug_ranges  0x00000000000012e0       0xf0 /home/vlab/FreeRTOS_Work/STM32F4_Firmware/STM32F4-FreeRTOS_LED/build/stm32f4xx_usart.o
 .debug_ranges  0x00000000000013d0       0x78 /home/vlab/FreeRTOS_Work/STM32F4_Firmware/STM32F4-FreeRTOS_LED/build/stm32f4xx_gpio.o

.debug_line     0x0000000000000000     0xa46e
 .debug_line    0x0000000000000000      0x1f7 /home/vlab/FreeRTOS_Work/STM32F4_Firmware/STM32F4-FreeRTOS_LED/build/stm32f4xx_it.o
 .debug_line    0x00000000000001f7      0x2e8 /home/vlab/FreeRTOS_Work/STM32F4_Firmware/STM32F4-FreeRTOS_LED/build/system_stm32f4xx.o
 .debug_line    0x00000000000004df      0x4e7 /home/vlab/FreeRTOS_Work/STM32F4_Firmware/STM32F4-FreeRTOS_LED/build/main.o
 .debug_line    0x00000000000009c6      0x41e /home/vlab/FreeRTOS_Work/STM32F4_Firmware/STM32F4-FreeRTOS_LED/build/syscalls.o
 .debug_line    0x0000000000000de4      0x79c /home/vlab/FreeRTOS_Work/STM32F4_Firmware/STM32F4-FreeRTOS_LED/build/port.o
 .debug_line    0x0000000000001580      0x37b /home/vlab/FreeRTOS_Work/STM32F4_Firmware/STM32F4-FreeRTOS_LED/build/list.o
 .debug_line    0x00000000000018fb     0x295f /home/vlab/FreeRTOS_Work/STM32F4_Firmware/STM32F4-FreeRTOS_LED/build/queue.o
 .debug_line    0x000000000000425a     0x379a /home/vlab/FreeRTOS_Work/STM32F4_Firmware/STM32F4-FreeRTOS_LED/build/tasks.o
 .debug_line    0x00000000000079f4      0xfc3 /home/vlab/FreeRTOS_Work/STM32F4_Firmware/STM32F4-FreeRTOS_LED/build/timers.o
 .debug_line    0x00000000000089b7      0x6ff /home/vlab/FreeRTOS_Work/STM32F4_Firmware/STM32F4-FreeRTOS_LED/build/heap_4.o
 .debug_line    0x00000000000090b6      0x3a0 /home/vlab/FreeRTOS_Work/STM32F4_Firmware/STM32F4-FreeRTOS_LED/build/misc.o
 .debug_line    0x0000000000009456      0x9d8 /home/vlab/FreeRTOS_Work/STM32F4_Firmware/STM32F4-FreeRTOS_LED/build/stm32f4xx_usart.o
 .debug_line    0x0000000000009e2e      0x640 /home/vlab/FreeRTOS_Work/STM32F4_Firmware/STM32F4-FreeRTOS_LED/build/stm32f4xx_gpio.o

.debug_str      0x0000000000000000     0x319b
 .debug_str     0x0000000000000000      0x229 /home/vlab/FreeRTOS_Work/STM32F4_Firmware/STM32F4-FreeRTOS_LED/build/stm32f4xx_it.o
                                        0x266 (size before relaxing)
 .debug_str     0x0000000000000229      0x23c /home/vlab/FreeRTOS_Work/STM32F4_Firmware/STM32F4-FreeRTOS_LED/build/system_stm32f4xx.o
                                        0x3c6 (size before relaxing)
 .debug_str     0x0000000000000465      0x51f /home/vlab/FreeRTOS_Work/STM32F4_Firmware/STM32F4-FreeRTOS_LED/build/main.o
                                        0x68b (size before relaxing)
 .debug_str     0x0000000000000984      0x20a /home/vlab/FreeRTOS_Work/STM32F4_Firmware/STM32F4-FreeRTOS_LED/build/syscalls.o
                                        0x447 (size before relaxing)
 .debug_str     0x0000000000000b8e      0x272 /home/vlab/FreeRTOS_Work/STM32F4_Firmware/STM32F4-FreeRTOS_LED/build/port.o
                                        0x470 (size before relaxing)
 .debug_str     0x0000000000000e00      0x155 /home/vlab/FreeRTOS_Work/STM32F4_Firmware/STM32F4-FreeRTOS_LED/build/list.o
                                        0x30f (size before relaxing)
 .debug_str     0x0000000000000f55      0x837 /home/vlab/FreeRTOS_Work/STM32F4_Firmware/STM32F4-FreeRTOS_LED/build/queue.o
                                        0xb8d (size before relaxing)
 .debug_str     0x000000000000178c      0xaa4 /home/vlab/FreeRTOS_Work/STM32F4_Firmware/STM32F4-FreeRTOS_LED/build/tasks.o
                                       0x124f (size before relaxing)
 .debug_str     0x0000000000002230      0x4c4 /home/vlab/FreeRTOS_Work/STM32F4_Firmware/STM32F4-FreeRTOS_LED/build/timers.o
                                        0xb22 (size before relaxing)
 .debug_str     0x00000000000026f4      0x1f4 /home/vlab/FreeRTOS_Work/STM32F4_Firmware/STM32F4-FreeRTOS_LED/build/heap_4.o
                                        0x415 (size before relaxing)
 .debug_str     0x00000000000028e8      0x20f /home/vlab/FreeRTOS_Work/STM32F4_Firmware/STM32F4-FreeRTOS_LED/build/misc.o
                                        0x43d (size before relaxing)
 .debug_str     0x0000000000002af7      0x4e6 /home/vlab/FreeRTOS_Work/STM32F4_Firmware/STM32F4-FreeRTOS_LED/build/stm32f4xx_usart.o
                                        0x73e (size before relaxing)
 .debug_str     0x0000000000002fdd      0x1be /home/vlab/FreeRTOS_Work/STM32F4_Firmware/STM32F4-FreeRTOS_LED/build/stm32f4xx_gpio.o
                                        0x526 (size before relaxing)

.comment        0x0000000000000000       0x49
 .comment       0x0000000000000000       0x49 /home/vlab/FreeRTOS_Work/STM32F4_Firmware/STM32F4-FreeRTOS_LED/build/stm32f4xx_it.o
                                         0x4a (size before relaxing)
 .comment       0x0000000000000049       0x4a /home/vlab/FreeRTOS_Work/STM32F4_Firmware/STM32F4-FreeRTOS_LED/build/system_stm32f4xx.o
 .comment       0x0000000000000049       0x4a /home/vlab/FreeRTOS_Work/STM32F4_Firmware/STM32F4-FreeRTOS_LED/build/main.o
 .comment       0x0000000000000049       0x4a /home/vlab/FreeRTOS_Work/STM32F4_Firmware/STM32F4-FreeRTOS_LED/build/syscalls.o
 .comment       0x0000000000000049       0x4a /home/vlab/FreeRTOS_Work/STM32F4_Firmware/STM32F4-FreeRTOS_LED/build/port.o
 .comment       0x0000000000000049       0x4a /home/vlab/FreeRTOS_Work/STM32F4_Firmware/STM32F4-FreeRTOS_LED/build/list.o
 .comment       0x0000000000000049       0x4a /home/vlab/FreeRTOS_Work/STM32F4_Firmware/STM32F4-FreeRTOS_LED/build/queue.o
 .comment       0x0000000000000049       0x4a /home/vlab/FreeRTOS_Work/STM32F4_Firmware/STM32F4-FreeRTOS_LED/build/tasks.o
 .comment       0x0000000000000049       0x4a /home/vlab/FreeRTOS_Work/STM32F4_Firmware/STM32F4-FreeRTOS_LED/build/timers.o
 .comment       0x0000000000000049       0x4a /home/vlab/FreeRTOS_Work/STM32F4_Firmware/STM32F4-FreeRTOS_LED/build/heap_4.o
 .comment       0x0000000000000049       0x4a /home/vlab/FreeRTOS_Work/STM32F4_Firmware/STM32F4-FreeRTOS_LED/build/misc.o
 .comment       0x0000000000000049       0x4a /home/vlab/FreeRTOS_Work/STM32F4_Firmware/STM32F4-FreeRTOS_LED/build/stm32f4xx_usart.o
 .comment       0x0000000000000049       0x4a /home/vlab/FreeRTOS_Work/STM32F4_Firmware/STM32F4-FreeRTOS_LED/build/stm32f4xx_gpio.o

.debug_frame    0x0000000000000000     0x1e80
 .debug_frame   0x0000000000000000       0x90 /home/vlab/FreeRTOS_Work/STM32F4_Firmware/STM32F4-FreeRTOS_LED/build/stm32f4xx_it.o
 .debug_frame   0x0000000000000090       0x3c /home/vlab/FreeRTOS_Work/STM32F4_Firmware/STM32F4-FreeRTOS_LED/build/system_stm32f4xx.o
 .debug_frame   0x00000000000000cc       0xf4 /home/vlab/FreeRTOS_Work/STM32F4_Firmware/STM32F4-FreeRTOS_LED/build/main.o
 .debug_frame   0x00000000000001c0       0xe8 /home/vlab/FreeRTOS_Work/STM32F4_Firmware/STM32F4-FreeRTOS_LED/build/syscalls.o
 .debug_frame   0x00000000000002a8      0x104 /home/vlab/FreeRTOS_Work/STM32F4_Firmware/STM32F4-FreeRTOS_LED/build/port.o
 .debug_frame   0x00000000000003ac       0x88 /home/vlab/FreeRTOS_Work/STM32F4_Firmware/STM32F4-FreeRTOS_LED/build/list.o
 .debug_frame   0x0000000000000434      0x370 /home/vlab/FreeRTOS_Work/STM32F4_Firmware/STM32F4-FreeRTOS_LED/build/queue.o
 .debug_frame   0x00000000000007a4      0x704 /home/vlab/FreeRTOS_Work/STM32F4_Firmware/STM32F4-FreeRTOS_LED/build/tasks.o
 .debug_frame   0x0000000000000ea8      0x1d8 /home/vlab/FreeRTOS_Work/STM32F4_Firmware/STM32F4-FreeRTOS_LED/build/timers.o
 .debug_frame   0x0000000000001080       0x88 /home/vlab/FreeRTOS_Work/STM32F4_Firmware/STM32F4-FreeRTOS_LED/build/heap_4.o
 .debug_frame   0x0000000000001108       0x60 /home/vlab/FreeRTOS_Work/STM32F4_Firmware/STM32F4-FreeRTOS_LED/build/misc.o
 .debug_frame   0x0000000000001168      0x244 /home/vlab/FreeRTOS_Work/STM32F4_Firmware/STM32F4-FreeRTOS_LED/build/stm32f4xx_usart.o
 .debug_frame   0x00000000000013ac      0x168 /home/vlab/FreeRTOS_Work/STM32F4_Firmware/STM32F4-FreeRTOS_LED/build/stm32f4xx_gpio.o
 .debug_frame   0x0000000000001514       0x20 /opt/gcc-arm/bin/../lib/gcc/arm-none-eabi/10.3.1/../../../../arm-none-eabi/lib/thumb/v7e-m+fp/hard/libc.a(lib_a-errno.o)
 .debug_frame   0x0000000000001534       0x2c /opt/gcc-arm/bin/../lib/gcc/arm-none-eabi/10.3.1/../../../../arm-none-eabi/lib/thumb/v7e-m+fp/hard/libc.a(lib_a-init.o)
 .debug_frame   0x0000000000001560       0x2c /opt/gcc-arm/bin/../lib/gcc/arm-none-eabi/10.3.1/../../../../arm-none-eabi/lib/thumb/v7e-m+fp/hard/libc.a(lib_a-memset.o)
 .debug_frame   0x000000000000158c       0x4c /opt/gcc-arm/bin/../lib/gcc/arm-none-eabi/10.3.1/../../../../arm-none-eabi/lib/thumb/v7e-m+fp/hard/libc.a(lib_a-puts.o)
 .debug_frame   0x00000000000015d8       0x68 /opt/gcc-arm/bin/../lib/gcc/arm-none-eabi/10.3.1/../../../../arm-none-eabi/lib/thumb/v7e-m+fp/hard/libc.a(lib_a-__call_atexit.o)
 .debug_frame   0x0000000000001640       0x20 /opt/gcc-arm/bin/../lib/gcc/arm-none-eabi/10.3.1/../../../../arm-none-eabi/lib/thumb/v7e-m+fp/hard/libc.a(lib_a-atexit.o)
 .debug_frame   0x0000000000001660      0x154 /opt/gcc-arm/bin/../lib/gcc/arm-none-eabi/10.3.1/../../../../arm-none-eabi/lib/thumb/v7e-m+fp/hard/libc.a(lib_a-findfp.o)
 .debug_frame   0x00000000000017b4       0x34 /opt/gcc-arm/bin/../lib/gcc/arm-none-eabi/10.3.1/../../../../arm-none-eabi/lib/thumb/v7e-m+fp/hard/libc.a(lib_a-fini.o)
 .debug_frame   0x00000000000017e8       0x64 /opt/gcc-arm/bin/../lib/gcc/arm-none-eabi/10.3.1/../../../../arm-none-eabi/lib/thumb/v7e-m+fp/hard/libc.a(lib_a-fvwrite.o)
 .debug_frame   0x000000000000184c       0x54 /opt/gcc-arm/bin/../lib/gcc/arm-none-eabi/10.3.1/../../../../arm-none-eabi/lib/thumb/v7e-m+fp/hard/libc.a(lib_a-fwalk.o)
 .debug_frame   0x00000000000018a0       0xb0 /opt/gcc-arm/bin/../lib/gcc/arm-none-eabi/10.3.1/../../../../arm-none-eabi/lib/thumb/v7e-m+fp/hard/libc.a(lib_a-lock.o)
 .debug_frame   0x0000000000001950       0x4c /opt/gcc-arm/bin/../lib/gcc/arm-none-eabi/10.3.1/../../../../arm-none-eabi/lib/thumb/v7e-m+fp/hard/libc.a(lib_a-mallocr.o)
 .debug_frame   0x000000000000199c       0x40 /opt/gcc-arm/bin/../lib/gcc/arm-none-eabi/10.3.1/../../../../arm-none-eabi/lib/thumb/v7e-m+fp/hard/libc.a(lib_a-memmove.o)
 .debug_frame   0x00000000000019dc       0x30 /opt/gcc-arm/bin/../lib/gcc/arm-none-eabi/10.3.1/../../../../arm-none-eabi/lib/thumb/v7e-m+fp/hard/libc.a(lib_a-mlock.o)
 .debug_frame   0x0000000000001a0c       0x48 /opt/gcc-arm/bin/../lib/gcc/arm-none-eabi/10.3.1/../../../../arm-none-eabi/lib/thumb/v7e-m+fp/hard/libc.a(lib_a-reallocr.o)
 .debug_frame   0x0000000000001a54       0x2c /opt/gcc-arm/bin/../lib/gcc/arm-none-eabi/10.3.1/../../../../arm-none-eabi/lib/thumb/v7e-m+fp/hard/libc.a(lib_a-sbrkr.o)
 .debug_frame   0x0000000000001a80       0x8c /opt/gcc-arm/bin/../lib/gcc/arm-none-eabi/10.3.1/../../../../arm-none-eabi/lib/thumb/v7e-m+fp/hard/libc.a(lib_a-stdio.o)
 .debug_frame   0x0000000000001b0c       0x2c /opt/gcc-arm/bin/../lib/gcc/arm-none-eabi/10.3.1/../../../../arm-none-eabi/lib/thumb/v7e-m+fp/hard/libc.a(lib_a-writer.o)
 .debug_frame   0x0000000000001b38       0x2c /opt/gcc-arm/bin/../lib/gcc/arm-none-eabi/10.3.1/../../../../arm-none-eabi/lib/thumb/v7e-m+fp/hard/libc.a(lib_a-wsetup.o)
 .debug_frame   0x0000000000001b64       0x34 /opt/gcc-arm/bin/../lib/gcc/arm-none-eabi/10.3.1/../../../../arm-none-eabi/lib/thumb/v7e-m+fp/hard/libc.a(lib_a-__atexit.o)
 .debug_frame   0x0000000000001b98       0x2c /opt/gcc-arm/bin/../lib/gcc/arm-none-eabi/10.3.1/../../../../arm-none-eabi/lib/thumb/v7e-m+fp/hard/libc.a(lib_a-closer.o)
 .debug_frame   0x0000000000001bc4       0x3c /opt/gcc-arm/bin/../lib/gcc/arm-none-eabi/10.3.1/../../../../arm-none-eabi/lib/thumb/v7e-m+fp/hard/libc.a(lib_a-fclose.o)
 .debug_frame   0x0000000000001c00       0x70 /opt/gcc-arm/bin/../lib/gcc/arm-none-eabi/10.3.1/../../../../arm-none-eabi/lib/thumb/v7e-m+fp/hard/libc.a(lib_a-fflush.o)
 .debug_frame   0x0000000000001c70       0x8c /opt/gcc-arm/bin/../lib/gcc/arm-none-eabi/10.3.1/../../../../arm-none-eabi/lib/thumb/v7e-m+fp/hard/libc.a(lib_a-freer.o)
 .debug_frame   0x0000000000001cfc       0x2c /opt/gcc-arm/bin/../lib/gcc/arm-none-eabi/10.3.1/../../../../arm-none-eabi/lib/thumb/v7e-m+fp/hard/libc.a(lib_a-lseekr.o)
 .debug_frame   0x0000000000001d28       0x70 /opt/gcc-arm/bin/../lib/gcc/arm-none-eabi/10.3.1/../../../../arm-none-eabi/lib/thumb/v7e-m+fp/hard/libc.a(lib_a-makebuf.o)
 .debug_frame   0x0000000000001d98       0x2c /opt/gcc-arm/bin/../lib/gcc/arm-none-eabi/10.3.1/../../../../arm-none-eabi/lib/thumb/v7e-m+fp/hard/libc.a(lib_a-readr.o)
 .debug_frame   0x0000000000001dc4       0x64 /opt/gcc-arm/bin/../lib/gcc/arm-none-eabi/10.3.1/../../../../arm-none-eabi/lib/thumb/v7e-m+fp/hard/libc.a(lib_a-reent.o)
 .debug_frame   0x0000000000001e28       0x2c /opt/gcc-arm/bin/../lib/gcc/arm-none-eabi/10.3.1/../../../../arm-none-eabi/lib/thumb/v7e-m+fp/hard/libc.a(lib_a-fstatr.o)
 .debug_frame   0x0000000000001e54       0x2c /opt/gcc-arm/bin/../lib/gcc/arm-none-eabi/10.3.1/../../../../arm-none-eabi/lib/thumb/v7e-m+fp/hard/libc.a(lib_a-isattyr.o)

.debug_loc      0x0000000000000000     0x8b9e
 .debug_loc     0x0000000000000000      0x118 /home/vlab/FreeRTOS_Work/STM32F4_Firmware/STM32F4-FreeRTOS_LED/build/system_stm32f4xx.o
 .debug_loc     0x0000000000000118       0x94 /home/vlab/FreeRTOS_Work/STM32F4_Firmware/STM32F4-FreeRTOS_LED/build/main.o
 .debug_loc     0x00000000000001ac      0x2f8 /home/vlab/FreeRTOS_Work/STM32F4_Firmware/STM32F4-FreeRTOS_LED/build/syscalls.o
 .debug_loc     0x00000000000004a4       0xf4 /home/vlab/FreeRTOS_Work/STM32F4_Firmware/STM32F4-FreeRTOS_LED/build/port.o
 .debug_loc     0x0000000000000598       0xbc /home/vlab/FreeRTOS_Work/STM32F4_Firmware/STM32F4-FreeRTOS_LED/build/list.o
 .debug_loc     0x0000000000000654     0x2a9d /home/vlab/FreeRTOS_Work/STM32F4_Firmware/STM32F4-FreeRTOS_LED/build/queue.o
 .debug_loc     0x00000000000030f1     0x2fdd /home/vlab/FreeRTOS_Work/STM32F4_Firmware/STM32F4-FreeRTOS_LED/build/tasks.o
 .debug_loc     0x00000000000060ce     0x1629 /home/vlab/FreeRTOS_Work/STM32F4_Firmware/STM32F4-FreeRTOS_LED/build/timers.o
 .debug_loc     0x00000000000076f7      0x653 /home/vlab/FreeRTOS_Work/STM32F4_Firmware/STM32F4-FreeRTOS_LED/build/heap_4.o
 .debug_loc     0x0000000000007d4a      0x1c7 /home/vlab/FreeRTOS_Work/STM32F4_Firmware/STM32F4-FreeRTOS_LED/build/misc.o
 .debug_loc     0x0000000000007f11      0x8e5 /home/vlab/FreeRTOS_Work/STM32F4_Firmware/STM32F4-FreeRTOS_LED/build/stm32f4xx_usart.o
 .debug_loc     0x00000000000087f6      0x3a8 /home/vlab/FreeRTOS_Work/STM32F4_Firmware/STM32F4-FreeRTOS_LED/build/stm32f4xx_gpio.o
