Component: ARM Compiler 5.06 update 6 (build 750) Tool: armlink [4d35ed]

==============================================================================

Section Cross References

    main.o(i.main) refers to system_stm32f4xx.o(i.SystemCoreClockUpdate) for SystemCoreClockUpdate
    main.o(i.main) refers to main.o(i.__NVIC_SetPriority) for __NVIC_SetPriority
    main.o(i.main) refers to tasks.o(i.xTaskCreate) for xTaskCreate
    main.o(i.main) refers to noretval__2printf.o(.text) for __2printf
    main.o(i.main) refers to tasks.o(i.vTaskStartScheduler) for vTaskStartScheduler
    main.o(i.main) refers to system_stm32f4xx.o(.data) for SystemCoreClock
    main.o(i.main) refers to main.o(i.task1) for task1
    main.o(i.main) refers to main.o(i.task2) for task2
    main.o(i.task1) refers to noretval__2printf.o(.text) for __2printf
    main.o(i.task2) refers to noretval__2printf.o(.text) for __2printf
    main.o(i.vApplicationIdleHook) refers to noretval__2printf.o(.text) for __2printf
    system.o(i.SysTick_Handler) refers to port.o(i.OS_SysTick_Handler) for OS_SysTick_Handler
    system.o(i.delay) refers to tasks.o(i.vTaskDelay) for vTaskDelay
    retarget_io.o(i.ITM_ReceiveChar) refers to retarget_io.o(.data) for ITM_RxBuffer
    retarget_io.o(i._sys_open) refers to strcmpv7m.o(.text) for strcmp
    retarget_io.o(i._sys_write) refers to retarget_io.o(i.stdout_putchar) for stdout_putchar
    retarget_io.o(i.stdout_putchar) refers to retarget_io.o(i.ITM_SendChar) for ITM_SendChar
    startup_stm32f411xe.o(STACK) refers (Special) to heapauxi.o(.text) for __use_two_region_memory
    startup_stm32f411xe.o(HEAP) refers (Special) to heapauxi.o(.text) for __use_two_region_memory
    startup_stm32f411xe.o(RESET) refers (Special) to heapauxi.o(.text) for __use_two_region_memory
    startup_stm32f411xe.o(RESET) refers to startup_stm32f411xe.o(STACK) for __initial_sp
    startup_stm32f411xe.o(RESET) refers to startup_stm32f411xe.o(.text) for Reset_Handler
    startup_stm32f411xe.o(RESET) refers to port.o(.emb_text) for SVC_Handler
    startup_stm32f411xe.o(RESET) refers to system.o(i.SysTick_Handler) for SysTick_Handler
    startup_stm32f411xe.o(.text) refers (Special) to heapauxi.o(.text) for __use_two_region_memory
    startup_stm32f411xe.o(.text) refers to system_stm32f4xx.o(i.SystemInit) for SystemInit
    startup_stm32f411xe.o(.text) refers to __main.o(!!!main) for __main
    startup_stm32f411xe.o(.text) refers to startup_stm32f411xe.o(HEAP) for Heap_Mem
    startup_stm32f411xe.o(.text) refers to startup_stm32f411xe.o(STACK) for Stack_Mem
    system_stm32f4xx.o(i.SystemCoreClockUpdate) refers to system_stm32f4xx.o(.data) for SystemCoreClock
    system_stm32f4xx.o(i.SystemCoreClockUpdate) refers to system_stm32f4xx.o(.constdata) for AHBPrescTable
    event_groups.o(i.vEventGroupClearBitsCallback) refers to event_groups.o(i.xEventGroupClearBits) for xEventGroupClearBits
    event_groups.o(i.vEventGroupDelete) refers to tasks.o(i.vTaskSuspendAll) for vTaskSuspendAll
    event_groups.o(i.vEventGroupDelete) refers to tasks.o(i.vTaskRemoveFromUnorderedEventList) for vTaskRemoveFromUnorderedEventList
    event_groups.o(i.vEventGroupDelete) refers to heap_4.o(i.vPortFree) for vPortFree
    event_groups.o(i.vEventGroupDelete) refers to tasks.o(i.xTaskResumeAll) for xTaskResumeAll
    event_groups.o(i.vEventGroupSetBitsCallback) refers to event_groups.o(i.xEventGroupSetBits) for xEventGroupSetBits
    event_groups.o(i.xEventGroupClearBits) refers to port.o(i.vPortEnterCritical) for vPortEnterCritical
    event_groups.o(i.xEventGroupClearBits) refers to port.o(i.vPortExitCritical) for vPortExitCritical
    event_groups.o(i.xEventGroupCreate) refers to heap_4.o(i.pvPortMalloc) for pvPortMalloc
    event_groups.o(i.xEventGroupCreate) refers to list.o(i.vListInitialise) for vListInitialise
    event_groups.o(i.xEventGroupSetBits) refers to tasks.o(i.vTaskSuspendAll) for vTaskSuspendAll
    event_groups.o(i.xEventGroupSetBits) refers to tasks.o(i.vTaskRemoveFromUnorderedEventList) for vTaskRemoveFromUnorderedEventList
    event_groups.o(i.xEventGroupSetBits) refers to tasks.o(i.xTaskResumeAll) for xTaskResumeAll
    event_groups.o(i.xEventGroupSync) refers to tasks.o(i.xTaskGetSchedulerState) for xTaskGetSchedulerState
    event_groups.o(i.xEventGroupSync) refers to tasks.o(i.vTaskSuspendAll) for vTaskSuspendAll
    event_groups.o(i.xEventGroupSync) refers to event_groups.o(i.xEventGroupSetBits) for xEventGroupSetBits
    event_groups.o(i.xEventGroupSync) refers to tasks.o(i.vTaskPlaceOnUnorderedEventList) for vTaskPlaceOnUnorderedEventList
    event_groups.o(i.xEventGroupSync) refers to tasks.o(i.xTaskResumeAll) for xTaskResumeAll
    event_groups.o(i.xEventGroupSync) refers to tasks.o(i.uxTaskResetEventItemValue) for uxTaskResetEventItemValue
    event_groups.o(i.xEventGroupSync) refers to port.o(i.vPortEnterCritical) for vPortEnterCritical
[...]
    ../clib/signal.c                         0x00000000   Number         0  defsig_cppl_inner.o ABSOLUTE
    ../clib/signal.c                         0x00000000   Number         0  defsig_pvfn_inner.o ABSOLUTE
    ../clib/signal.c                         0x00000000   Number         0  defsig_stak_inner.o ABSOLUTE
    ../clib/signal.c                         0x00000000   Number         0  defsig_fpe_inner.o ABSOLUTE
    ../clib/signal.c                         0x00000000   Number         0  defsig_rtred_outer.o ABSOLUTE
    ../clib/signal.c                         0x00000000   Number         0  defsig_abrt_inner.o ABSOLUTE
    ../clib/signal.c                         0x00000000   Number         0  defsig_rtred_inner.o ABSOLUTE
    ../clib/signal.c                         0x00000000   Number         0  defsig_rtmem_inner.o ABSOLUTE
    ../clib/signal.c                         0x00000000   Number         0  defsig_rtmem_formal.o ABSOLUTE
    ../clib/signal.c                         0x00000000   Number         0  defsig_exit.o ABSOLUTE
    ../clib/signal.c                         0x00000000   Number         0  defsig_rtmem_outer.o ABSOLUTE
    ../clib/signal.c                         0x00000000   Number         0  defsig_general.o ABSOLUTE
    ../clib/signal.c                         0x00000000   Number         0  __raise.o ABSOLUTE
    ../clib/signal.c                         0x00000000   Number         0  defsig_rtred_formal.o ABSOLUTE
    ../clib/signal.s                         0x00000000   Number         0  defsig.o ABSOLUTE
    ../clib/stdio.c                          0x00000000   Number         0  fputc.o ABSOLUTE
    ../clib/stdio.c                          0x00000000   Number         0  ferror.o ABSOLUTE
    ../clib/stdio.c                          0x00000000   Number         0  setvbuf.o ABSOLUTE
    ../clib/stdio.c                          0x00000000   Number         0  stdio_streams.o ABSOLUTE
    ../clib/stdio.c                          0x00000000   Number         0  fputs.o ABSOLUTE
    ../clib/stdio.c                          0x00000000   Number         0  fflush.o ABSOLUTE
    ../clib/stdio.c                          0x00000000   Number         0  streamlock.o ABSOLUTE
    ../clib/stdio.c                          0x00000000   Number         0  fopen.o ABSOLUTE
    ../clib/stdio.c                          0x00000000   Number         0  stdio.o ABSOLUTE
    ../clib/stdio.c                          0x00000000   Number         0  fopen_locked.o ABSOLUTE
    ../clib/stdio.c                          0x00000000   Number         0  setvbuf_locked.o ABSOLUTE
    ../clib/stdio.c                          0x00000000   Number         0  fwritefast.o ABSOLUTE
    ../clib/stdio.c                          0x00000000   Number         0  fwritefast_locked.o ABSOLUTE
    ../clib/stdio.c                          0x00000000   Number         0  flsbuf.o ABSOLUTE
    ../clib/stdio.c                          0x00000000   Number         0  fclose.o ABSOLUTE
    ../clib/stdio.c                          0x00000000   Number         0  fseek.o ABSOLUTE
    ../clib/stdio.c                          0x00000000   Number         0  initio_locked.o ABSOLUTE
    ../clib/stdio.c                          0x00000000   Number         0  ftell.o ABSOLUTE
    ../clib/stdio.c                          0x00000000   Number         0  fputs_locked.o ABSOLUTE
    ../clib/stdio.c                          0x00000000   Number         0  fflush_locked.o ABSOLUTE
    ../clib/stdio.c                          0x00000000   Number         0  ferror_locked.o ABSOLUTE
    ../clib/stdio.c                          0x00000000   Number         0  fputc_locked.o ABSOLUTE
    ../clib/stdio.c                          0x00000000   Number         0  initio.o ABSOLUTE
    ../clib/stdlib.c                         0x00000000   Number         0  exit.o ABSOLUTE
    ../clib/wchar.c                          0x00000000   Number         0  flsbuf_fwide.o ABSOLUTE
    ../fplib/fpinit.s                        0x00000000   Number         0  fpinit.o ABSOLUTE
    C:\Users\chandrika\AppData\Local\Arm\Packs\ARM\CMSIS-FreeRTOS\10.2.0\CMSIS\RTOS2\FreeRTOS\Source\freertos_evr.c 0x00000000   Number         0  freertos_evr.o ABSOLUTE
    C:\Users\chandrika\AppData\Local\Arm\Packs\ARM\CMSIS-FreeRTOS\10.2.0\Source\croutine.c 0x00000000   Number         0  croutine.o ABSOLUTE
    C:\Users\chandrika\AppData\Local\Arm\Packs\ARM\CMSIS-FreeRTOS\10.2.0\Source\event_groups.c 0x00000000   Number         0  event_groups.o ABSOLUTE
    C:\Users\chandrika\AppData\Local\Arm\Packs\ARM\CMSIS-FreeRTOS\10.2.0\Source\list.c 0x00000000   Number         0  list.o ABSOLUTE
    C:\Users\chandrika\AppData\Local\Arm\Packs\ARM\CMSIS-FreeRTOS\10.2.0\Source\portable\MemMang\heap_4.c 0x00000000   Number         0  heap_4.o ABSOLUTE
    C:\Users\chandrika\AppData\Local\Arm\Packs\ARM\CMSIS-FreeRTOS\10.2.0\Source\portable\RVDS\ARM_CM4F\port.c 0x00000000   Number         0  port.o ABSOLUTE
    C:\Users\chandrika\AppData\Local\Arm\Packs\ARM\CMSIS-FreeRTOS\10.2.0\Source\queue.c 0x00000000   Number         0  queue.o ABSOLUTE
    C:\Users\chandrika\AppData\Local\Arm\Packs\ARM\CMSIS-FreeRTOS\10.2.0\Source\tasks.c 0x00000000   Number         0  tasks.o ABSOLUTE
    C:\Users\chandrika\AppData\Local\Arm\Packs\ARM\CMSIS-FreeRTOS\10.2.0\Source\timers.c 0x00000000   Number         0  timers.o ABSOLUTE
    C:\Users\chandrika\AppData\Local\Arm\Packs\Keil\ARM_Compiler\1.6.1\Source\retarget_io.c 0x00000000   Number         0  retarget_io.o ABSOLUTE
    C:\\Users\\chandrika\\AppData\\Local\\Arm\\Packs\\ARM\\CMSIS-FreeRTOS\\10.2.0\\Source\\portable\\RVDS\\ARM_CM4F\\port.c 0x00000000   Number         0  port.o ABSOLUTE
    RTE\Device\STM32F411VETx\startup_stm32f411xe.s 0x00000000   Number         0  startup_stm32f411xe.o ABSOLUTE
    RTE\Device\STM32F411VETx\system_stm32f4xx.c 0x00000000   Number         0  system_stm32f4xx.o ABSOLUTE
    RTE\\Device\\STM32F411VETx\\system_stm32f4xx.c 0x00000000   Number         0  system_stm32f4xx.o ABSOLUTE
    dc.s                                     0x00000000   Number         0  dc.o ABSOLUTE
    main.c                                   0x00000000   Number         0  main.o ABSOLUTE
    main.c                                   0x00000000   Number         0  main.o ABSOLUTE
    system.c                                 0x00000000   Number         0  system.o ABSOLUTE
    system.c                                 0x00000000   Number         0  system.o ABSOLUTE
    RESET                                    0x08000000   Section      408  startup_stm32f411xe.o(RESET)
    !!!main                                  0x08000198   Section        8  __main.o(!!!main)
    !!!scatter                               0x080001a0   Section       52  __scatter.o(!!!scatter)
    !!handler_copy                           0x080001d4   Section       26  __scatter_copy.o(!!handler_copy)
    !!handler_zi                             0x080001f0   Section       28  __scatter_zi.o(!!handler_zi)
    .ARM.Collect$$libinit$$00000000          0x0800020c   Section        2  libinit.o(.ARM.Collect$$libinit$$00000000)
    .ARM.Collect$$libinit$$00000001          0x0800020e   Section        4  libinit2.o(.ARM.Collect$$libinit$$00000001)
    .ARM.Collect$$libinit$$00000004          0x08000212   Section        0  libinit2.o(.ARM.Collect$$libinit$$00000004)
    .ARM.Collect$$libinit$$00000005          0x08000212   Section        8  libinit2.o(.ARM.Collect$$libinit$$00000005)
    .ARM.Collect$$libinit$$0000000A          0x0800021a   Section        0  libinit2.o(.ARM.Collect$$libinit$$0000000A)
    .ARM.Collect$$libinit$$0000000C          0x0800021a   Section        0  libinit2.o(.ARM.Collect$$libinit$$0000000C)
    .ARM.Collect$$libinit$$0000000E          0x0800021a   Section        0  libinit2.o(.ARM.Collect$$libinit$$0000000E)
    .ARM.Collect$$libinit$$00000011          0x0800021a   Section        0  libinit2.o(.ARM.Collect$$libinit$$00000011)
    .ARM.Collect$$libinit$$00000013          0x0800021a   Section        0  libinit2.o(.ARM.Collect$$libinit$$00000013)
    .ARM.Collect$$libinit$$00000015          0x0800021a   Section        0  libinit2.o(.ARM.Collect$$libinit$$00000015)
    .ARM.Collect$$libinit$$00000017          0x0800021a   Section        0  libinit2.o(.ARM.Collect$$libinit$$00000017)
    .ARM.Collect$$libinit$$00000019          0x0800021a   Section        0  libinit2.o(.ARM.Collect$$libinit$$00000019)
    .ARM.Collect$$libinit$$0000001B          0x0800021a   Section        0  libinit2.o(.ARM.Collect$$libinit$$0000001B)
    .ARM.Collect$$libinit$$0000001D          0x0800021a   Section        0  libinit2.o(.ARM.Collect$$libinit$$0000001D)
    .ARM.Collect$$libinit$$0000001F          0x0800021a   Section        0  libinit2.o(.ARM.Collect$$libinit$$0000001F)
    .ARM.Collect$$libinit$$00000021          0x0800021a   Section        0  libinit2.o(.ARM.Collect$$libinit$$00000021)
    .ARM.Collect$$libinit$$00000023          0x0800021a   Section        0  libinit2.o(.ARM.Collect$$libinit$$00000023)
    .ARM.Collect$$libinit$$00000024          0x0800021a   Section        4  libinit2.o(.ARM.Collect$$libinit$$00000024)
    .ARM.Collect$$libinit$$00000025          0x0800021e   Section        0  libinit2.o(.ARM.Collect$$libinit$$00000025)
    .ARM.Collect$$libinit$$0000002C          0x0800021e   Section        0  libinit2.o(.ARM.Collect$$libinit$$0000002C)
    .ARM.Collect$$libinit$$0000002E          0x0800021e   Section        0  libinit2.o(.ARM.Collect$$libinit$$0000002E)
    .ARM.Collect$$libinit$$00000030          0x0800021e   Section        0  libinit2.o(.ARM.Collect$$libinit$$00000030)
    .ARM.Collect$$libinit$$00000032          0x0800021e   Section        0  libinit2.o(.ARM.Collect$$libinit$$00000032)
    .ARM.Collect$$libinit$$00000033          0x0800021e   Section        2  libinit2.o(.ARM.Collect$$libinit$$00000033)
    .ARM.Collect$$libshutdown$$00000000      0x08000220   Section        2  libshutdown.o(.ARM.Collect$$libshutdown$$00000000)
    .ARM.Collect$$libshutdown$$00000002      0x08000222   Section        0  libshutdown2.o(.ARM.Collect$$libshutdown$$00000002)
    .ARM.Collect$$libshutdown$$00000003      0x08000222   Section        4  libshutdown2.o(.ARM.Collect$$libshutdown$$00000003)
    .ARM.Collect$$libshutdown$$00000004      0x08000226   Section        0  libshutdown2.o(.ARM.Collect$$libshutdown$$00000004)
    .ARM.Collect$$libshutdown$$00000007      0x08000226   Section        0  libshutdown2.o(.ARM.Collect$$libshutdown$$00000007)
    .ARM.Collect$$libshutdown$$0000000A      0x08000226   Section        0  libshutdown2.o(.ARM.Collect$$libshutdown$$0000000A)
    .ARM.Collect$$libshutdown$$0000000C      0x08000226   Section        0  libshutdown2.o(.ARM.Collect$$libshutdown$$0000000C)
    .ARM.Collect$$libshutdown$$0000000F      0x08000226   Section        0  libshutdown2.o(.ARM.Collect$$libshutdown$$0000000F)
    .ARM.Collect$$libshutdown$$00000010      0x08000226   Section        2  libshutdown2.o(.ARM.Collect$$libshutdown$$00000010)
    .ARM.Collect$$rtentry$$00000000          0x08000228   Section        0  __rtentry.o(.ARM.Collect$$rtentry$$00000000)
    .ARM.Collect$$rtentry$$00000002          0x08000228   Section        0  __rtentry2.o(.ARM.Collect$$rtentry$$00000002)
    .ARM.Collect$$rtentry$$00000004          0x08000228   Section        6  __rtentry4.o(.ARM.Collect$$rtentry$$00000004)
    .ARM.Collect$$rtentry$$00000009          0x0800022e   Section        0  __rtentry2.o(.ARM.Collect$$rtentry$$00000009)
    .ARM.Collect$$rtentry$$0000000A          0x0800022e   Section        4  __rtentry2.o(.ARM.Collect$$rtentry$$0000000A)
    .ARM.Collect$$rtentry$$0000000C          0x08000232   Section        0  __rtentry2.o(.ARM.Collect$$rtentry$$0000000C)
    .ARM.Collect$$rtentry$$0000000D          0x08000232   Section        8  __rtentry2.o(.ARM.Collect$$rtentry$$0000000D)
    .ARM.Collect$$rtexit$$00000000           0x0800023a   Section        2  rtexit.o(.ARM.Collect$$rtexit$$00000000)
    .ARM.Collect$$rtexit$$00000002           0x0800023c   Section        0  rtexit2.o(.ARM.Collect$$rtexit$$00000002)
    .ARM.Collect$$rtexit$$00000003           0x0800023c   Section        4  rtexit2.o(.ARM.Collect$$rtexit$$00000003)
    .ARM.Collect$$rtexit$$00000004           0x08000240   Section        6  rtexit2.o(.ARM.Collect$$rtexit$$00000004)
    .emb_text                                0x08000248   Section      190  port.o(.emb_text)
    $v0                                      0x08000248   Number         0  port.o(.emb_text)
    .emb_text                                0x08000308   Section        0  maybetermalloc1.o(.emb_text)
    .text                                    0x08000308   Section       64  startup_stm32f411xe.o(.text)
    $v0                                      0x08000308   Number         0  startup_stm32f411xe.o(.text)
    .text                                    0x08000348   Section        0  noretval__2printf.o(.text)
    .text                                    0x08000360   Section      138  rt_memcpy_v6.o(.text)
    .text                                    0x080003ec   Section      128  strcmpv7m.o(.text)
    .text                                    0x0800046c   Section        0  heapauxi.o(.text)
    .text                                    0x08000474   Section        0  _printf_char_file.o(.text)
    .text                                    0x08000498   Section      100  rt_memcpy_w.o(.text)
    .text                                    0x080004fc   Section        0  _printf_char_common.o(.text)
    _printf_input_char                       0x080004fd   Thumb Code    10  _printf_char_common.o(.text)
    .text                                    0x0800052c   Section        0  ferror.o(.text)
    .text                                    0x08000534   Section        0  initio.o(.text)
    .text                                    0x0800066c   Section       74  sys_stackheap_outer.o(.text)
    .text                                    0x080006b6   Section        0  h1_free.o(.text)
    .text                                    0x08000704   Section        0  __printf_nopercent.o(.text)
    .text                                    0x0800072c   Section        0  flsbuf.o(.text)
    .text                                    0x08000902   Section        0  setvbuf.o(.text)
    .text                                    0x08000948   Section        0  fopen.o(.text)
    _freopen_locked                          0x08000949   Thumb Code     0  fopen.o(.text)
    .text                                    0x08000a34   Section        0  fclose.o(.text)
    .text                                    0x08000a80   Section        0  exit.o(.text)
    .text                                    0x08000a92   Section        0  defsig_rtred_outer.o(.text)
    .text                                    0x08000aa0   Section       78  rt_memclr_w.o(.text)
    .text                                    0x08000af0   Section        8  libspace.o(.text)
    .text                                    0x08000af8   Section        8  rt_heap_descriptor_intlibspace.o(.text)
    .text                                    0x08000b00   Section        0  hguard.o(.text)
    .text                                    0x08000b04   Section        0  init_alloc.o(.text)
    .text                                    0x08000b8e   Section        0  h1_alloc.o(.text)
    .text                                    0x08000bec   Section        0  fseek.o(.text)
    .text                                    0x08000ce4   Section        0  stdio.o(.text)
    .text                                    0x08000dd4   Section        0  defsig_exit.o(.text)
    .text                                    0x08000de0   Section        0  defsig_rtred_inner.o(.text)
    .text                                    0x08000e14   Section        0  sys_exit.o(.text)
    .text                                    0x08000e20   Section        0  h1_init.o(.text)
    .text                                    0x08000e2e   Section        0  h1_extend.o(.text)
    .text                                    0x08000e62   Section        0  ftell.o(.text)
    .text                                    0x08000ea4   Section        0  defsig_general.o(.text)
    .text                                    0x08000ed6   Section        0  defsig_rtmem_outer.o(.text)
    .text                                    0x08000ee4   Section        0  sys_wrch.o(.text)
    .text                                    0x08000ef2   Section        2  use_no_semi.o(.text)
    .text                                    0x08000ef4   Section        0  indicate_semi.o(.text)
    .text                                    0x08000ef4   Section        8  rt_errno_addr_intlibspace.o(.text)
    .text                                    0x08000efc   Section        0  defsig_rtmem_inner.o(.text)
    i.ITM_SendChar                           0x08000f4c   Section        0  retarget_io.o(i.ITM_SendChar)
    i.OS_SysTick_Handler                     0x08000f7c   Section        0  port.o(i.OS_SysTick_Handler)
    i.SysTick_Handler                        0x08000fb0   Section        0  system.o(i.SysTick_Handler)
    i.SystemCoreClockUpdate                  0x08000fb8   Section        0  system_stm32f4xx.o(i.SystemCoreClockUpdate)
    i.SystemInit                             0x08001078   Section        0  system_stm32f4xx.o(i.SystemInit)
    i.__NVIC_SetPriority                     0x080010dc   Section        0  main.o(i.__NVIC_SetPriority)
    __NVIC_SetPriority                       0x080010dd   Thumb Code    32  main.o(i.__NVIC_SetPriority)
    i._sys_close                             0x08001104   Section        0  retarget_io.o(i._sys_close)
    i._sys_flen                              0x0800112a   Section        0  retarget_io.o(i._sys_flen)
    i._sys_istty                             0x0800114e   Section        0  retarget_io.o(i._sys_istty)
    i._sys_open                              0x08001174   Section        0  retarget_io.o(i._sys_open)
    i._sys_seek                              0x080011dc   Section        0  retarget_io.o(i._sys_seek)
    i._sys_write                             0x08001208   Section        0  retarget_io.o(i._sys_write)
    i.fputc                                  0x0800124e   Section        0  fputc.o(i.fputc)
    i.main                                   0x08001268   Section        0  main.o(i.main)
    i.prvAddCurrentTaskToDelayedList         0x080013a4   Section        0  tasks.o(i.prvAddCurrentTaskToDelayedList)
    prvAddCurrentTaskToDelayedList           0x080013a5   Thumb Code   124  tasks.o(i.prvAddCurrentTaskToDelayedList)
    i.prvAddNewTaskToReadyList               0x0800143c   Section        0  tasks.o(i.prvAddNewTaskToReadyList)
    prvAddNewTaskToReadyList                 0x0800143d   Thumb Code   150  tasks.o(i.prvAddNewTaskToReadyList)
    i.prvCheckForValidListAndQueue           0x080014f0   Section        0  timers.o(i.prvCheckForValidListAndQueue)
    prvCheckForValidListAndQueue             0x080014f1   Thumb Code    56  timers.o(i.prvCheckForValidListAndQueue)
    i.prvCheckTasksWaitingTermination        0x0800153c   Section        0  tasks.o(i.prvCheckTasksWaitingTermination)
    prvCheckTasksWaitingTermination          0x0800153d   Thumb Code    60  tasks.o(i.prvCheckTasksWaitingTermination)
    i.prvCopyDataFromQueue                   0x08001584   Section        0  queue.o(i.prvCopyDataFromQueue)
    prvCopyDataFromQueue                     0x08001585   Thumb Code    42  queue.o(i.prvCopyDataFromQueue)
    i.prvCopyDataToQueue                     0x080015ae   Section        0  queue.o(i.prvCopyDataToQueue)
    prvCopyDataToQueue                       0x080015af   Thumb Code   126  queue.o(i.prvCopyDataToQueue)
    i.prvDeleteTCB                           0x0800162c   Section        0  tasks.o(i.prvDeleteTCB)
    prvDeleteTCB                             0x0800162d   Thumb Code    18  tasks.o(i.prvDeleteTCB)
    i.prvGetNextExpireTime                   0x08001640   Section        0  timers.o(i.prvGetNextExpireTime)
    prvGetNextExpireTime                     0x08001641   Thumb Code    36  timers.o(i.prvGetNextExpireTime)
    i.prvHeapInit                            0x08001668   Section        0  heap_4.o(i.prvHeapInit)
    prvHeapInit                              0x08001669   Thumb Code    98  heap_4.o(i.prvHeapInit)
    i.prvIdleTask                            0x080016e4   Section        0  tasks.o(i.prvIdleTask)
    prvIdleTask                              0x080016e5   Thumb Code    36  tasks.o(i.prvIdleTask)
    i.prvInitialiseNewQueue                  0x08001710   Section        0  queue.o(i.prvInitialiseNewQueue)
    prvInitialiseNewQueue                    0x08001711   Thumb Code    42  queue.o(i.prvInitialiseNewQueue)
    i.prvInitialiseNewTask                   0x0800173a   Section        0  tasks.o(i.prvInitialiseNewTask)
    prvInitialiseNewTask                     0x0800173b   Thumb Code   180  tasks.o(i.prvInitialiseNewTask)
    i.prvInitialiseTaskLists                 0x080017f0   Section        0  tasks.o(i.prvInitialiseTaskLists)
    prvInitialiseTaskLists                   0x080017f1   Thumb Code    70  tasks.o(i.prvInitialiseTaskLists)
    i.prvInsertBlockIntoFreeList             0x08001858   Section        0  heap_4.o(i.prvInsertBlockIntoFreeList)
    prvInsertBlockIntoFreeList               0x08001859   Thumb Code    96  heap_4.o(i.prvInsertBlockIntoFreeList)
    i.prvInsertTimerInActiveList             0x080018c0   Section        0  timers.o(i.prvInsertTimerInActiveList)
    prvInsertTimerInActiveList               0x080018c1   Thumb Code    80  timers.o(i.prvInsertTimerInActiveList)
    i.prvIsQueueEmpty                        0x08001918   Section        0  queue.o(i.prvIsQueueEmpty)
    prvIsQueueEmpty                          0x08001919   Thumb Code    26  queue.o(i.prvIsQueueEmpty)
    i.prvIsQueueFull                         0x08001932   Section        0  queue.o(i.prvIsQueueFull)
    prvIsQueueFull                           0x08001933   Thumb Code    30  queue.o(i.prvIsQueueFull)
    i.prvNotifyQueueSetContainer             0x08001950   Section        0  queue.o(i.prvNotifyQueueSetContainer)
    prvNotifyQueueSetContainer               0x08001951   Thumb Code   144  queue.o(i.prvNotifyQueueSetContainer)
    i.prvProcessExpiredTimer                 0x080019e0   Section        0  timers.o(i.prvProcessExpiredTimer)
    prvProcessExpiredTimer                   0x080019e1   Thumb Code   110  timers.o(i.prvProcessExpiredTimer)
    i.prvProcessReceivedCommands             0x08001a54   Section        0  timers.o(i.prvProcessReceivedCommands)
    prvProcessReceivedCommands               0x08001a55   Thumb Code   308  timers.o(i.prvProcessReceivedCommands)
    i.prvProcessTimerOrBlockTask             0x08001b8c   Section        0  timers.o(i.prvProcessTimerOrBlockTask)
    prvProcessTimerOrBlockTask               0x08001b8d   Thumb Code   102  timers.o(i.prvProcessTimerOrBlockTask)
    i.prvResetNextTaskUnblockTime            0x08001c00   Section        0  tasks.o(i.prvResetNextTaskUnblockTime)
    prvResetNextTaskUnblockTime              0x08001c01   Thumb Code    42  tasks.o(i.prvResetNextTaskUnblockTime)
    i.prvSampleTimeNow                       0x08001c34   Section        0  timers.o(i.prvSampleTimeNow)
    prvSampleTimeNow                         0x08001c35   Thumb Code    40  timers.o(i.prvSampleTimeNow)
    i.prvSwitchTimerLists                    0x08001c60   Section        0  timers.o(i.prvSwitchTimerLists)
    prvSwitchTimerLists                      0x08001c61   Thumb Code   154  timers.o(i.prvSwitchTimerLists)
    i.prvTaskExitError                       0x08001d04   Section        0  port.o(i.prvTaskExitError)
    prvTaskExitError                         0x08001d05   Thumb Code    60  port.o(i.prvTaskExitError)
    i.prvTimerTask                           0x08001d44   Section        0  timers.o(i.prvTimerTask)
    prvTimerTask                             0x08001d45   Thumb Code    26  timers.o(i.prvTimerTask)
    i.prvUnlockQueue                         0x08001d5e   Section        0  queue.o(i.prvUnlockQueue)
    prvUnlockQueue                           0x08001d5f   Thumb Code   146  queue.o(i.prvUnlockQueue)
    i.pvPortMalloc                           0x08001df0   Section        0  heap_4.o(i.pvPortMalloc)
    i.pxPortInitialiseStack                  0x08001f2c   Section        0  port.o(i.pxPortInitialiseStack)
    i.stdout_putchar                         0x08001f58   Section        0  retarget_io.o(i.stdout_putchar)
    stdout_putchar                           0x08001f59   Thumb Code    12  retarget_io.o(i.stdout_putchar)
    i.task1                                  0x08001f64   Section        0  main.o(i.task1)
    i.task2                                  0x08001f84   Section        0  main.o(i.task2)
    i.uxListRemove                           0x08001fa4   Section        0  list.o(i.uxListRemove)
    i.vApplicationIdleHook                   0x08001fcc   Section        0  main.o(i.vApplicationIdleHook)
    i.vListInitialise                        0x08001ff0   Section        0  list.o(i.vListInitialise)
    i.vListInitialiseItem                    0x0800200a   Section        0  list.o(i.vListInitialiseItem)
    i.vListInsert                            0x08002010   Section        0  list.o(i.vListInsert)
    i.vListInsertEnd                         0x08002044   Section        0  list.o(i.vListInsertEnd)
    i.vPortEnterCritical                     0x0800205c   Section        0  port.o(i.vPortEnterCritical)
    i.vPortExitCritical                      0x080020b0   Section        0  port.o(i.vPortExitCritical)
    i.vPortFree                              0x080020ec   Section        0  heap_4.o(i.vPortFree)
    i.vPortSetupTimerInterrupt               0x08002180   Section        0  port.o(i.vPortSetupTimerInterrupt)
    i.vPortValidateInterruptPriority         0x080021a8   Section        0  port.o(i.vPortValidateInterruptPriority)
    i.vQueueWaitForMessageRestricted         0x08002220   Section        0  queue.o(i.vQueueWaitForMessageRestricted)
    i.vTaskInternalSetTimeOutState           0x0800226c   Section        0  tasks.o(i.vTaskInternalSetTimeOutState)
    i.vTaskMissedYield                       0x08002284   Section        0  tasks.o(i.vTaskMissedYield)
    i.vTaskPlaceOnEventList                  0x08002290   Section        0  tasks.o(i.vTaskPlaceOnEventList)
    i.vTaskPlaceOnEventListRestricted        0x080022c8   Section        0  tasks.o(i.vTaskPlaceOnEventListRestricted)
    i.vTaskStartScheduler                    0x08002308   Section        0  tasks.o(i.vTaskStartScheduler)
    i.vTaskSuspendAll                        0x0800239c   Section        0  tasks.o(i.vTaskSuspendAll)
    i.vTaskSwitchContext                     0x080023ac   Section        0  tasks.o(i.vTaskSwitchContext)
    i.xPortStartScheduler                    0x08002438   Section        0  port.o(i.xPortStartScheduler)
    i.xQueueGenericCreate                    0x080025a0   Section        0  queue.o(i.xQueueGenericCreate)
    i.xQueueGenericReset                     0x080025fc   Section        0  queue.o(i.xQueueGenericReset)
    i.xQueueGenericSend                      0x08002694   Section        0  queue.o(i.xQueueGenericSend)
    i.xQueueGenericSendFromISR               0x0800286c   Section        0  queue.o(i.xQueueGenericSendFromISR)
    i.xQueueReceive                          0x08002974   Section        0  queue.o(i.xQueueReceive)
    i.xTaskCheckForTimeOut                   0x08002adc   Section        0  tasks.o(i.xTaskCheckForTimeOut)
    i.xTaskCreate                            0x08002b68   Section        0  tasks.o(i.xTaskCreate)
    i.xTaskGetSchedulerState                 0x08002bc8   Section        0  tasks.o(i.xTaskGetSchedulerState)
    i.xTaskGetTickCount                      0x08002be8   Section        0  tasks.o(i.xTaskGetTickCount)
    i.xTaskIncrementTick                     0x08002bf4   Section        0  tasks.o(i.xTaskIncrementTick)
    i.xTaskPriorityDisinherit                0x08002d20   Section        0  tasks.o(i.xTaskPriorityDisinherit)
    i.xTaskRemoveFromEventList               0x08002de8   Section        0  tasks.o(i.xTaskRemoveFromEventList)
    i.xTaskResumeAll                         0x08002e80   Section        0  tasks.o(i.xTaskResumeAll)
    i.xTimerCreateTimerTask                  0x08002f84   Section        0  timers.o(i.xTimerCreateTimerTask)
    i.xTimerGenericCommand                   0x08002fdc   Section        0  timers.o(i.xTimerGenericCommand)
    x$fpl$fpinit                             0x08003060   Section       10  fpinit.o(x$fpl$fpinit)
    $v0                                      0x08003060   Number         0  fpinit.o(x$fpl$fpinit)
    .constdata                               0x0800306a   Section       23  retarget_io.o(.constdata)
    .constdata                               0x08003081   Section       24  system_stm32f4xx.o(.constdata)
    .data                                    0x20000000   Section        4  system_stm32f4xx.o(.data)
    .data                                    0x20000004   Section       24  heap_4.o(.data)
    xStart                                   0x20000004   Data           8  heap_4.o(.data)
    pxEnd                                    0x2000000c   Data           4  heap_4.o(.data)
    xFreeBytesRemaining                      0x20000010   Data           4  heap_4.o(.data)
    xMinimumEverFreeBytesRemaining           0x20000014   Data           4  heap_4.o(.data)
    xBlockAllocatedBit                       0x20000018   Data           4  heap_4.o(.data)
    .data                                    0x2000001c   Section       12  port.o(.data)
    uxCriticalNesting                        0x2000001c   Data           4  port.o(.data)
    ucMaxSysCallPriority                     0x20000020   Data           1  port.o(.data)
    ulMaxPRIGROUPValue                       0x20000024   Data           4  port.o(.data)
    .data                                    0x20000028   Section       60  tasks.o(.data)
    pxDelayedTaskList                        0x2000002c   Data           4  tasks.o(.data)
    pxOverflowDelayedTaskList                0x20000030   Data           4  tasks.o(.data)
    uxDeletedTasksWaitingCleanUp             0x20000034   Data           4  tasks.o(.data)
    uxCurrentNumberOfTasks                   0x20000038   Data           4  tasks.o(.data)
    xTickCount                               0x2000003c   Data           4  tasks.o(.data)
    uxTopReadyPriority                       0x20000040   Data           4  tasks.o(.data)
    xSchedulerRunning                        0x20000044   Data           4  tasks.o(.data)
    uxPendedTicks                            0x20000048   Data           4  tasks.o(.data)
    xYieldPending                            0x2000004c   Data           4  tasks.o(.data)
    xNumOfOverflows                          0x20000050   Data           4  tasks.o(.data)
    uxTaskNumber                             0x20000054   Data           4  tasks.o(.data)
    xNextTaskUnblockTime                     0x20000058   Data           4  tasks.o(.data)
    xIdleTaskHandle                          0x2000005c   Data           4  tasks.o(.data)
    uxSchedulerSuspended                     0x20000060   Data           4  tasks.o(.data)
    .data                                    0x20000064   Section       20  timers.o(.data)
    pxCurrentTimerList                       0x20000064   Data           4  timers.o(.data)
    pxOverflowTimerList                      0x20000068   Data           4  timers.o(.data)
    xTimerQueue                              0x2000006c   Data           4  timers.o(.data)
    xTimerTaskHandle                         0x20000070   Data           4  timers.o(.data)
    xLastTime                                0x20000074   Data           4  timers.o(.data)
    .data                                    0x20000078   Section        4  stdio_streams.o(.data)
    .data                                    0x2000007c   Section        4  stdio_streams.o(.data)
    .data                                    0x20000080   Section        4  stdio_streams.o(.data)
    .bss                                     0x20000084   Section     4096  heap_4.o(.bss)
    ucHeap                                   0x20000084   Data        4096  heap_4.o(.bss)
    .bss                                     0x20001084   Section      200  tasks.o(.bss)
    pxReadyTasksLists                        0x20001084   Data         100  tasks.o(.bss)
    xDelayedTaskList1                        0x200010e8   Data          20  tasks.o(.bss)
    xDelayedTaskList2                        0x200010fc   Data          20  tasks.o(.bss)
    xPendingReadyList                        0x20001110   Data          20  tasks.o(.bss)
    xTasksWaitingTermination                 0x20001124   Data          20  tasks.o(.bss)
    xSuspendedTaskList                       0x20001138   Data          20  tasks.o(.bss)
    .bss                                     0x2000114c   Section       40  timers.o(.bss)
    xActiveTimerList1                        0x2000114c   Data          20  timers.o(.bss)
    xActiveTimerList2                        0x20001160   Data          20  timers.o(.bss)
    .bss                                     0x20001174   Section       84  stdio_streams.o(.bss)
    .bss                                     0x200011c8   Section       84  stdio_streams.o(.bss)
    .bss                                     0x2000121c   Section       84  stdio_streams.o(.bss)
    .bss                                     0x20001270   Section       96  libspace.o(.bss)
    HEAP                                     0x200012d0   Section      512  startup_stm32f411xe.o(HEAP)
    Heap_Mem                                 0x200012d0   Data         512  startup_stm32f411xe.o(HEAP)
    STACK                                    0x200014d0   Section     1024  startup_stm32f411xe.o(STACK)
    Stack_Mem                                0x200014d0   Data        1024  startup_stm32f411xe.o(STACK)
    __initial_sp                             0x200018d0   Data           0  startup_stm32f411xe.o(STACK)

    Global Symbols

    Symbol Name                              Value     Ov Type        Size  Object(Section)

    BuildAttributes$$THM_ISAv4$E$P$D$K$B$S$7EM$VFPi3$EXTD16$VFPS$VFMA$PE$A:L22UL41UL21$X:L11$S22US41US21$IEEE1$IW$USESV6$~STKCKD$USESV7$~SHL$OTIME$ROPI$EBA8$UX$STANDARDLIB$REQ8$PRES8$EABIv2 0x00000000   Number         0  anon$$obj.o ABSOLUTE
    __ARM_use_no_argv                        0x00000000   Number         0  main.o ABSOLUTE
    __ARM_exceptions_init                     - Undefined Weak Reference
    __alloca_initialize                       - Undefined Weak Reference
    __arm_preinit_                            - Undefined Weak Reference
    __cpp_initialize__aeabi_                  - Undefined Weak Reference
    __cxa_finalize                            - Undefined Weak Reference
    __rt_locale                               - Undefined Weak Reference
    __sigvec_lookup                           - Undefined Weak Reference
    __user_heap_extent                        - Undefined Weak Reference
    _atexit_init                              - Undefined Weak Reference
    _call_atexit_fns                          - Undefined Weak Reference
    _clock_init                               - Undefined Weak Reference
    _fp_trap_init                             - Undefined Weak Reference
    _fp_trap_shutdown                         - Undefined Weak Reference
    _get_lc_collate                           - Undefined Weak Reference
    _get_lc_ctype                             - Undefined Weak Reference
    _get_lc_monetary                          - Undefined Weak Reference
    _get_lc_numeric                           - Undefined Weak Reference
    _get_lc_time                              - Undefined Weak Reference
    _getenv_init                              - Undefined Weak Reference
    _handle_redirection                       - Undefined Weak Reference
    _mutex_acquire                            - Undefined Weak Reference
    _mutex_free                               - Undefined Weak Reference
    _mutex_release                            - Undefined Weak Reference
    _rand_init                                - Undefined Weak Reference
    _signal_finish                            - Undefined Weak Reference
    _signal_init                              - Undefined Weak Reference
    __Vectors_Size                           0x00000198   Number         0  startup_stm32f411xe.o ABSOLUTE
    __Vectors                                0x08000000   Data           4  startup_stm32f411xe.o(RESET)
    __Vectors_End                            0x08000198   Data           0  startup_stm32f411xe.o(RESET)
    __main                                   0x08000199   Thumb Code     8  __main.o(!!!main)
    __scatterload                            0x080001a1   Thumb Code     0  __scatter.o(!!!scatter)
    __scatterload_rt2                        0x080001a1   Thumb Code    44  __scatter.o(!!!scatter)
    __scatterload_rt2_thumb_only             0x080001a1   Thumb Code     0  __scatter.o(!!!scatter)
    __scatterload_null                       0x080001af   Thumb Code     0  __scatter.o(!!!scatter)
    __scatterload_copy                       0x080001d5   Thumb Code    26  __scatter_copy.o(!!handler_copy)
    __scatterload_zeroinit                   0x080001f1   Thumb Code    28  __scatter_zi.o(!!handler_zi)
    __rt_lib_init                            0x0800020d   Thumb Code     0  libinit.o(.ARM.Collect$$libinit$$00000000)
    __rt_lib_init_fp_1                       0x0800020f   Thumb Code     0  libinit2.o(.ARM.Collect$$libinit$$00000001)
    __rt_lib_init_heap_2                     0x08000213   Thumb Code     0  libinit2.o(.ARM.Collect$$libinit$$00000005)
    __rt_lib_init_preinit_1                  0x08000213   Thumb Code     0  libinit2.o(.ARM.Collect$$libinit$$00000004)
    __rt_lib_init_atexit_1                   0x0800021b   Thumb Code     0  libinit2.o(.ARM.Collect$$libinit$$0000001B)
    __rt_lib_init_clock_1                    0x0800021b   Thumb Code     0  libinit2.o(.ARM.Collect$$libinit$$00000021)
    __rt_lib_init_fp_trap_1                  0x0800021b   Thumb Code     0  libinit2.o(.ARM.Collect$$libinit$$0000001F)
    __rt_lib_init_getenv_1                   0x0800021b   Thumb Code     0  libinit2.o(.ARM.Collect$$libinit$$00000023)
    __rt_lib_init_heap_1                     0x0800021b   Thumb Code     0  libinit2.o(.ARM.Collect$$libinit$$0000000A)
    __rt_lib_init_lc_collate_1               0x0800021b   Thumb Code     0  libinit2.o(.ARM.Collect$$libinit$$00000011)
    __rt_lib_init_lc_ctype_1                 0x0800021b   Thumb Code     0  libinit2.o(.ARM.Collect$$libinit$$00000013)
    __rt_lib_init_lc_monetary_1              0x0800021b   Thumb Code     0  libinit2.o(.ARM.Collect$$libinit$$00000015)
    __rt_lib_init_lc_numeric_1               0x0800021b   Thumb Code     0  libinit2.o(.ARM.Collect$$libinit$$00000017)
    __rt_lib_init_lc_time_1                  0x0800021b   Thumb Code     0  libinit2.o(.ARM.Collect$$libinit$$00000019)
    __rt_lib_init_rand_1                     0x0800021b   Thumb Code     0  libinit2.o(.ARM.Collect$$libinit$$0000000E)
    __rt_lib_init_signal_1                   0x0800021b   Thumb Code     0  libinit2.o(.ARM.Collect$$libinit$$0000001D)
    __rt_lib_init_stdio_2                    0x0800021b   Thumb Code     0  libinit2.o(.ARM.Collect$$libinit$$00000024)
    __rt_lib_init_user_alloc_1               0x0800021b   Thumb Code     0  libinit2.o(.ARM.Collect$$libinit$$0000000C)
    __rt_lib_init_alloca_1                   0x0800021f   Thumb Code     0  libinit2.o(.ARM.Collect$$libinit$$0000002E)
    __rt_lib_init_argv_1                     0x0800021f   Thumb Code     0  libinit2.o(.ARM.Collect$$libinit$$0000002C)
    __rt_lib_init_cpp_1                      0x0800021f   Thumb Code     0  libinit2.o(.ARM.Collect$$libinit$$00000032)
    __rt_lib_init_exceptions_1               0x0800021f   Thumb Code     0  libinit2.o(.ARM.Collect$$libinit$$00000030)
    __rt_lib_init_return                     0x0800021f   Thumb Code     0  libinit2.o(.ARM.Collect$$libinit$$00000033)
    __rt_lib_init_stdio_1                    0x0800021f   Thumb Code     0  libinit2.o(.ARM.Collect$$libinit$$00000025)
    __rt_lib_shutdown                        0x08000221   Thumb Code     0  libshutdown.o(.ARM.Collect$$libshutdown$$00000000)
    __rt_lib_shutdown_cpp_1                  0x08000223   Thumb Code     0  libshutdown2.o(.ARM.Collect$$libshutdown$$00000002)
    __rt_lib_shutdown_stdio_2                0x08000223   Thumb Code     0  libshutdown2.o(.ARM.Collect$$libshutdown$$00000003)
    __rt_lib_shutdown_fp_trap_1              0x08000227   Thumb Code     0  libshutdown2.o(.ARM.Collect$$libshutdown$$00000007)
    __rt_lib_shutdown_heap_1                 0x08000227   Thumb Code     0  libshutdown2.o(.ARM.Collect$$libshutdown$$0000000F)
    __rt_lib_shutdown_return                 0x08000227   Thumb Code     0  libshutdown2.o(.ARM.Collect$$libshutdown$$00000010)
    __rt_lib_shutdown_signal_1               0x08000227   Thumb Code     0  libshutdown2.o(.ARM.Collect$$libshutdown$$0000000A)
    __rt_lib_shutdown_stdio_1                0x08000227   Thumb Code     0  libshutdown2.o(.ARM.Collect$$libshutdown$$00000004)
    __rt_lib_shutdown_user_alloc_1           0x08000227   Thumb Code     0  libshutdown2.o(.ARM.Collect$$libshutdown$$0000000C)
    __rt_entry                               0x08000229   Thumb Code     0  __rtentry.o(.ARM.Collect$$rtentry$$00000000)
    __rt_entry_presh_1                       0x08000229   Thumb Code     0  __rtentry2.o(.ARM.Collect$$rtentry$$00000002)
    __rt_entry_sh                            0x08000229   Thumb Code     0  __rtentry4.o(.ARM.Collect$$rtentry$$00000004)
    __rt_entry_li                            0x0800022f   Thumb Code     0  __rtentry2.o(.ARM.Collect$$rtentry$$0000000A)
    __rt_entry_postsh_1                      0x0800022f   Thumb Code     0  __rtentry2.o(.ARM.Collect$$rtentry$$00000009)
    __rt_entry_main                          0x08000233   Thumb Code     0  __rtentry2.o(.ARM.Collect$$rtentry$$0000000D)
    __rt_entry_postli_1                      0x08000233   Thumb Code     0  __rtentry2.o(.ARM.Collect$$rtentry$$0000000C)
    __rt_exit                                0x0800023b   Thumb Code     0  rtexit.o(.ARM.Collect$$rtexit$$00000000)
    __rt_exit_ls                             0x0800023d   Thumb Code     0  rtexit2.o(.ARM.Collect$$rtexit$$00000003)
    __rt_exit_prels_1                        0x0800023d   Thumb Code     0  rtexit2.o(.ARM.Collect$$rtexit$$00000002)
    __rt_exit_exit                           0x08000241   Thumb Code     0  rtexit2.o(.ARM.Collect$$rtexit$$00000004)
    SVC_Handler                              0x08000249   Thumb Code    28  port.o(.emb_text)
    __asm___6_port_c_39a90d8d__prvStartFirstTask 0x08000269   Thumb Code    36  port.o(.emb_text)
    __asm___6_port_c_39a90d8d__prvEnableVFP  0x08000291   Thumb Code    16  port.o(.emb_text)
    PendSV_Handler                           0x080002a5   Thumb Code    88  port.o(.emb_text)
    vPortGetIPSR                             0x08000301   Thumb Code     6  port.o(.emb_text)
    Reset_Handler                            0x08000309   Thumb Code     8  startup_stm32f411xe.o(.text)
    _maybe_terminate_alloc                   0x08000309   Thumb Code     0  maybetermalloc1.o(.emb_text)
    NMI_Handler                              0x08000311   Thumb Code     2  startup_stm32f411xe.o(.text)
    HardFault_Handler                        0x08000313   Thumb Code     2  startup_stm32f411xe.o(.text)
    MemManage_Handler                        0x08000315   Thumb Code     2  startup_stm32f411xe.o(.text)
    BusFault_Handler                         0x08000317   Thumb Code     2  startup_stm32f411xe.o(.text)
    UsageFault_Handler                       0x08000319   Thumb Code     2  startup_stm32f411xe.o(.text)
    DebugMon_Handler                         0x0800031d   Thumb Code     2  startup_stm32f411xe.o(.text)
    ADC_IRQHandler                           0x08000323   Thumb Code     0  startup_stm32f411xe.o(.text)
    DMA1_Stream0_IRQHandler                  0x08000323   Thumb Code     0  startup_stm32f411xe.o(.text)
    DMA1_Stream1_IRQHandler                  0x08000323   Thumb Code     0  startup_stm32f411xe.o(.text)
    DMA1_Stream2_IRQHandler                  0x08000323   Thumb Code     0  startup_stm32f411xe.o(.text)
    DMA1_Stream3_IRQHandler                  0x08000323   Thumb Code     0  startup_stm32f411xe.o(.text)
    DMA1_Stream4_IRQHandler                  0x08000323   Thumb Code     0  startup_stm32f411xe.o(.text)
    DMA1_Stream5_IRQHandler                  0x08000323   Thumb Code     0  startup_stm32f411xe.o(.text)
    DMA1_Stream6_IRQHandler                  0x08000323   Thumb Code     0  startup_stm32f411xe.o(.text)
    DMA1_Stream7_IRQHandler                  0x08000323   Thumb Code     0  startup_stm32f411xe.o(.text)
    DMA2_Stream0_IRQHandler                  0x08000323   Thumb Code     0  startup_stm32f411xe.o(.text)
    DMA2_Stream1_IRQHandler                  0x08000323   Thumb Code     0  startup_stm32f411xe.o(.text)
    DMA2_Stream2_IRQHandler                  0x08000323   Thumb Code     0  startup_stm32f411xe.o(.text)
    DMA2_Stream3_IRQHandler                  0x08000323   Thumb Code     0  startup_stm32f411xe.o(.text)
    DMA2_Stream4_IRQHandler                  0x08000323   Thumb Code     0  startup_stm32f411xe.o(.text)
    DMA2_Stream5_IRQHandler                  0x08000323   Thumb Code     0  startup_stm32f411xe.o(.text)
    DMA2_Stream6_IRQHandler                  0x08000323   Thumb Code     0  startup_stm32f411xe.o(.text)
    DMA2_Stream7_IRQHandler                  0x08000323   Thumb Code     0  startup_stm32f411xe.o(.text)
    EXTI0_IRQHandler                         0x08000323   Thumb Code     0  startup_stm32f411xe.o(.text)
    EXTI15_10_IRQHandler                     0x08000323   Thumb Code     0  startup_stm32f411xe.o(.text)
    EXTI1_IRQHandler                         0x08000323   Thumb Code     0  startup_stm32f411xe.o(.text)
    EXTI2_IRQHandler                         0x08000323   Thumb Code     0  startup_stm32f411xe.o(.text)
    EXTI3_IRQHandler                         0x08000323   Thumb Code     0  startup_stm32f411xe.o(.text)
    EXTI4_IRQHandler                         0x08000323   Thumb Code     0  startup_stm32f411xe.o(.text)
    EXTI9_5_IRQHandler                       0x08000323   Thumb Code     0  startup_stm32f411xe.o(.text)
    FLASH_IRQHandler                         0x08000323   Thumb Code     0  startup_stm32f411xe.o(.text)
    FPU_IRQHandler                           0x08000323   Thumb Code     0  startup_stm32f411xe.o(.text)
    I2C1_ER_IRQHandler                       0x08000323   Thumb Code     0  startup_stm32f411xe.o(.text)
    I2C1_EV_IRQHandler                       0x08000323   Thumb Code     0  startup_stm32f411xe.o(.text)
    I2C2_ER_IRQHandler                       0x08000323   Thumb Code     0  startup_stm32f411xe.o(.text)
    I2C2_EV_IRQHandler                       0x08000323   Thumb Code     0  startup_stm32f411xe.o(.text)
    I2C3_ER_IRQHandler                       0x08000323   Thumb Code     0  startup_stm32f411xe.o(.text)
    I2C3_EV_IRQHandler                       0x08000323   Thumb Code     0  startup_stm32f411xe.o(.text)
    OTG_FS_IRQHandler                        0x08000323   Thumb Code     0  startup_stm32f411xe.o(.text)
    OTG_FS_WKUP_IRQHandler                   0x08000323   Thumb Code     0  startup_stm32f411xe.o(.text)
    PVD_IRQHandler                           0x08000323   Thumb Code     0  startup_stm32f411xe.o(.text)
    RCC_IRQHandler                           0x08000323   Thumb Code     0  startup_stm32f411xe.o(.text)
    RTC_Alarm_IRQHandler                     0x08000323   Thumb Code     0  startup_stm32f411xe.o(.text)
    RTC_WKUP_IRQHandler                      0x08000323   Thumb Code     0  startup_stm32f411xe.o(.text)
    SDIO_IRQHandler                          0x08000323   Thumb Code     0  startup_stm32f411xe.o(.text)
    SPI1_IRQHandler                          0x08000323   Thumb Code     0  startup_stm32f411xe.o(.text)
    SPI2_IRQHandler                          0x08000323   Thumb Code     0  startup_stm32f411xe.o(.text)
    SPI3_IRQHandler                          0x08000323   Thumb Code     0  startup_stm32f411xe.o(.text)
    SPI4_IRQHandler                          0x08000323   Thumb Code     0  startup_stm32f411xe.o(.text)
    SPI5_IRQHandler                          0x08000323   Thumb Code     0  startup_stm32f411xe.o(.text)
    TAMP_STAMP_IRQHandler                    0x08000323   Thumb Code     0  startup_stm32f411xe.o(.text)
    TIM1_BRK_TIM9_IRQHandler                 0x08000323   Thumb Code     0  startup_stm32f411xe.o(.text)
    TIM1_CC_IRQHandler                       0x08000323   Thumb Code     0  startup_stm32f411xe.o(.text)
    TIM1_TRG_COM_TIM11_IRQHandler            0x08000323   Thumb Code     0  startup_stm32f411xe.o(.text)
    TIM1_UP_TIM10_IRQHandler                 0x08000323   Thumb Code     0  startup_stm32f411xe.o(.text)
    TIM2_IRQHandler                          0x08000323   Thumb Code     0  startup_stm32f411xe.o(.text)
    TIM3_IRQHandler                          0x08000323   Thumb Code     0  startup_stm32f411xe.o(.text)
    TIM4_IRQHandler                          0x08000323   Thumb Code     0  startup_stm32f411xe.o(.text)
    TIM5_IRQHandler                          0x08000323   Thumb Code     0  startup_stm32f411xe.o(.text)
    USART1_IRQHandler                        0x08000323   Thumb Code     0  startup_stm32f411xe.o(.text)
    USART2_IRQHandler                        0x08000323   Thumb Code     0  startup_stm32f411xe.o(.text)
    USART6_IRQHandler                        0x08000323   Thumb Code     0  startup_stm32f411xe.o(.text)
    WWDG_IRQHandler                          0x08000323   Thumb Code     0  startup_stm32f411xe.o(.text)
    __user_initial_stackheap                 0x08000325   Thumb Code     0  startup_stm32f411xe.o(.text)
    __2printf                                0x08000349   Thumb Code    20  noretval__2printf.o(.text)
    __aeabi_memcpy                           0x08000361   Thumb Code     0  rt_memcpy_v6.o(.text)
    __rt_memcpy                              0x08000361   Thumb Code   138  rt_memcpy_v6.o(.text)
    _memcpy_lastbytes                        0x080003c7   Thumb Code     0  rt_memcpy_v6.o(.text)
    strcmp                                   0x080003ed   Thumb Code   128  strcmpv7m.o(.text)
    __use_two_region_memory                  0x0800046d   Thumb Code     2  heapauxi.o(.text)
    __rt_heap_escrow                         0x0800046f   Thumb Code     2  heapauxi.o(.text)
    __rt_heap_expand                         0x08000471   Thumb Code     2  heapauxi.o(.text)
    _printf_char_file                        0x08000475   Thumb Code    32  _printf_char_file.o(.text)
    __aeabi_memcpy4                          0x08000499   Thumb Code     0  rt_memcpy_w.o(.text)
    __aeabi_memcpy8                          0x08000499   Thumb Code     0  rt_memcpy_w.o(.text)
    __rt_memcpy_w                            0x08000499   Thumb Code   100  rt_memcpy_w.o(.text)
    _memcpy_lastbytes_aligned                0x080004e1   Thumb Code     0  rt_memcpy_w.o(.text)
    _printf_char_common                      0x08000507   Thumb Code    32  _printf_char_common.o(.text)
    ferror                                   0x0800052d   Thumb Code     8  ferror.o(.text)
    _initio                                  0x08000535   Thumb Code   210  initio.o(.text)
    _terminateio                             0x08000607   Thumb Code    56  initio.o(.text)
    __user_setup_stackheap                   0x0800066d   Thumb Code    74  sys_stackheap_outer.o(.text)
    free                                     0x080006b7   Thumb Code    78  h1_free.o(.text)
    __printf                                 0x08000705   Thumb Code    40  __printf_nopercent.o(.text)
    __flsbuf                                 0x0800072d   Thumb Code   470  flsbuf.o(.text)
    __flsbuf_byte                            0x0800072d   Thumb Code     0  flsbuf.o(.text)
    __flsbuf_wide                            0x0800072d   Thumb Code     0  flsbuf.o(.text)
    setvbuf                                  0x08000903   Thumb Code    70  setvbuf.o(.text)
    freopen                                  0x08000949   Thumb Code   158  fopen.o(.text)
    fopen                                    0x080009e7   Thumb Code    74  fopen.o(.text)
    _fclose_internal                         0x08000a35   Thumb Code    76  fclose.o(.text)
    fclose                                   0x08000a35   Thumb Code     0  fclose.o(.text)
    exit                                     0x08000a81   Thumb Code    18  exit.o(.text)
    __rt_SIGRTRED                            0x08000a93   Thumb Code    14  defsig_rtred_outer.o(.text)
    __aeabi_memclr4                          0x08000aa1   Thumb Code     0  rt_memclr_w.o(.text)
    __aeabi_memclr8                          0x08000aa1   Thumb Code     0  rt_memclr_w.o(.text)
    __rt_memclr_w                            0x08000aa1   Thumb Code    78  rt_memclr_w.o(.text)
    _memset_w                                0x08000aa5   Thumb Code     0  rt_memclr_w.o(.text)
    __user_libspace                          0x08000af1   Thumb Code     8  libspace.o(.text)
    __user_perproc_libspace                  0x08000af1   Thumb Code     0  libspace.o(.text)
    __user_perthread_libspace                0x08000af1   Thumb Code     0  libspace.o(.text)
    __rt_heap_descriptor                     0x08000af9   Thumb Code     8  rt_heap_descriptor_intlibspace.o(.text)
    __use_no_heap                            0x08000b01   Thumb Code     2  hguard.o(.text)
    __heap$guard                             0x08000b03   Thumb Code     2  hguard.o(.text)
    _terminate_user_alloc                    0x08000b05   Thumb Code     2  init_alloc.o(.text)
    _init_user_alloc                         0x08000b07   Thumb Code     2  init_alloc.o(.text)
    __Heap_Full                              0x08000b09   Thumb Code    34  init_alloc.o(.text)
    __Heap_Broken                            0x08000b2b   Thumb Code     6  init_alloc.o(.text)
    _init_alloc                              0x08000b31   Thumb Code    94  init_alloc.o(.text)
    malloc                                   0x08000b8f   Thumb Code    94  h1_alloc.o(.text)
    _fseek                                   0x08000bed   Thumb Code   242  fseek.o(.text)
    fseek                                    0x08000bed   Thumb Code     0  fseek.o(.text)
    _seterr                                  0x08000ce5   Thumb Code    20  stdio.o(.text)
    _writebuf                                0x08000cf9   Thumb Code    84  stdio.o(.text)
    _fflush                                  0x08000d4d   Thumb Code    70  stdio.o(.text)
    _deferredlazyseek                        0x08000d93   Thumb Code    60  stdio.o(.text)
    __sig_exit                               0x08000dd5   Thumb Code    10  defsig_exit.o(.text)
    __rt_SIGRTRED_inner                      0x08000de1   Thumb Code    14  defsig_rtred_inner.o(.text)
    _sys_exit                                0x08000e15   Thumb Code     8  sys_exit.o(.text)
    __Heap_Initialize                        0x08000e21   Thumb Code    10  h1_init.o(.text)
    __Heap_DescSize                          0x08000e2b   Thumb Code     4  h1_init.o(.text)
    __Heap_ProvideMemory                     0x08000e2f   Thumb Code    52  h1_extend.o(.text)
    _ftell_internal                          0x08000e63   Thumb Code    66  ftell.o(.text)
    ftell                                    0x08000e63   Thumb Code     0  ftell.o(.text)
    __default_signal_display                 0x08000ea5   Thumb Code    50  defsig_general.o(.text)
    __rt_SIGRTMEM                            0x08000ed7   Thumb Code    14  defsig_rtmem_outer.o(.text)
    _ttywrch                                 0x08000ee5   Thumb Code    14  sys_wrch.o(.text)
    __I$use$semihosting                      0x08000ef3   Thumb Code     0  use_no_semi.o(.text)
    __use_no_semihosting_swi                 0x08000ef3   Thumb Code     2  use_no_semi.o(.text)
    __aeabi_errno_addr                       0x08000ef5   Thumb Code     8  rt_errno_addr_intlibspace.o(.text)
    __errno$intlibspace                      0x08000ef5   Thumb Code     0  rt_errno_addr_intlibspace.o(.text)
    __rt_errno_addr$intlibspace              0x08000ef5   Thumb Code     0  rt_errno_addr_intlibspace.o(.text)
    __semihosting_library_function           0x08000ef5   Thumb Code     0  indicate_semi.o(.text)
    __rt_SIGRTMEM_inner                      0x08000efd   Thumb Code    22  defsig_rtmem_inner.o(.text)
    ITM_SendChar                             0x08000f4d   Thumb Code    42  retarget_io.o(i.ITM_SendChar)
    OS_SysTick_Handler                       0x08000f7d   Thumb Code    46  port.o(i.OS_SysTick_Handler)
    SysTick_Handler                          0x08000fb1   Thumb Code     8  system.o(i.SysTick_Handler)
    SystemCoreClockUpdate                    0x08000fb9   Thumb Code   170  system_stm32f4xx.o(i.SystemCoreClockUpdate)
    SystemInit                               0x08001079   Thumb Code    82  system_stm32f4xx.o(i.SystemInit)
    _sys_close                               0x08001105   Thumb Code    38  retarget_io.o(i._sys_close)
    _sys_flen                                0x0800112b   Thumb Code    36  retarget_io.o(i._sys_flen)
    _sys_istty                               0x0800114f   Thumb Code    36  retarget_io.o(i._sys_istty)
    _sys_open                                0x08001175   Thumb Code    80  retarget_io.o(i._sys_open)
    _sys_seek                                0x080011dd   Thumb Code    44  retarget_io.o(i._sys_seek)
    _sys_write                               0x08001209   Thumb Code    70  retarget_io.o(i._sys_write)
    fputc                                    0x0800124f   Thumb Code    26  fputc.o(i.fputc)
    main                                     0x08001269   Thumb Code   162  main.o(i.main)
    pvPortMalloc                             0x08001df1   Thumb Code   296  heap_4.o(i.pvPortMalloc)
    pxPortInitialiseStack                    0x08001f2d   Thumb Code    38  port.o(i.pxPortInitialiseStack)
    task1                                    0x08001f65   Thumb Code    10  main.o(i.task1)
    task2                                    0x08001f85   Thumb Code    10  main.o(i.task2)
    uxListRemove                             0x08001fa5   Thumb Code    40  list.o(i.uxListRemove)
    vApplicationIdleHook                     0x08001fcd   Thumb Code    10  main.o(i.vApplicationIdleHook)
    vListInitialise                          0x08001ff1   Thumb Code    26  list.o(i.vListInitialise)
    vListInitialiseItem                      0x0800200b   Thumb Code     6  list.o(i.vListInitialiseItem)
    vListInsert                              0x08002011   Thumb Code    52  list.o(i.vListInsert)
    vListInsertEnd                           0x08002045   Thumb Code    24  list.o(i.vListInsertEnd)
    vPortEnterCritical                       0x0800205d   Thumb Code    76  port.o(i.vPortEnterCritical)
    vPortExitCritical                        0x080020b1   Thumb Code    56  port.o(i.vPortExitCritical)
    vPortFree                                0x080020ed   Thumb Code   140  heap_4.o(i.vPortFree)
    vPortSetupTimerInterrupt                 0x08002181   Thumb Code    36  port.o(i.vPortSetupTimerInterrupt)
    vPortValidateInterruptPriority           0x080021a9   Thumb Code   106  port.o(i.vPortValidateInterruptPriority)
    vQueueWaitForMessageRestricted           0x08002221   Thumb Code    74  queue.o(i.vQueueWaitForMessageRestricted)
    vTaskInternalSetTimeOutState             0x0800226d   Thumb Code    14  tasks.o(i.vTaskInternalSetTimeOutState)
    vTaskMissedYield                         0x08002285   Thumb Code     8  tasks.o(i.vTaskMissedYield)
    vTaskPlaceOnEventList                    0x08002291   Thumb Code    52  tasks.o(i.vTaskPlaceOnEventList)
    vTaskPlaceOnEventListRestricted          0x080022c9   Thumb Code    60  tasks.o(i.vTaskPlaceOnEventListRestricted)
    vTaskStartScheduler                      0x08002309   Thumb Code   118  tasks.o(i.vTaskStartScheduler)
    vTaskSuspendAll                          0x0800239d   Thumb Code    12  tasks.o(i.vTaskSuspendAll)
    vTaskSwitchContext                       0x080023ad   Thumb Code   118  tasks.o(i.vTaskSwitchContext)
    xPortStartScheduler                      0x08002439   Thumb Code   330  port.o(i.xPortStartScheduler)
    xQueueGenericCreate                      0x080025a1   Thumb Code    90  queue.o(i.xQueueGenericCreate)
    xQueueGenericReset                       0x080025fd   Thumb Code   146  queue.o(i.xQueueGenericReset)
    xQueueGenericSend                        0x08002695   Thumb Code   468  queue.o(i.xQueueGenericSend)
    xQueueGenericSendFromISR                 0x0800286d   Thumb Code   264  queue.o(i.xQueueGenericSendFromISR)
    xQueueReceive                            0x08002975   Thumb Code   356  queue.o(i.xQueueReceive)
    xTaskCheckForTimeOut                     0x08002add   Thumb Code   132  tasks.o(i.xTaskCheckForTimeOut)
    xTaskCreate                              0x08002b69   Thumb Code    96  tasks.o(i.xTaskCreate)
    xTaskGetSchedulerState                   0x08002bc9   Thumb Code    24  tasks.o(i.xTaskGetSchedulerState)
    xTaskGetTickCount                        0x08002be9   Thumb Code     6  tasks.o(i.xTaskGetTickCount)
    xTaskIncrementTick                       0x08002bf5   Thumb Code   256  tasks.o(i.xTaskIncrementTick)
    xTaskPriorityDisinherit                  0x08002d21   Thumb Code   188  tasks.o(i.xTaskPriorityDisinherit)
    xTaskRemoveFromEventList                 0x08002de9   Thumb Code   128  tasks.o(i.xTaskRemoveFromEventList)
    xTaskResumeAll                           0x08002e81   Thumb Code   224  tasks.o(i.xTaskResumeAll)
    xTimerCreateTimerTask                    0x08002f85   Thumb Code    66  timers.o(i.xTimerCreateTimerTask)
    xTimerGenericCommand                     0x08002fdd   Thumb Code   126  timers.o(i.xTimerGenericCommand)
    _fp_init                                 0x08003061   Thumb Code    10  fpinit.o(x$fpl$fpinit)
    __fplib_config_fpu_vfp                   0x08003069   Thumb Code     0  fpinit.o(x$fpl$fpinit)
    __fplib_config_pureend_doubles           0x08003069   Thumb Code     0  fpinit.o(x$fpl$fpinit)
    __stdin_name                             0x0800306a   Data           7  retarget_io.o(.constdata)
    __stdout_name                            0x08003071   Data           8  retarget_io.o(.constdata)
    __stderr_name                            0x08003079   Data           8  retarget_io.o(.constdata)
    AHBPrescTable                            0x08003081   Data          16  system_stm32f4xx.o(.constdata)
    APBPrescTable                            0x08003091   Data           8  system_stm32f4xx.o(.constdata)
    Region$$Table$$Base                      0x0800309c   Number         0  anon$$obj.o(Region$$Table)
    Region$$Table$$Limit                     0x080030bc   Number         0  anon$$obj.o(Region$$Table)
    SystemCoreClock                          0x20000000   Data           4  system_stm32f4xx.o(.data)
    pxCurrentTCB                             0x20000028   Data           4  tasks.o(.data)
    __aeabi_stdin                            0x20000078   Data           4  stdio_streams.o(.data)
    __aeabi_stdout                           0x2000007c   Data           4  stdio_streams.o(.data)
    __aeabi_stderr                           0x20000080   Data           4  stdio_streams.o(.data)
    __stdin                                  0x20001174   Data          84  stdio_streams.o(.bss)
    __stdout                                 0x200011c8   Data          84  stdio_streams.o(.bss)
    __stderr                                 0x2000121c   Data          84  stdio_streams.o(.bss)
    __libspace_start                         0x20001270   Data          96  libspace.o(.bss)
    __temporary_stack_top$libspace           0x200012d0   Data           0  libspace.o(.bss)



==============================================================================

Memory Map of the image

  Image Entry point : 0x08000309

  Load Region LR_1 (Base: 0x08000000, Size: 0x00003140, Max: 0xffffffff, ABSOLUTE)

    Execution Region ER_RO (Exec base: 0x08000000, Load base: 0x08000000, Size: 0x000030bc, Max: 0xffffffff, ABSOLUTE)

    Exec Addr    Load Addr    Size         Type   Attr      Idx    E Section Name        Object

    0x08000000   0x08000000   0x00000198   Data   RO          244    RESET               startup_stm32f411xe.o
    0x08000198   0x08000198   0x00000008   Code   RO         1258  * !!!main             c_w.l(__main.o)
    0x080001a0   0x080001a0   0x00000034   Code   RO         1597    !!!scatter          c_w.l(__scatter.o)
    0x080001d4   0x080001d4   0x0000001a   Code   RO         1599    !!handler_copy      c_w.l(__scatter_copy.o)
    0x080001ee   0x080001ee   0x00000002   PAD
    0x080001f0   0x080001f0   0x0000001c   Code   RO         1601    !!handler_zi        c_w.l(__scatter_zi.o)
    0x0800020c   0x0800020c   0x00000002   Code   RO         1390    .ARM.Collect$$libinit$$00000000  c_w.l(libinit.o)
    0x0800020e   0x0800020e   0x00000004   Code   RO         1391    .ARM.Collect$$libinit$$00000001  c_w.l(libinit2.o)
    0x08000212   0x08000212   0x00000000   Code   RO         1394    .ARM.Collect$$libinit$$00000004  c_w.l(libinit2.o)
    0x08000212   0x08000212   0x00000008   Code   RO         1395    .ARM.Collect$$libinit$$00000005  c_w.l(libinit2.o)
    0x0800021a   0x0800021a   0x00000000   Code   RO         1397    .ARM.Collect$$libinit$$0000000A  c_w.l(libinit2.o)
    0x0800021a   0x0800021a   0x00000000   Code   RO         1399    .ARM.Collect$$libinit$$0000000C  c_w.l(libinit2.o)
    0x0800021a   0x0800021a   0x00000000   Code   RO         1401    .ARM.Collect$$libinit$$0000000E  c_w.l(libinit2.o)
    0x0800021a   0x0800021a   0x00000000   Code   RO         1404    .ARM.Collect$$libinit$$00000011  c_w.l(libinit2.o)
    0x0800021a   0x0800021a   0x00000000   Code   RO         1406    .ARM.Collect$$libinit$$00000013  c_w.l(libinit2.o)
    0x0800021a   0x0800021a   0x00000000   Code   RO         1408    .ARM.Collect$$libinit$$00000015  c_w.l(libinit2.o)
    0x0800021a   0x0800021a   0x00000000   Code   RO         1410    .ARM.Collect$$libinit$$00000017  c_w.l(libinit2.o)
    0x0800021a   0x0800021a   0x00000000   Code   RO         1412    .ARM.Collect$$libinit$$00000019  c_w.l(libinit2.o)
    0x0800021a   0x0800021a   0x00000000   Code   RO         1414    .ARM.Collect$$libinit$$0000001B  c_w.l(libinit2.o)
    0x0800021a   0x0800021a   0x00000000   Code   RO         1416    .ARM.Collect$$libinit$$0000001D  c_w.l(libinit2.o)
    0x0800021a   0x0800021a   0x00000000   Code   RO         1418    .ARM.Collect$$libinit$$0000001F  c_w.l(libinit2.o)
    0x0800021a   0x0800021a   0x00000000   Code   RO         1420    .ARM.Collect$$libinit$$00000021  c_w.l(libinit2.o)
    0x0800021a   0x0800021a   0x00000000   Code   RO         1422    .ARM.Collect$$libinit$$00000023  c_w.l(libinit2.o)
    0x0800021a   0x0800021a   0x00000004   Code   RO         1423    .ARM.Collect$$libinit$$00000024  c_w.l(libinit2.o)
    0x0800021e   0x0800021e   0x00000000   Code   RO         1424    .ARM.Collect$$libinit$$00000025  c_w.l(libinit2.o)
    0x0800021e   0x0800021e   0x00000000   Code   RO         1428    .ARM.Collect$$libinit$$0000002C  c_w.l(libinit2.o)
    0x0800021e   0x0800021e   0x00000000   Code   RO         1430    .ARM.Collect$$libinit$$0000002E  c_w.l(libinit2.o)
    0x0800021e   0x0800021e   0x00000000   Code   RO         1432    .ARM.Collect$$libinit$$00000030  c_w.l(libinit2.o)
    0x0800021e   0x0800021e   0x00000000   Code   RO         1434    .ARM.Collect$$libinit$$00000032  c_w.l(libinit2.o)
    0x0800021e   0x0800021e   0x00000002   Code   RO         1435    .ARM.Collect$$libinit$$00000033  c_w.l(libinit2.o)
    0x08000220   0x08000220   0x00000002   Code   RO         1576    .ARM.Collect$$libshutdown$$00000000  c_w.l(libshutdown.o)
    0x08000222   0x08000222   0x00000000   Code   RO         1437    .ARM.Collect$$libshutdown$$00000002  c_w.l(libshutdown2.o)
    0x08000222   0x08000222   0x00000004   Code   RO         1438    .ARM.Collect$$libshutdown$$00000003  c_w.l(libshutdown2.o)
    0x08000226   0x08000226   0x00000000   Code   RO         1439    .ARM.Collect$$libshutdown$$00000004  c_w.l(libshutdown2.o)
    0x08000226   0x08000226   0x00000000   Code   RO         1442    .ARM.Collect$$libshutdown$$00000007  c_w.l(libshutdown2.o)
    0x08000226   0x08000226   0x00000000   Code   RO         1445    .ARM.Collect$$libshutdown$$0000000A  c_w.l(libshutdown2.o)
    0x08000226   0x08000226   0x00000000   Code   RO         1447    .ARM.Collect$$libshutdown$$0000000C  c_w.l(libshutdown2.o)
    0x08000226   0x08000226   0x00000000   Code   RO         1450    .ARM.Collect$$libshutdown$$0000000F  c_w.l(libshutdown2.o)
    0x08000226   0x08000226   0x00000002   Code   RO         1451    .ARM.Collect$$libshutdown$$00000010  c_w.l(libshutdown2.o)
    0x08000228   0x08000228   0x00000000   Code   RO         1260    .ARM.Collect$$rtentry$$00000000  c_w.l(__rtentry.o)
    0x08000228   0x08000228   0x00000000   Code   RO         1272    .ARM.Collect$$rtentry$$00000002  c_w.l(__rtentry2.o)
    0x08000228   0x08000228   0x00000006   Code   RO         1284    .ARM.Collect$$rtentry$$00000004  c_w.l(__rtentry4.o)
    0x0800022e   0x0800022e   0x00000000   Code   RO         1274    .ARM.Collect$$rtentry$$00000009  c_w.l(__rtentry2.o)
    0x0800022e   0x0800022e   0x00000004   Code   RO         1275    .ARM.Collect$$rtentry$$0000000A  c_w.l(__rtentry2.o)
    0x08000232   0x08000232   0x00000000   Code   RO         1277    .ARM.Collect$$rtentry$$0000000C  c_w.l(__rtentry2.o)
    0x08000232   0x08000232   0x00000008   Code   RO         1278    .ARM.Collect$$rtentry$$0000000D  c_w.l(__rtentry2.o)
    0x0800023a   0x0800023a   0x00000002   Code   RO         1457    .ARM.Collect$$rtexit$$00000000  c_w.l(rtexit.o)
    0x0800023c   0x0800023c   0x00000000   Code   RO         1511    .ARM.Collect$$rtexit$$00000002  c_w.l(rtexit2.o)
    0x0800023c   0x0800023c   0x00000004   Code   RO         1512    .ARM.Collect$$rtexit$$00000003  c_w.l(rtexit2.o)
    0x08000240   0x08000240   0x00000006   Code   RO         1513    .ARM.Collect$$rtexit$$00000004  c_w.l(rtexit2.o)
    0x08000246   0x08000246   0x00000002   PAD
    0x08000248   0x08000248   0x000000be   Code   RO          512    .emb_text           port.o
    0x08000306   0x08000306   0x00000002   PAD
    0x08000308   0x08000308   0x00000000   Code   RO         1517    .emb_text           c_w.l(maybetermalloc1.o)
    0x08000308   0x08000308   0x00000040   Code   RO          245  * .text               startup_stm32f411xe.o
    0x08000348   0x08000348   0x00000018   Code   RO         1250    .text               c_w.l(noretval__2printf.o)
    0x08000360   0x08000360   0x0000008a   Code   RO         1252    .text               c_w.l(rt_memcpy_v6.o)
    0x080003ea   0x080003ea   0x00000002   PAD
    0x080003ec   0x080003ec   0x00000080   Code   RO         1254    .text               c_w.l(strcmpv7m.o)
    0x0800046c   0x0800046c   0x00000006   Code   RO         1256    .text               c_w.l(heapauxi.o)
    0x08000472   0x08000472   0x00000002   PAD
    0x08000474   0x08000474   0x00000024   Code   RO         1261    .text               c_w.l(_printf_char_file.o)
    0x08000498   0x08000498   0x00000064   Code   RO         1269    .text               c_w.l(rt_memcpy_w.o)
    0x080004fc   0x080004fc   0x00000030   Code   RO         1286    .text               c_w.l(_printf_char_common.o)
    0x0800052c   0x0800052c   0x00000008   Code   RO         1288    .text               c_w.l(ferror.o)
    0x08000534   0x08000534   0x00000138   Code   RO         1294    .text               c_w.l(initio.o)
    0x0800066c   0x0800066c   0x0000004a   Code   RO         1304    .text               c_w.l(sys_stackheap_outer.o)
    0x080006b6   0x080006b6   0x0000004e   Code   RO         1308    .text               c_w.l(h1_free.o)
    0x08000704   0x08000704   0x00000028   Code   RO         1362    .text               c_w.l(__printf_nopercent.o)
    0x0800072c   0x0800072c   0x000001d6   Code   RO         1364    .text               c_w.l(flsbuf.o)
    0x08000902   0x08000902   0x00000046   Code   RO         1366    .text               c_w.l(setvbuf.o)
    0x08000948   0x08000948   0x000000ec   Code   RO         1369    .text               c_w.l(fopen.o)
    0x08000a34   0x08000a34   0x0000004c   Code   RO         1371    .text               c_w.l(fclose.o)
    0x08000a80   0x08000a80   0x00000012   Code   RO         1377    .text               c_w.l(exit.o)
    0x08000a92   0x08000a92   0x0000000e   Code   RO         1379    .text               c_w.l(defsig_rtred_outer.o)
    0x08000aa0   0x08000aa0   0x0000004e   Code   RO         1383    .text               c_w.l(rt_memclr_w.o)
    0x08000aee   0x08000aee   0x00000002   PAD
    0x08000af0   0x08000af0   0x00000008   Code   RO         1454    .text               c_w.l(libspace.o)
    0x08000af8   0x08000af8   0x00000008   Code   RO         1464    .text               c_w.l(rt_heap_descriptor_intlibspace.o)
    0x08000b00   0x08000b00   0x00000004   Code   RO         1466    .text               c_w.l(hguard.o)
    0x08000b04   0x08000b04   0x0000008a   Code   RO         1468    .text               c_w.l(init_alloc.o)
    0x08000b8e   0x08000b8e   0x0000005e   Code   RO         1474    .text               c_w.l(h1_alloc.o)
    0x08000bec   0x08000bec   0x000000f8   Code   RO         1490    .text               c_w.l(fseek.o)
    0x08000ce4   0x08000ce4   0x000000f0   Code   RO         1492    .text               c_w.l(stdio.o)
    0x08000dd4   0x08000dd4   0x0000000a   Code   RO         1498    .text               c_w.l(defsig_exit.o)
    0x08000dde   0x08000dde   0x00000002   PAD
    0x08000de0   0x08000de0   0x00000034   Code   RO         1500    .text               c_w.l(defsig_rtred_inner.o)
    0x08000e14   0x08000e14   0x0000000c   Code   RO         1508    .text               c_w.l(sys_exit.o)
    0x08000e20   0x08000e20   0x0000000e   Code   RO         1519    .text               c_w.l(h1_init.o)
    0x08000e2e   0x08000e2e   0x00000034   Code   RO         1521    .text               c_w.l(h1_extend.o)
    0x08000e62   0x08000e62   0x00000042   Code   RO         1531    .text               c_w.l(ftell.o)
    0x08000ea4   0x08000ea4   0x00000032   Code   RO         1539    .text               c_w.l(defsig_general.o)
    0x08000ed6   0x08000ed6   0x0000000e   Code   RO         1541    .text               c_w.l(defsig_rtmem_outer.o)
    0x08000ee4   0x08000ee4   0x0000000e   Code   RO         1554    .text               c_w.l(sys_wrch.o)
    0x08000ef2   0x08000ef2   0x00000002   Code   RO         1558    .text               c_w.l(use_no_semi.o)
    0x08000ef4   0x08000ef4   0x00000000   Code   RO         1560    .text               c_w.l(indicate_semi.o)
    0x08000ef4   0x08000ef4   0x00000008   Code   RO         1564    .text               c_w.l(rt_errno_addr_intlibspace.o)
    0x08000efc   0x08000efc   0x00000050   Code   RO         1570    .text               c_w.l(defsig_rtmem_inner.o)
    0x08000f4c   0x08000f4c   0x00000030   Code   RO          158    i.ITM_SendChar      retarget_io.o
    0x08000f7c   0x08000f7c   0x00000034   Code   RO          513    i.OS_SysTick_Handler  port.o
    0x08000fb0   0x08000fb0   0x00000008   Code   RO          126    i.SysTick_Handler   system.o
    0x08000fb8   0x08000fb8   0x000000c0   Code   RO          252    i.SystemCoreClockUpdate  system_stm32f4xx.o
    0x08001078   0x08001078   0x00000064   Code   RO          253    i.SystemInit        system_stm32f4xx.o
    0x080010dc   0x080010dc   0x00000028   Code   RO            4    i.__NVIC_SetPriority  main.o
    0x08001104   0x08001104   0x00000026   Code   RO          159    i._sys_close        retarget_io.o
    0x0800112a   0x0800112a   0x00000024   Code   RO          160    i._sys_flen         retarget_io.o
    0x0800114e   0x0800114e   0x00000024   Code   RO          161    i._sys_istty        retarget_io.o
    0x08001172   0x08001172   0x00000002   PAD
    0x08001174   0x08001174   0x00000068   Code   RO          162    i._sys_open         retarget_io.o
    0x080011dc   0x080011dc   0x0000002c   Code   RO          164    i._sys_seek         retarget_io.o
    0x08001208   0x08001208   0x00000046   Code   RO          165    i._sys_write        retarget_io.o
    0x0800124e   0x0800124e   0x0000001a   Code   RO         1291    i.fputc             c_w.l(fputc.o)
    0x08001268   0x08001268   0x0000013c   Code   RO            5    i.main              main.o
    0x080013a4   0x080013a4   0x00000098   Code   RO          801    i.prvAddCurrentTaskToDelayedList  tasks.o
    0x0800143c   0x0800143c   0x000000b4   Code   RO          802    i.prvAddNewTaskToReadyList  tasks.o
    0x080014f0   0x080014f0   0x0000004c   Code   RO         1119    i.prvCheckForValidListAndQueue  timers.o
    0x0800153c   0x0800153c   0x00000048   Code   RO          803    i.prvCheckTasksWaitingTermination  tasks.o
    0x08001584   0x08001584   0x0000002a   Code   RO          589    i.prvCopyDataFromQueue  queue.o
    0x080015ae   0x080015ae   0x0000007e   Code   RO          590    i.prvCopyDataToQueue  queue.o
    0x0800162c   0x0800162c   0x00000012   Code   RO          804    i.prvDeleteTCB      tasks.o
    0x0800163e   0x0800163e   0x00000002   PAD
    0x08001640   0x08001640   0x00000028   Code   RO         1120    i.prvGetNextExpireTime  timers.o
    0x08001668   0x08001668   0x0000007c   Code   RO          451    i.prvHeapInit       heap_4.o
    0x080016e4   0x080016e4   0x0000002c   Code   RO          805    i.prvIdleTask       tasks.o
    0x08001710   0x08001710   0x0000002a   Code   RO          593    i.prvInitialiseNewQueue  queue.o
    0x0800173a   0x0800173a   0x000000b4   Code   RO          806    i.prvInitialiseNewTask  tasks.o
    0x080017ee   0x080017ee   0x00000002   PAD
    0x080017f0   0x080017f0   0x00000068   Code   RO          807    i.prvInitialiseTaskLists  tasks.o
    0x08001858   0x08001858   0x00000068   Code   RO          452    i.prvInsertBlockIntoFreeList  heap_4.o
    0x080018c0   0x080018c0   0x00000058   Code   RO         1122    i.prvInsertTimerInActiveList  timers.o
    0x08001918   0x08001918   0x0000001a   Code   RO          594    i.prvIsQueueEmpty   queue.o
    0x08001932   0x08001932   0x0000001e   Code   RO          595    i.prvIsQueueFull    queue.o
    0x08001950   0x08001950   0x00000090   Code   RO          596    i.prvNotifyQueueSetContainer  queue.o
    0x080019e0   0x080019e0   0x00000074   Code   RO         1123    i.prvProcessExpiredTimer  timers.o
    0x08001a54   0x08001a54   0x00000138   Code   RO         1124    i.prvProcessReceivedCommands  timers.o
    0x08001b8c   0x08001b8c   0x00000074   Code   RO         1125    i.prvProcessTimerOrBlockTask  timers.o
    0x08001c00   0x08001c00   0x00000034   Code   RO          808    i.prvResetNextTaskUnblockTime  tasks.o
    0x08001c34   0x08001c34   0x0000002c   Code   RO         1126    i.prvSampleTimeNow  timers.o
    0x08001c60   0x08001c60   0x000000a4   Code   RO         1127    i.prvSwitchTimerLists  timers.o
    0x08001d04   0x08001d04   0x00000040   Code   RO          514    i.prvTaskExitError  port.o
    0x08001d44   0x08001d44   0x0000001a   Code   RO         1128    i.prvTimerTask      timers.o
    0x08001d5e   0x08001d5e   0x00000092   Code   RO          597    i.prvUnlockQueue    queue.o
    0x08001df0   0x08001df0   0x0000013c   Code   RO          453    i.pvPortMalloc      heap_4.o
    0x08001f2c   0x08001f2c   0x0000002c   Code   RO          515    i.pxPortInitialiseStack  port.o
    0x08001f58   0x08001f58   0x0000000c   Code   RO          166    i.stdout_putchar    retarget_io.o
    0x08001f64   0x08001f64   0x00000020   Code   RO            6    i.task1             main.o
    0x08001f84   0x08001f84   0x00000020   Code   RO            7    i.task2             main.o
    0x08001fa4   0x08001fa4   0x00000028   Code   RO          412    i.uxListRemove      list.o
    0x08001fcc   0x08001fcc   0x00000024   Code   RO            8    i.vApplicationIdleHook  main.o
    0x08001ff0   0x08001ff0   0x0000001a   Code   RO          413    i.vListInitialise   list.o
    0x0800200a   0x0800200a   0x00000006   Code   RO          414    i.vListInitialiseItem  list.o
    0x08002010   0x08002010   0x00000034   Code   RO          415    i.vListInsert       list.o
    0x08002044   0x08002044   0x00000018   Code   RO          416    i.vListInsertEnd    list.o
    0x0800205c   0x0800205c   0x00000054   Code   RO          517    i.vPortEnterCritical  port.o
    0x080020b0   0x080020b0   0x0000003c   Code   RO          518    i.vPortExitCritical  port.o
    0x080020ec   0x080020ec   0x00000094   Code   RO          454    i.vPortFree         heap_4.o
    0x08002180   0x08002180   0x00000028   Code   RO          519    i.vPortSetupTimerInterrupt  port.o
    0x080021a8   0x080021a8   0x00000078   Code   RO          520    i.vPortValidateInterruptPriority  port.o
    0x08002220   0x08002220   0x0000004a   Code   RO          602    i.vQueueWaitForMessageRestricted  queue.o
    0x0800226a   0x0800226a   0x00000002   PAD
    0x0800226c   0x0800226c   0x00000018   Code   RO          820    i.vTaskInternalSetTimeOutState  tasks.o
    0x08002284   0x08002284   0x0000000c   Code   RO          821    i.vTaskMissedYield  tasks.o
    0x08002290   0x08002290   0x00000038   Code   RO          823    i.vTaskPlaceOnEventList  tasks.o
    0x080022c8   0x080022c8   0x00000040   Code   RO          824    i.vTaskPlaceOnEventListRestricted  tasks.o
    0x08002308   0x08002308   0x00000094   Code   RO          831    i.vTaskStartScheduler  tasks.o
    0x0800239c   0x0800239c   0x00000010   Code   RO          833    i.vTaskSuspendAll   tasks.o
    0x080023ac   0x080023ac   0x0000008c   Code   RO          834    i.vTaskSwitchContext  tasks.o
    0x08002438   0x08002438   0x00000168   Code   RO          521    i.xPortStartScheduler  port.o
    0x080025a0   0x080025a0   0x0000005a   Code   RO          607    i.xQueueGenericCreate  queue.o
    0x080025fa   0x080025fa   0x00000002   PAD
    0x080025fc   0x080025fc   0x00000098   Code   RO          608    i.xQueueGenericReset  queue.o
    0x08002694   0x08002694   0x000001d8   Code   RO          609    i.xQueueGenericSend  queue.o
    0x0800286c   0x0800286c   0x00000108   Code   RO          610    i.xQueueGenericSendFromISR  queue.o
    0x08002974   0x08002974   0x00000168   Code   RO          617    i.xQueueReceive     queue.o
    0x08002adc   0x08002adc   0x0000008c   Code   RO          835    i.xTaskCheckForTimeOut  tasks.o
    0x08002b68   0x08002b68   0x00000060   Code   RO          836    i.xTaskCreate       tasks.o
    0x08002bc8   0x08002bc8   0x00000020   Code   RO          840    i.xTaskGetSchedulerState  tasks.o
    0x08002be8   0x08002be8   0x0000000c   Code   RO          841    i.xTaskGetTickCount  tasks.o
    0x08002bf4   0x08002bf4   0x0000012c   Code   RO          843    i.xTaskIncrementTick  tasks.o
    0x08002d20   0x08002d20   0x000000c8   Code   RO          846    i.xTaskPriorityDisinherit  tasks.o
    0x08002de8   0x08002de8   0x00000098   Code   RO          848    i.xTaskRemoveFromEventList  tasks.o
    0x08002e80   0x08002e80   0x00000104   Code   RO          849    i.xTaskResumeAll    tasks.o
    0x08002f84   0x08002f84   0x00000058   Code   RO         1133    i.xTimerCreateTimerTask  timers.o
    0x08002fdc   0x08002fdc   0x00000084   Code   RO         1134    i.xTimerGenericCommand  timers.o
    0x08003060   0x08003060   0x0000000a   Code   RO         1506    x$fpl$fpinit        fz_wm.l(fpinit.o)
    0x0800306a   0x0800306a   0x00000017   Data   RO          167    .constdata          retarget_io.o
    0x08003081   0x08003081   0x00000018   Data   RO          254    .constdata          system_stm32f4xx.o
    0x08003099   0x08003099   0x00000003   PAD
    0x0800309c   0x0800309c   0x00000020   Data   RO         1595    Region$$Table       anon$$obj.o


    Execution Region ER_RW (Exec base: 0x20000000, Load base: 0x080030bc, Size: 0x00000084, Max: 0xffffffff, ABSOLUTE)

    Exec Addr    Load Addr    Size         Type   Attr      Idx    E Section Name        Object

    0x20000000   0x080030bc   0x00000004   Data   RW          255    .data               system_stm32f4xx.o
    0x20000004   0x080030c0   0x00000018   Data   RW          459    .data               heap_4.o
    0x2000001c   0x080030d8   0x0000000c   Data   RW          522    .data               port.o
    0x20000028   0x080030e4   0x0000003c   Data   RW          852    .data               tasks.o
    0x20000064   0x08003120   0x00000014   Data   RW         1140    .data               timers.o
    0x20000078   0x08003134   0x00000004   Data   RW         1266    .data               c_w.l(stdio_streams.o)
    0x2000007c   0x08003138   0x00000004   Data   RW         1267    .data               c_w.l(stdio_streams.o)
    0x20000080   0x0800313c   0x00000004   Data   RW         1268    .data               c_w.l(stdio_streams.o)


    Execution Region ER_ZI (Exec base: 0x20000084, Load base: 0x08003140, Size: 0x0000184c, Max: 0xffffffff, ABSOLUTE)

    Exec Addr    Load Addr    Size         Type   Attr      Idx    E Section Name        Object

    0x20000084        -       0x00001000   Zero   RW          458    .bss                heap_4.o
    0x20001084        -       0x000000c8   Zero   RW          851    .bss                tasks.o
    0x2000114c        -       0x00000028   Zero   RW         1139    .bss                timers.o
    0x20001174        -       0x00000054   Zero   RW         1263    .bss                c_w.l(stdio_streams.o)
    0x200011c8        -       0x00000054   Zero   RW         1264    .bss                c_w.l(stdio_streams.o)
    0x2000121c        -       0x00000054   Zero   RW         1265    .bss                c_w.l(stdio_streams.o)
    0x20001270        -       0x00000060   Zero   RW         1455    .bss                c_w.l(libspace.o)
    0x200012d0        -       0x00000200   Zero   RW          243    HEAP                startup_stm32f411xe.o
    0x200014d0        -       0x00000400   Zero   RW          242    STACK               startup_stm32f411xe.o


==============================================================================

Image component sizes


      Code (inc. data)   RO Data    RW Data    ZI Data      Debug   Object Name

         0          0          0          0          0       9816   event_groups.o
         0          0          0          0          0       2300   freertos_evr.o
       692         62          0         24       4096      13451   heap_4.o
       148          0          0          0          0       3838   list.o
       456        232          0          0          0     352141   main.o
      1014         92          0         12          0      12540   port.o
      1968         14          0          0          0      17435   queue.o
       388         30         23          0          0       7342   retarget_io.o
        64         26        408          0       1536        876   startup_stm32f411xe.o
         8          0          0          0          0        462   system.o
       292         40         24          4          0       2247   system_stm32f4xx.o
      2454        338          0         60        200      25753   tasks.o
      1202        108          0         20         40      13431   timers.o

    ----------------------------------------------------------------------
      8698        942        490        120       5872     461632   Object Totals
         0          0         32          0          0          0   (incl. Generated)
        12          0          3          0          0          0   (incl. Padding)

    ----------------------------------------------------------------------

      Code (inc. data)   RO Data    RW Data    ZI Data      Debug   Library Member Name

         8          0          0          0          0         68   __main.o
        40          0          0          0          0         84   __printf_nopercent.o
         0          0          0          0          0          0   __rtentry.o
        12          0          0          0          0          0   __rtentry2.o
         6          0          0          0          0          0   __rtentry4.o
        52          8          0          0          0          0   __scatter.o
        26          0          0          0          0          0   __scatter_copy.o
        28          0          0          0          0          0   __scatter_zi.o
        48          6          0          0          0         96   _printf_char_common.o
        36          4          0          0          0         80   _printf_char_file.o
        10          0          0          0          0         68   defsig_exit.o
        50          0          0          0          0         88   defsig_general.o
        80         58          0          0          0         76   defsig_rtmem_inner.o
        14          0          0          0          0         80   defsig_rtmem_outer.o
        52         38          0          0          0         76   defsig_rtred_inner.o
        14          0          0          0          0         80   defsig_rtred_outer.o
        18          0          0          0          0         80   exit.o
        76          0          0          0          0         88   fclose.o
         8          0          0          0          0         68   ferror.o
       470          0          0          0          0         88   flsbuf.o
       236          4          0          0          0        128   fopen.o
        26          0          0          0          0         68   fputc.o
       248          6          0          0          0         84   fseek.o
        66          0          0          0          0         76   ftell.o
        94          0          0          0          0         80   h1_alloc.o
        52          0          0          0          0         68   h1_extend.o
        78          0          0          0          0         80   h1_free.o
        14          0          0          0          0         84   h1_init.o
         6          0          0          0          0        152   heapauxi.o
         4          0          0          0          0        136   hguard.o
         0          0          0          0          0          0   indicate_semi.o
       138          0          0          0          0        168   init_alloc.o
       312         46          0          0          0        112   initio.o
         2          0          0          0          0          0   libinit.o
        18          0          0          0          0          0   libinit2.o
         2          0          0          0          0          0   libshutdown.o
         6          0          0          0          0          0   libshutdown2.o
         8          4          0          0         96         68   libspace.o
         0          0          0          0          0          0   maybetermalloc1.o
        24          4          0          0          0         84   noretval__2printf.o
         8          4          0          0          0         68   rt_errno_addr_intlibspace.o
         8          4          0          0          0         68   rt_heap_descriptor_intlibspace.o
        78          0          0          0          0         80   rt_memclr_w.o
       138          0          0          0          0         68   rt_memcpy_v6.o
       100          0          0          0          0         80   rt_memcpy_w.o
         2          0          0          0          0          0   rtexit.o
        10          0          0          0          0          0   rtexit2.o
        70          0          0          0          0         80   setvbuf.o
       240          6          0          0          0        156   stdio.o
         0          0          0         12        252          0   stdio_streams.o
       128          0          0          0          0         68   strcmpv7m.o
        12          4          0          0          0         68   sys_exit.o
        74          0          0          0          0         80   sys_stackheap_outer.o
        14          0          0          0          0         76   sys_wrch.o
         2          0          0          0          0         68   use_no_semi.o
        10          0          0          0          0        116   fpinit.o

    ----------------------------------------------------------------------
      3288        196          0         12        348       3584   Library Totals
        12          0          0          0          0          0   (incl. Padding)

    ----------------------------------------------------------------------

      Code (inc. data)   RO Data    RW Data    ZI Data      Debug   Library Name

      3266        196          0         12        348       3468   c_w.l
        10          0          0          0          0        116   fz_wm.l

    ----------------------------------------------------------------------
      3288        196          0         12        348       3584   Library Totals

    ----------------------------------------------------------------------

==============================================================================


      Code (inc. data)   RO Data    RW Data    ZI Data      Debug   

     11986       1138        490        132       6220     455592   Grand Totals
     11986       1138        490        132       6220     455592   ELF Image Totals
     11986       1138        490        132          0          0   ROM Totals

==============================================================================

    Total RO  Size (Code + RO Data)                12476 (  12.18kB)
    Total RW  Size (RW Data + ZI Data)              6352 (   6.20kB)
    Total ROM Size (Code + RO Data + RW Data)      12608 (  12.31kB)

==============================================================================

